Archive member included to satisfy reference by file (symbol)

D:/STM32CubeCLT/STM32CubeCLT_1.18.0/GNU-tools-for-STM32/bin/../lib/gcc/arm-none-eabi/13.3.1/../../../../arm-none-eabi/lib/thumb/v7-m/nofp\libm.a(libm_a-w_asin.o)
                              CMakeFiles/log.dir/common/Com_imu.c.obj (asin)
D:/STM32CubeCLT/STM32CubeCLT_1.18.0/GNU-tools-for-STM32/bin/../lib/gcc/arm-none-eabi/13.3.1/../../../../arm-none-eabi/lib/thumb/v7-m/nofp\libm.a(libm_a-s_fabs.o)
                              D:/STM32CubeCLT/STM32CubeCLT_1.18.0/GNU-tools-for-STM32/bin/../lib/gcc/arm-none-eabi/13.3.1/../../../../arm-none-eabi/lib/thumb/v7-m/nofp\libm.a(libm_a-w_asin.o) (fabs)
D:/STM32CubeCLT/STM32CubeCLT_1.18.0/GNU-tools-for-STM32/bin/../lib/gcc/arm-none-eabi/13.3.1/../../../../arm-none-eabi/lib/thumb/v7-m/nofp\libm.a(libm_a-wf_atan2.o)
                              CMakeFiles/log.dir/common/Com_imu.c.obj (atan2f)
D:/STM32CubeCLT/STM32CubeCLT_1.18.0/GNU-tools-for-STM32/bin/../lib/gcc/arm-none-eabi/13.3.1/../../../../arm-none-eabi/lib/thumb/v7-m/nofp\libm.a(libm_a-wf_pow.o)
                              CMakeFiles/log.dir/interface/Int_spl06.c.obj (powf)
D:/STM32CubeCLT/STM32CubeCLT_1.18.0/GNU-tools-for-STM32/bin/../lib/gcc/arm-none-eabi/13.3.1/../../../../arm-none-eabi/lib/thumb/v7-m/nofp\libm.a(libm_a-s_nan.o)
                              D:/STM32CubeCLT/STM32CubeCLT_1.18.0/GNU-tools-for-STM32/bin/../lib/gcc/arm-none-eabi/13.3.1/../../../../arm-none-eabi/lib/thumb/v7-m/nofp\libm.a(libm_a-w_asin.o) (nan)
D:/STM32CubeCLT/STM32CubeCLT_1.18.0/GNU-tools-for-STM32/bin/../lib/gcc/arm-none-eabi/13.3.1/../../../../arm-none-eabi/lib/thumb/v7-m/nofp\libm.a(libm_a-sf_finite.o)
                              D:/STM32CubeCLT/STM32CubeCLT_1.18.0/GNU-tools-for-STM32/bin/../lib/gcc/arm-none-eabi/13.3.1/../../../../arm-none-eabi/lib/thumb/v7-m/nofp\libm.a(libm_a-wf_pow.o) (finitef)
D:/STM32CubeCLT/STM32CubeCLT_1.18.0/GNU-tools-for-STM32/bin/../lib/gcc/arm-none-eabi/13.3.1/../../../../arm-none-eabi/lib/thumb/v7-m/nofp\libm.a(libm_a-e_asin.o)
                              D:/STM32CubeCLT/STM32CubeCLT_1.18.0/GNU-tools-for-STM32/bin/../lib/gcc/arm-none-eabi/13.3.1/../../../../arm-none-eabi/lib/thumb/v7-m/nofp\libm.a(libm_a-w_asin.o) (__ieee754_asin)
D:/STM32CubeCLT/STM32CubeCLT_1.18.0/GNU-tools-for-STM32/bin/../lib/gcc/arm-none-eabi/13.3.1/../../../../arm-none-eabi/lib/thumb/v7-m/nofp\libm.a(libm_a-ef_atan2.o)
                              D:/STM32CubeCLT/STM32CubeCLT_1.18.0/GNU-tools-for-STM32/bin/../lib/gcc/arm-none-eabi/13.3.1/../../../../arm-none-eabi/lib/thumb/v7-m/nofp\libm.a(libm_a-wf_atan2.o) (__ieee754_atan2f)
D:/STM32CubeCLT/STM32CubeCLT_1.18.0/GNU-tools-for-STM32/bin/../lib/gcc/arm-none-eabi/13.3.1/../../../../arm-none-eabi/lib/thumb/v7-m/nofp\libm.a(libm_a-ef_pow.o)
                              D:/STM32CubeCLT/STM32CubeCLT_1.18.0/GNU-tools-for-STM32/bin/../lib/gcc/arm-none-eabi/13.3.1/../../../../arm-none-eabi/lib/thumb/v7-m/nofp\libm.a(libm_a-wf_pow.o) (__ieee754_powf)
D:/STM32CubeCLT/STM32CubeCLT_1.18.0/GNU-tools-for-STM32/bin/../lib/gcc/arm-none-eabi/13.3.1/../../../../arm-none-eabi/lib/thumb/v7-m/nofp\libm.a(libm_a-sf_atan.o)
                              D:/STM32CubeCLT/STM32CubeCLT_1.18.0/GNU-tools-for-STM32/bin/../lib/gcc/arm-none-eabi/13.3.1/../../../../arm-none-eabi/lib/thumb/v7-m/nofp\libm.a(libm_a-ef_atan2.o) (atanf)
D:/STM32CubeCLT/STM32CubeCLT_1.18.0/GNU-tools-for-STM32/bin/../lib/gcc/arm-none-eabi/13.3.1/../../../../arm-none-eabi/lib/thumb/v7-m/nofp\libm.a(libm_a-sf_fabs.o)
                              D:/STM32CubeCLT/STM32CubeCLT_1.18.0/GNU-tools-for-STM32/bin/../lib/gcc/arm-none-eabi/13.3.1/../../../../arm-none-eabi/lib/thumb/v7-m/nofp\libm.a(libm_a-ef_atan2.o) (fabsf)
D:/STM32CubeCLT/STM32CubeCLT_1.18.0/GNU-tools-for-STM32/bin/../lib/gcc/arm-none-eabi/13.3.1/../../../../arm-none-eabi/lib/thumb/v7-m/nofp\libm.a(libm_a-sf_scalbn.o)
                              D:/STM32CubeCLT/STM32CubeCLT_1.18.0/GNU-tools-for-STM32/bin/../lib/gcc/arm-none-eabi/13.3.1/../../../../arm-none-eabi/lib/thumb/v7-m/nofp\libm.a(libm_a-ef_pow.o) (scalbnf)
D:/STM32CubeCLT/STM32CubeCLT_1.18.0/GNU-tools-for-STM32/bin/../lib/gcc/arm-none-eabi/13.3.1/../../../../arm-none-eabi/lib/thumb/v7-m/nofp\libm.a(libm_a-math_errf.o)
                              D:/STM32CubeCLT/STM32CubeCLT_1.18.0/GNU-tools-for-STM32/bin/../lib/gcc/arm-none-eabi/13.3.1/../../../../arm-none-eabi/lib/thumb/v7-m/nofp\libm.a(libm_a-ef_pow.o) (__math_uflowf)
D:/STM32CubeCLT/STM32CubeCLT_1.18.0/GNU-tools-for-STM32/bin/../lib/gcc/arm-none-eabi/13.3.1/../../../../arm-none-eabi/lib/thumb/v7-m/nofp\libm.a(libm_a-e_sqrt.o)
                              D:/STM32CubeCLT/STM32CubeCLT_1.18.0/GNU-tools-for-STM32/bin/../lib/gcc/arm-none-eabi/13.3.1/../../../../arm-none-eabi/lib/thumb/v7-m/nofp\libm.a(libm_a-e_asin.o) (__ieee754_sqrt)
D:/STM32CubeCLT/STM32CubeCLT_1.18.0/GNU-tools-for-STM32/bin/../lib/gcc/arm-none-eabi/13.3.1/../../../../arm-none-eabi/lib/thumb/v7-m/nofp\libm.a(libm_a-ef_sqrt.o)
[...]
Memory Configuration

Name             Origin             Length             Attributes
RAM              0x20000000         0x00002800         xrw
FLASH            0x08000000         0x00010000         xr
*default*        0x00000000         0xffffffff

Linker script and memory map

LOAD D:/STM32CubeCLT/STM32CubeCLT_1.18.0/GNU-tools-for-STM32/bin/../lib/gcc/arm-none-eabi/13.3.1/thumb/v7-m/nofp/crti.o
LOAD D:/STM32CubeCLT/STM32CubeCLT_1.18.0/GNU-tools-for-STM32/bin/../lib/gcc/arm-none-eabi/13.3.1/thumb/v7-m/nofp/crtbegin.o
LOAD D:/STM32CubeCLT/STM32CubeCLT_1.18.0/GNU-tools-for-STM32/bin/../lib/gcc/arm-none-eabi/13.3.1/../../../../arm-none-eabi/lib/thumb/v7-m/nofp/crt0.o
LOAD cmake/stm32cubemx/CMakeFiles/STM32_Drivers.dir/__/__/Core/Src/system_stm32f1xx.c.obj
LOAD cmake/stm32cubemx/CMakeFiles/STM32_Drivers.dir/__/__/Drivers/STM32F1xx_HAL_Driver/Src/stm32f1xx_hal_gpio_ex.c.obj
LOAD cmake/stm32cubemx/CMakeFiles/STM32_Drivers.dir/__/__/Drivers/STM32F1xx_HAL_Driver/Src/stm32f1xx_hal_i2c.c.obj
LOAD cmake/stm32cubemx/CMakeFiles/STM32_Drivers.dir/__/__/Drivers/STM32F1xx_HAL_Driver/Src/stm32f1xx_hal.c.obj
LOAD cmake/stm32cubemx/CMakeFiles/STM32_Drivers.dir/__/__/Drivers/STM32F1xx_HAL_Driver/Src/stm32f1xx_hal_rcc.c.obj
LOAD cmake/stm32cubemx/CMakeFiles/STM32_Drivers.dir/__/__/Drivers/STM32F1xx_HAL_Driver/Src/stm32f1xx_hal_rcc_ex.c.obj
LOAD cmake/stm32cubemx/CMakeFiles/STM32_Drivers.dir/__/__/Drivers/STM32F1xx_HAL_Driver/Src/stm32f1xx_hal_gpio.c.obj
LOAD cmake/stm32cubemx/CMakeFiles/STM32_Drivers.dir/__/__/Drivers/STM32F1xx_HAL_Driver/Src/stm32f1xx_hal_dma.c.obj
LOAD cmake/stm32cubemx/CMakeFiles/STM32_Drivers.dir/__/__/Drivers/STM32F1xx_HAL_Driver/Src/stm32f1xx_hal_cortex.c.obj
LOAD cmake/stm32cubemx/CMakeFiles/STM32_Drivers.dir/__/__/Drivers/STM32F1xx_HAL_Driver/Src/stm32f1xx_hal_pwr.c.obj
LOAD cmake/stm32cubemx/CMakeFiles/STM32_Drivers.dir/__/__/Drivers/STM32F1xx_HAL_Driver/Src/stm32f1xx_hal_flash.c.obj
LOAD cmake/stm32cubemx/CMakeFiles/STM32_Drivers.dir/__/__/Drivers/STM32F1xx_HAL_Driver/Src/stm32f1xx_hal_flash_ex.c.obj
LOAD cmake/stm32cubemx/CMakeFiles/STM32_Drivers.dir/__/__/Drivers/STM32F1xx_HAL_Driver/Src/stm32f1xx_hal_exti.c.obj
LOAD cmake/stm32cubemx/CMakeFiles/STM32_Drivers.dir/__/__/Drivers/STM32F1xx_HAL_Driver/Src/stm32f1xx_hal_spi.c.obj
LOAD cmake/stm32cubemx/CMakeFiles/STM32_Drivers.dir/__/__/Drivers/STM32F1xx_HAL_Driver/Src/stm32f1xx_hal_tim.c.obj
LOAD cmake/stm32cubemx/CMakeFiles/STM32_Drivers.dir/__/__/Drivers/STM32F1xx_HAL_Driver/Src/stm32f1xx_hal_tim_ex.c.obj
LOAD cmake/stm32cubemx/CMakeFiles/STM32_Drivers.dir/__/__/Drivers/STM32F1xx_HAL_Driver/Src/stm32f1xx_hal_uart.c.obj
LOAD CMakeFiles/log.dir/Core/Src/main.c.obj
LOAD CMakeFiles/log.dir/Core/Src/gpio.c.obj
LOAD CMakeFiles/log.dir/Core/Src/i2c.c.obj
LOAD CMakeFiles/log.dir/Core/Src/spi.c.obj
LOAD CMakeFiles/log.dir/Core/Src/tim.c.obj
LOAD CMakeFiles/log.dir/Core/Src/usart.c.obj
LOAD CMakeFiles/log.dir/Core/Src/stm32f1xx_it.c.obj
LOAD CMakeFiles/log.dir/Core/Src/stm32f1xx_hal_msp.c.obj
LOAD CMakeFiles/log.dir/Core/Src/sysmem.c.obj
LOAD CMakeFiles/log.dir/Core/Src/syscalls.c.obj
LOAD CMakeFiles/log.dir/startup_stm32f103xb.s.obj
LOAD CMakeFiles/log.dir/common/Com_debug.c.obj
LOAD CMakeFiles/log.dir/common/Com_pid.c.obj
LOAD CMakeFiles/log.dir/common/Com_filter.c.obj
LOAD CMakeFiles/log.dir/common/Com_imu.c.obj
LOAD CMakeFiles/log.dir/FreeRTOS/croutine.c.obj
LOAD CMakeFiles/log.dir/FreeRTOS/event_groups.c.obj
LOAD CMakeFiles/log.dir/FreeRTOS/list.c.obj
LOAD CMakeFiles/log.dir/FreeRTOS/queue.c.obj
LOAD CMakeFiles/log.dir/FreeRTOS/stream_buffer.c.obj
LOAD CMakeFiles/log.dir/FreeRTOS/tasks.c.obj
LOAD CMakeFiles/log.dir/FreeRTOS/timers.c.obj
LOAD CMakeFiles/log.dir/FreeRTOS/portable/heap_4.c.obj
LOAD CMakeFiles/log.dir/FreeRTOS/portable/port.c.obj
LOAD CMakeFiles/log.dir/Application/App_freeRTOS_Task.c.obj
LOAD CMakeFiles/log.dir/Application/Init.c.obj
LOAD CMakeFiles/log.dir/Application/App_flight.c.obj
LOAD CMakeFiles/log.dir/Application/App_receive_data.c.obj
LOAD CMakeFiles/log.dir/interface/Int_led.c.obj
LOAD CMakeFiles/log.dir/interface/Int_motor.c.obj
LOAD CMakeFiles/log.dir/interface/Int_nRF24L01.c.obj
LOAD CMakeFiles/log.dir/interface/Int_mpu6050.c.obj
LOAD CMakeFiles/log.dir/interface/Int_spl06.c.obj
LOAD D:/STM32CubeCLT/STM32CubeCLT_1.18.0/GNU-tools-for-STM32/bin/../lib/gcc/arm-none-eabi/13.3.1/../../../../arm-none-eabi/lib/thumb/v7-m/nofp\libm.a
START GROUP
LOAD D:/STM32CubeCLT/STM32CubeCLT_1.18.0/GNU-tools-for-STM32/bin/../lib/gcc/arm-none-eabi/13.3.1/thumb/v7-m/nofp\libgcc.a
LOAD D:/STM32CubeCLT/STM32CubeCLT_1.18.0/GNU-tools-for-STM32/bin/../lib/gcc/arm-none-eabi/13.3.1/../../../../arm-none-eabi/lib/thumb/v7-m/nofp\libg_nano.a
LOAD D:/STM32CubeCLT/STM32CubeCLT_1.18.0/GNU-tools-for-STM32/bin/../lib/gcc/arm-none-eabi/13.3.1/../../../../arm-none-eabi/lib/thumb/v7-m/nofp\libc_nano.a
END GROUP
START GROUP
LOAD D:/STM32CubeCLT/STM32CubeCLT_1.18.0/GNU-tools-for-STM32/bin/../lib/gcc/arm-none-eabi/13.3.1/thumb/v7-m/nofp\libgcc.a
LOAD D:/STM32CubeCLT/STM32CubeCLT_1.18.0/GNU-tools-for-STM32/bin/../lib/gcc/arm-none-eabi/13.3.1/../../../../arm-none-eabi/lib/thumb/v7-m/nofp\libc_nano.a
END GROUP
LOAD D:/STM32CubeCLT/STM32CubeCLT_1.18.0/GNU-tools-for-STM32/bin/../lib/gcc/arm-none-eabi/13.3.1/thumb/v7-m/nofp/crtend.o
LOAD D:/STM32CubeCLT/STM32CubeCLT_1.18.0/GNU-tools-for-STM32/bin/../lib/gcc/arm-none-eabi/13.3.1/thumb/v7-m/nofp/crtn.o
                0x20002800                        _estack = (ORIGIN (RAM) + LENGTH (RAM))
                0x00000200                        _Min_Heap_Size = 0x200
                0x00000400                        _Min_Stack_Size = 0x400

.isr_vector     0x08000000      0x10c
                0x08000000                        . = ALIGN (0x4)
 *(.isr_vector)
 .isr_vector    0x08000000      0x10c CMakeFiles/log.dir/startup_stm32f103xb.s.obj
                0x08000000                g_pfnVectors
                0x0800010c                        . = ALIGN (0x4)

.text           0x08000110     0x546c
                0x08000110                        . = ALIGN (0x4)
 *(.text)
 .text          0x08000110       0x40 D:/STM32CubeCLT/STM32CubeCLT_1.18.0/GNU-tools-for-STM32/bin/../lib/gcc/arm-none-eabi/13.3.1/thumb/v7-m/nofp/crtbegin.o
 *(.text*)
 .text.SystemInit
                0x08000150        0xc cmake/stm32cubemx/CMakeFiles/STM32_Drivers.dir/__/__/Core/Src/system_stm32f1xx.c.obj
                0x08000150                SystemInit
 .text.HAL_I2C_Init
                0x0800015c      0x288 cmake/stm32cubemx/CMakeFiles/STM32_Drivers.dir/__/__/Drivers/STM32F1xx_HAL_Driver/Src/stm32f1xx_hal_i2c.c.obj
                0x0800015c                HAL_I2C_Init
 .text.HAL_Init
                0x080003e4       0x2c cmake/stm32cubemx/CMakeFiles/STM32_Drivers.dir/__/__/Drivers/STM32F1xx_HAL_Driver/Src/stm32f1xx_hal.c.obj
                0x080003e4                HAL_Init
 .text.HAL_InitTick
                0x08000410       0x60 cmake/stm32cubemx/CMakeFiles/STM32_Drivers.dir/__/__/Drivers/STM32F1xx_HAL_Driver/Src/stm32f1xx_hal.c.obj
                0x08000410                HAL_InitTick
 .text.HAL_IncTick
                0x08000470       0x24 cmake/stm32cubemx/CMakeFiles/STM32_Drivers.dir/__/__/Drivers/STM32F1xx_HAL_Driver/Src/stm32f1xx_hal.c.obj
                0x08000470                HAL_IncTick
 .text.HAL_GetTick
                0x08000494       0x14 cmake/stm32cubemx/CMakeFiles/STM32_Drivers.dir/__/__/Drivers/STM32F1xx_HAL_Driver/Src/stm32f1xx_hal.c.obj
                0x08000494                HAL_GetTick
 .text.HAL_Delay
                0x080004a8       0x48 cmake/stm32cubemx/CMakeFiles/STM32_Drivers.dir/__/__/Drivers/STM32F1xx_HAL_Driver/Src/stm32f1xx_hal.c.obj
                0x080004a8                HAL_Delay
 .text.HAL_RCC_OscConfig
                0x080004f0      0x504 cmake/stm32cubemx/CMakeFiles/STM32_Drivers.dir/__/__/Drivers/STM32F1xx_HAL_Driver/Src/stm32f1xx_hal_rcc.c.obj
                0x080004f0                HAL_RCC_OscConfig
 .text.HAL_RCC_ClockConfig
                0x080009f4      0x1d4 cmake/stm32cubemx/CMakeFiles/STM32_Drivers.dir/__/__/Drivers/STM32F1xx_HAL_Driver/Src/stm32f1xx_hal_rcc.c.obj
                0x080009f4                HAL_RCC_ClockConfig
 .text.HAL_RCC_GetSysClockFreq
                0x08000bc8       0xa8 cmake/stm32cubemx/CMakeFiles/STM32_Drivers.dir/__/__/Drivers/STM32F1xx_HAL_Driver/Src/stm32f1xx_hal_rcc.c.obj
                0x08000bc8                HAL_RCC_GetSysClockFreq
 .text.HAL_RCC_GetHCLKFreq
                0x08000c70       0x14 cmake/stm32cubemx/CMakeFiles/STM32_Drivers.dir/__/__/Drivers/STM32F1xx_HAL_Driver/Src/stm32f1xx_hal_rcc.c.obj
                0x08000c70                HAL_RCC_GetHCLKFreq
 .text.HAL_RCC_GetPCLK1Freq
                0x08000c84       0x28 cmake/stm32cubemx/CMakeFiles/STM32_Drivers.dir/__/__/Drivers/STM32F1xx_HAL_Driver/Src/stm32f1xx_hal_rcc.c.obj
                0x08000c84                HAL_RCC_GetPCLK1Freq
 .text.HAL_RCC_GetPCLK2Freq
                0x08000cac       0x28 cmake/stm32cubemx/CMakeFiles/STM32_Drivers.dir/__/__/Drivers/STM32F1xx_HAL_Driver/Src/stm32f1xx_hal_rcc.c.obj
                0x08000cac                HAL_RCC_GetPCLK2Freq
 .text.RCC_Delay
                0x08000cd4       0x3c cmake/stm32cubemx/CMakeFiles/STM32_Drivers.dir/__/__/Drivers/STM32F1xx_HAL_Driver/Src/stm32f1xx_hal_rcc.c.obj
 .text.HAL_GPIO_Init
                0x08000d10      0x308 cmake/stm32cubemx/CMakeFiles/STM32_Drivers.dir/__/__/Drivers/STM32F1xx_HAL_Driver/Src/stm32f1xx_hal_gpio.c.obj
                0x08000d10                HAL_GPIO_Init
 .text.HAL_GPIO_WritePin
                0x08001018       0x30 cmake/stm32cubemx/CMakeFiles/STM32_Drivers.dir/__/__/Drivers/STM32F1xx_HAL_Driver/Src/stm32f1xx_hal_gpio.c.obj
                0x08001018                HAL_GPIO_WritePin
 .text.__NVIC_SetPriorityGrouping
                0x08001048       0x48 cmake/stm32cubemx/CMakeFiles/STM32_Drivers.dir/__/__/Drivers/STM32F1xx_HAL_Driver/Src/stm32f1xx_hal_cortex.c.obj
 .text.__NVIC_GetPriorityGrouping
                0x08001090       0x1c cmake/stm32cubemx/CMakeFiles/STM32_Drivers.dir/__/__/Drivers/STM32F1xx_HAL_Driver/Src/stm32f1xx_hal_cortex.c.obj
 .text.__NVIC_SetPriority
                0x080010ac       0x54 cmake/stm32cubemx/CMakeFiles/STM32_Drivers.dir/__/__/Drivers/STM32F1xx_HAL_Driver/Src/stm32f1xx_hal_cortex.c.obj
 .text.NVIC_EncodePriority
                0x08001100       0x64 cmake/stm32cubemx/CMakeFiles/STM32_Drivers.dir/__/__/Drivers/STM32F1xx_HAL_Driver/Src/stm32f1xx_hal_cortex.c.obj
 .text.SysTick_Config
                0x08001164       0x44 cmake/stm32cubemx/CMakeFiles/STM32_Drivers.dir/__/__/Drivers/STM32F1xx_HAL_Driver/Src/stm32f1xx_hal_cortex.c.obj
 .text.HAL_NVIC_SetPriorityGrouping
                0x080011a8       0x16 cmake/stm32cubemx/CMakeFiles/STM32_Drivers.dir/__/__/Drivers/STM32F1xx_HAL_Driver/Src/stm32f1xx_hal_cortex.c.obj
                0x080011a8                HAL_NVIC_SetPriorityGrouping
 .text.HAL_NVIC_SetPriority
                0x080011be       0x38 cmake/stm32cubemx/CMakeFiles/STM32_Drivers.dir/__/__/Drivers/STM32F1xx_HAL_Driver/Src/stm32f1xx_hal_cortex.c.obj
                0x080011be                HAL_NVIC_SetPriority
 .text.HAL_SYSTICK_Config
                0x080011f6       0x18 cmake/stm32cubemx/CMakeFiles/STM32_Drivers.dir/__/__/Drivers/STM32F1xx_HAL_Driver/Src/stm32f1xx_hal_cortex.c.obj
                0x080011f6                HAL_SYSTICK_Config
 .text.HAL_SPI_Init
                0x0800120e      0x108 cmake/stm32cubemx/CMakeFiles/STM32_Drivers.dir/__/__/Drivers/STM32F1xx_HAL_Driver/Src/stm32f1xx_hal_spi.c.obj
                0x0800120e                HAL_SPI_Init
 .text.HAL_SPI_TransmitReceive
                0x08001316      0x352 cmake/stm32cubemx/CMakeFiles/STM32_Drivers.dir/__/__/Drivers/STM32F1xx_HAL_Driver/Src/stm32f1xx_hal_spi.c.obj
                0x08001316                HAL_SPI_TransmitReceive
 .text.SPI_WaitFlagStateUntilTimeout
                0x08001668      0x110 cmake/stm32cubemx/CMakeFiles/STM32_Drivers.dir/__/__/Drivers/STM32F1xx_HAL_Driver/Src/stm32f1xx_hal_spi.c.obj
 .text.SPI_EndRxTxTransaction
                0x08001778       0x62 cmake/stm32cubemx/CMakeFiles/STM32_Drivers.dir/__/__/Drivers/STM32F1xx_HAL_Driver/Src/stm32f1xx_hal_spi.c.obj
 .text.HAL_TIM_Base_Init
                0x080017da       0x9e cmake/stm32cubemx/CMakeFiles/STM32_Drivers.dir/__/__/Drivers/STM32F1xx_HAL_Driver/Src/stm32f1xx_hal_tim.c.obj
                0x080017da                HAL_TIM_Base_Init
 .text.HAL_TIM_PWM_Init
                0x08001878       0x9e cmake/stm32cubemx/CMakeFiles/STM32_Drivers.dir/__/__/Drivers/STM32F1xx_HAL_Driver/Src/stm32f1xx_hal_tim.c.obj
                0x08001878                HAL_TIM_PWM_Init
 .text.HAL_TIM_PWM_MspInit
                0x08001916       0x12 cmake/stm32cubemx/CMakeFiles/STM32_Drivers.dir/__/__/Drivers/STM32F1xx_HAL_Driver/Src/stm32f1xx_hal_tim.c.obj
                0x08001916                HAL_TIM_PWM_MspInit
 .text.HAL_TIM_PWM_ConfigChannel
                0x08001928      0x184 cmake/stm32cubemx/CMakeFiles/STM32_Drivers.dir/__/__/Drivers/STM32F1xx_HAL_Driver/Src/stm32f1xx_hal_tim.c.obj
                0x08001928                HAL_TIM_PWM_ConfigChannel
 .text.HAL_TIM_ConfigClockSource
                0x08001aac      0x18e cmake/stm32cubemx/CMakeFiles/STM32_Drivers.dir/__/__/Drivers/STM32F1xx_HAL_Driver/Src/stm32f1xx_hal_tim.c.obj
                0x08001aac                HAL_TIM_ConfigClockSource
 *fill*         0x08001c3a        0x2 
 .text.TIM_Base_SetConfig
                0x08001c3c       0xdc cmake/stm32cubemx/CMakeFiles/STM32_Drivers.dir/__/__/Drivers/STM32F1xx_HAL_Driver/Src/stm32f1xx_hal_tim.c.obj
                0x08001c3c                TIM_Base_SetConfig
 .text.TIM_OC1_SetConfig
                0x08001d18       0xcc cmake/stm32cubemx/CMakeFiles/STM32_Drivers.dir/__/__/Drivers/STM32F1xx_HAL_Driver/Src/stm32f1xx_hal_tim.c.obj
 .text.TIM_OC2_SetConfig
                0x08001de4       0xd4 cmake/stm32cubemx/CMakeFiles/STM32_Drivers.dir/__/__/Drivers/STM32F1xx_HAL_Driver/Src/stm32f1xx_hal_tim.c.obj
                0x08001de4                TIM_OC2_SetConfig
 .text.TIM_OC3_SetConfig
                0x08001eb8       0xd4 cmake/stm32cubemx/CMakeFiles/STM32_Drivers.dir/__/__/Drivers/STM32F1xx_HAL_Driver/Src/stm32f1xx_hal_tim.c.obj
 .text.TIM_OC4_SetConfig
                0x08001f8c       0x9c cmake/stm32cubemx/CMakeFiles/STM32_Drivers.dir/__/__/Drivers/STM32F1xx_HAL_Driver/Src/stm32f1xx_hal_tim.c.obj
 .text.TIM_TI1_ConfigInputStage
                0x08002028       0x5c cmake/stm32cubemx/CMakeFiles/STM32_Drivers.dir/__/__/Drivers/STM32F1xx_HAL_Driver/Src/stm32f1xx_hal_tim.c.obj
 .text.TIM_TI2_ConfigInputStage
                0x08002084       0x5e cmake/stm32cubemx/CMakeFiles/STM32_Drivers.dir/__/__/Drivers/STM32F1xx_HAL_Driver/Src/stm32f1xx_hal_tim.c.obj
 .text.TIM_ITRx_SetConfig
                0x080020e2       0x34 cmake/stm32cubemx/CMakeFiles/STM32_Drivers.dir/__/__/Drivers/STM32F1xx_HAL_Driver/Src/stm32f1xx_hal_tim.c.obj
 .text.TIM_ETR_SetConfig
                0x08002116       0x3e cmake/stm32cubemx/CMakeFiles/STM32_Drivers.dir/__/__/Drivers/STM32F1xx_HAL_Driver/Src/stm32f1xx_hal_tim.c.obj
                0x08002116                TIM_ETR_SetConfig
 .text.HAL_TIMEx_MasterConfigSynchronization
                0x08002154       0xbc cmake/stm32cubemx/CMakeFiles/STM32_Drivers.dir/__/__/Drivers/STM32F1xx_HAL_Driver/Src/stm32f1xx_hal_tim_ex.c.obj
                0x08002154                HAL_TIMEx_MasterConfigSynchronization
 .text.HAL_TIMEx_ConfigBreakDeadTime
                0x08002210       0xa2 cmake/stm32cubemx/CMakeFiles/STM32_Drivers.dir/__/__/Drivers/STM32F1xx_HAL_Driver/Src/stm32f1xx_hal_tim_ex.c.obj
                0x08002210                HAL_TIMEx_ConfigBreakDeadTime
 .text.HAL_UART_Init
                0x080022b2       0xa0 cmake/stm32cubemx/CMakeFiles/STM32_Drivers.dir/__/__/Drivers/STM32F1xx_HAL_Driver/Src/stm32f1xx_hal_uart.c.obj
                0x080022b2                HAL_UART_Init
 .text.HAL_UART_Transmit
                0x08002352      0x116 cmake/stm32cubemx/CMakeFiles/STM32_Drivers.dir/__/__/Drivers/STM32F1xx_HAL_Driver/Src/stm32f1xx_hal_uart.c.obj
                0x08002352                HAL_UART_Transmit
 .text.UART_WaitOnFlagUntilTimeout
                0x08002468       0xb2 cmake/stm32cubemx/CMakeFiles/STM32_Drivers.dir/__/__/Drivers/STM32F1xx_HAL_Driver/Src/stm32f1xx_hal_uart.c.obj
 .text.UART_EndRxTransfer
                0x0800251a       0xc4 cmake/stm32cubemx/CMakeFiles/STM32_Drivers.dir/__/__/Drivers/STM32F1xx_HAL_Driver/Src/stm32f1xx_hal_uart.c.obj
 *fill*         0x080025de        0x2 
 .text.UART_SetConfig
                0x080025e0      0x11c cmake/stm32cubemx/CMakeFiles/STM32_Drivers.dir/__/__/Drivers/STM32F1xx_HAL_Driver/Src/stm32f1xx_hal_uart.c.obj
 .text.Error_Handler
                0x080026fc        0x4 CMakeFiles/log.dir/Core/Src/main.c.obj
                0x080026fc                Error_Handler
 .text.SystemClock_Config
                0x08002700       0x64 CMakeFiles/log.dir/Core/Src/main.c.obj
                0x08002700                SystemClock_Config
 .text.main     0x08002764       0x34 CMakeFiles/log.dir/Core/Src/main.c.obj
                0x08002764                main
 .text.MX_GPIO_Init
                0x08002798       0xe0 CMakeFiles/log.dir/Core/Src/gpio.c.obj
                0x08002798                MX_GPIO_Init
 .text.MX_I2C1_Init
                0x08002878       0x3c CMakeFiles/log.dir/Core/Src/i2c.c.obj
                0x08002878                MX_I2C1_Init
 .text.MX_I2C2_Init
                0x080028b4       0x3c CMakeFiles/log.dir/Core/Src/i2c.c.obj
                0x080028b4                MX_I2C2_Init
 .text.HAL_I2C_MspInit
                0x080028f0       0xac CMakeFiles/log.dir/Core/Src/i2c.c.obj
                0x080028f0                HAL_I2C_MspInit
 .text.MX_SPI1_Init
                0x0800299c       0x44 CMakeFiles/log.dir/Core/Src/spi.c.obj
                0x0800299c                MX_SPI1_Init
 .text.HAL_SPI_MspInit
                0x080029e0       0x74 CMakeFiles/log.dir/Core/Src/spi.c.obj
                0x080029e0                HAL_SPI_MspInit
 .text.HAL_TIM_Base_MspInit
                0x08002a54       0x88 CMakeFiles/log.dir/Core/Src/tim.c.obj
                0x08002a54                HAL_TIM_Base_MspInit
 .text.HAL_TIM_MspPostInit
                0x08002adc      0x100 CMakeFiles/log.dir/Core/Src/tim.c.obj
                0x08002adc                HAL_TIM_MspPostInit
 .text.MX_TIM1_Init
                0x08002bdc       0xf0 CMakeFiles/log.dir/Core/Src/tim.c.obj
                0x08002bdc                MX_TIM1_Init
 .text.MX_TIM2_Init
                0x08002ccc       0xb4 CMakeFiles/log.dir/Core/Src/tim.c.obj
                0x08002ccc                MX_TIM2_Init
 .text.MX_TIM3_Init
                0x08002d80       0xb0 CMakeFiles/log.dir/Core/Src/tim.c.obj
                0x08002d80                MX_TIM3_Init
 .text.MX_TIM4_Init
                0x08002e30       0xb4 CMakeFiles/log.dir/Core/Src/tim.c.obj
                0x08002e30                MX_TIM4_Init
 .text.MX_USART2_UART_Init
                0x08002ee4       0x34 CMakeFiles/log.dir/Core/Src/usart.c.obj
                0x08002ee4                MX_USART2_UART_Init
 .text.HAL_UART_MspInit
                0x08002f18       0x74 CMakeFiles/log.dir/Core/Src/usart.c.obj
                0x08002f18                HAL_UART_MspInit
 .text.NMI_Handler
                0x08002f8c        0x2 CMakeFiles/log.dir/Core/Src/stm32f1xx_it.c.obj
                0x08002f8c                NMI_Handler
 .text.HardFault_Handler
                0x08002f8e        0x2 CMakeFiles/log.dir/Core/Src/stm32f1xx_it.c.obj
                0x08002f8e                HardFault_Handler
 .text.MemManage_Handler
                0x08002f90        0x2 CMakeFiles/log.dir/Core/Src/stm32f1xx_it.c.obj
                0x08002f90                MemManage_Handler
 .text.BusFault_Handler
                0x08002f92        0x2 CMakeFiles/log.dir/Core/Src/stm32f1xx_it.c.obj
                0x08002f92                BusFault_Handler
 .text.UsageFault_Handler
                0x08002f94        0x2 CMakeFiles/log.dir/Core/Src/stm32f1xx_it.c.obj
                0x08002f94                UsageFault_Handler
 .text.DebugMon_Handler
                0x08002f96        0x2 CMakeFiles/log.dir/Core/Src/stm32f1xx_it.c.obj
                0x08002f96                DebugMon_Handler
 .text.SysTick_Handler
                0x08002f98       0x16 CMakeFiles/log.dir/Core/Src/stm32f1xx_it.c.obj
                0x08002f98                SysTick_Handler
 *fill*         0x08002fae        0x2 
 .text.HAL_MspInit
                0x08002fb0       0x44 CMakeFiles/log.dir/Core/Src/stm32f1xx_hal_msp.c.obj
                0x08002fb0                HAL_MspInit
 .text._sbrk    0x08002ff4       0x48 CMakeFiles/log.dir/Core/Src/sysmem.c.obj
                0x08002ff4                _sbrk
 .text._read    0x0800303c       0x20 CMakeFiles/log.dir/Core/Src/syscalls.c.obj
                0x0800303c                _read
 .text._write   0x0800305c       0x1c CMakeFiles/log.dir/Core/Src/syscalls.c.obj
                0x0800305c                _write
 .text._close   0x08003078        0x6 CMakeFiles/log.dir/Core/Src/syscalls.c.obj
                0x08003078                _close
 .text._fstat   0x0800307e        0xa CMakeFiles/log.dir/Core/Src/syscalls.c.obj
                0x0800307e                _fstat
 .text._isatty  0x08003088        0x4 CMakeFiles/log.dir/Core/Src/syscalls.c.obj
                0x08003088                _isatty
 .text._lseek   0x0800308c        0x4 CMakeFiles/log.dir/Core/Src/syscalls.c.obj
                0x0800308c                _lseek
 .text.Reset_Handler
                0x08003090       0x48 CMakeFiles/log.dir/startup_stm32f103xb.s.obj
                0x08003090                Reset_Handler
 .text.Default_Handler
                0x080030d8        0x2 CMakeFiles/log.dir/startup_stm32f103xb.s.obj
                0x080030d8                RTC_Alarm_IRQHandler
                0x080030d8                EXTI2_IRQHandler
                0x080030d8                TIM1_CC_IRQHandler
                0x080030d8                PVD_IRQHandler
                0x080030d8                EXTI3_IRQHandler
                0x080030d8                EXTI0_IRQHandler
                0x080030d8                I2C2_EV_IRQHandler
                0x080030d8                ADC1_2_IRQHandler
                0x080030d8                SPI1_IRQHandler
                0x080030d8                TAMPER_IRQHandler
                0x080030d8                DMA1_Channel4_IRQHandler
                0x080030d8                USART3_IRQHandler
                0x080030d8                RTC_IRQHandler
                0x080030d8                DMA1_Channel7_IRQHandler
                0x080030d8                CAN1_RX1_IRQHandler
                0x080030d8                TIM4_IRQHandler
                0x080030d8                I2C1_EV_IRQHandler
                0x080030d8                DMA1_Channel6_IRQHandler
                0x080030d8                TIM3_IRQHandler
                0x080030d8                RCC_IRQHandler
                0x080030d8                TIM1_TRG_COM_IRQHandler
                0x080030d8                DMA1_Channel1_IRQHandler
                0x080030d8                Default_Handler
                0x080030d8                EXTI15_10_IRQHandler
                0x080030d8                EXTI9_5_IRQHandler
                0x080030d8                SPI2_IRQHandler
                0x080030d8                DMA1_Channel5_IRQHandler
                0x080030d8                EXTI4_IRQHandler
                0x080030d8                USB_LP_CAN1_RX0_IRQHandler
                0x080030d8                USB_HP_CAN1_TX_IRQHandler
                0x080030d8                DMA1_Channel3_IRQHandler
                0x080030d8                TIM1_UP_IRQHandler
                0x080030d8                WWDG_IRQHandler
                0x080030d8                TIM2_IRQHandler
                0x080030d8                TIM1_BRK_IRQHandler
                0x080030d8                EXTI1_IRQHandler
                0x080030d8                USART2_IRQHandler
                0x080030d8                I2C2_ER_IRQHandler
                0x080030d8                DMA1_Channel2_IRQHandler
                0x080030d8                CAN1_SCE_IRQHandler
                0x080030d8                FLASH_IRQHandler
                0x080030d8                USART1_IRQHandler
                0x080030d8                I2C1_ER_IRQHandler
                0x080030d8                USBWakeUp_IRQHandler
 *fill*         0x080030da        0x2 
 .text.__io_putchar
                0x080030dc       0x20 CMakeFiles/log.dir/common/Com_debug.c.obj
                0x080030dc                __io_putchar
 .text.vListInitialise
                0x080030fc       0x16 CMakeFiles/log.dir/FreeRTOS/list.c.obj
                0x080030fc                vListInitialise
 .text.vListInitialiseItem
                0x08003112        0x6 CMakeFiles/log.dir/FreeRTOS/list.c.obj
                0x08003112                vListInitialiseItem
 .text.vListInsert
                0x08003118       0x32 CMakeFiles/log.dir/FreeRTOS/list.c.obj
                0x08003118                vListInsert
 .text.uxListRemove
                0x0800314a       0x26 CMakeFiles/log.dir/FreeRTOS/list.c.obj
                0x0800314a                uxListRemove
 .text.prvResetNextTaskUnblockTime
                0x08003170       0x28 CMakeFiles/log.dir/FreeRTOS/tasks.c.obj
 .text.prvDeleteTCB
                0x08003198       0x12 CMakeFiles/log.dir/FreeRTOS/tasks.c.obj
 .text.prvInitialiseNewTask
                0x080031aa       0x90 CMakeFiles/log.dir/FreeRTOS/tasks.c.obj
 *fill*         0x0800323a        0x2 
 .text.prvInitialiseTaskLists
                0x0800323c       0x68 CMakeFiles/log.dir/FreeRTOS/tasks.c.obj
 .text.prvAddNewTaskToReadyList
                0x080032a4       0xc8 CMakeFiles/log.dir/FreeRTOS/tasks.c.obj
 .text.prvCheckTasksWaitingTermination
                0x0800336c       0x4c CMakeFiles/log.dir/FreeRTOS/tasks.c.obj
 .text.prvIdleTask
                0x080033b8       0x28 CMakeFiles/log.dir/FreeRTOS/tasks.c.obj
 .text.prvAddCurrentTaskToDelayedList
                0x080033e0       0xb0 CMakeFiles/log.dir/FreeRTOS/tasks.c.obj
 .text.xTaskCreate
                0x08003490       0x68 CMakeFiles/log.dir/FreeRTOS/tasks.c.obj
                0x08003490                xTaskCreate
 .text.vTaskStartScheduler
                0x080034f8       0x6c CMakeFiles/log.dir/FreeRTOS/tasks.c.obj
                0x080034f8                vTaskStartScheduler
 .text.vTaskSuspendAll
                0x08003564       0x10 CMakeFiles/log.dir/FreeRTOS/tasks.c.obj
                0x08003564                vTaskSuspendAll
 .text.xTaskGetTickCount
                0x08003574        0xc CMakeFiles/log.dir/FreeRTOS/tasks.c.obj
                0x08003574                xTaskGetTickCount
 .text.xTaskIncrementTick
                0x08003580      0x160 CMakeFiles/log.dir/FreeRTOS/tasks.c.obj
                0x08003580                xTaskIncrementTick
 .text.xTaskResumeAll
                0x080036e0      0x134 CMakeFiles/log.dir/FreeRTOS/tasks.c.obj
                0x080036e0                xTaskResumeAll
 .text.xTaskDelayUntil
                0x08003814       0x6c CMakeFiles/log.dir/FreeRTOS/tasks.c.obj
                0x08003814                xTaskDelayUntil
 .text.vTaskSwitchContext
                0x08003880       0x78 CMakeFiles/log.dir/FreeRTOS/tasks.c.obj
                0x08003880                vTaskSwitchContext
 .text.xTaskGetSchedulerState
                0x080038f8       0x20 CMakeFiles/log.dir/FreeRTOS/tasks.c.obj
                0x080038f8                xTaskGetSchedulerState
 .text.prvHeapInit
                0x08003918       0x58 CMakeFiles/log.dir/FreeRTOS/portable/heap_4.c.obj
 .text.prvInsertBlockIntoFreeList
                0x08003970       0x60 CMakeFiles/log.dir/FreeRTOS/portable/heap_4.c.obj
 .text.pvPortMalloc
                0x080039d0       0xc4 CMakeFiles/log.dir/FreeRTOS/portable/heap_4.c.obj
                0x080039d0                pvPortMalloc
 .text.vPortFree
                0x08003a94       0x54 CMakeFiles/log.dir/FreeRTOS/portable/heap_4.c.obj
                0x08003a94                vPortFree
 .text.prvTaskExitError
                0x08003ae8       0x20 CMakeFiles/log.dir/FreeRTOS/portable/port.c.obj
 .text.prvPortStartFirstTask
                0x08003b08       0x20 CMakeFiles/log.dir/FreeRTOS/portable/port.c.obj
 .text.pxPortInitialiseStack
                0x08003b28       0x24 CMakeFiles/log.dir/FreeRTOS/portable/port.c.obj
                0x08003b28                pxPortInitialiseStack
 *fill*         0x08003b4c        0x4 
 .text.SVC_Handler
                0x08003b50       0x24 CMakeFiles/log.dir/FreeRTOS/portable/port.c.obj
                0x08003b50                SVC_Handler
 .text.vPortEnterCritical
                0x08003b74       0x20 CMakeFiles/log.dir/FreeRTOS/portable/port.c.obj
                0x08003b74                vPortEnterCritical
 .text.vPortExitCritical
                0x08003b94       0x14 CMakeFiles/log.dir/FreeRTOS/portable/port.c.obj
                0x08003b94                vPortExitCritical
 *fill*         0x08003ba8        0x8 
 .text.PendSV_Handler
                0x08003bb0       0x44 CMakeFiles/log.dir/FreeRTOS/portable/port.c.obj
                0x08003bb0                PendSV_Handler
 .text.xPortSysTickHandler
                0x08003bf4       0x2c CMakeFiles/log.dir/FreeRTOS/portable/port.c.obj
                0x08003bf4                xPortSysTickHandler
 .text.vPortSetupTimerInterrupt
                0x08003c20       0x18 CMakeFiles/log.dir/FreeRTOS/portable/port.c.obj
                0x08003c20                vPortSetupTimerInterrupt
 .text.xPortStartScheduler
                0x08003c38       0x3c CMakeFiles/log.dir/FreeRTOS/portable/port.c.obj
                0x08003c38                xPortStartScheduler
 .text.com_task
                0x08003c74       0x84 CMakeFiles/log.dir/Application/App_freeRTOS_Task.c.obj
                0x08003c74                com_task
 .text.App_freeRTOS_start
                0x08003cf8       0x34 CMakeFiles/log.dir/Application/App_freeRTOS_Task.c.obj
                0x08003cf8                App_freeRTOS_start
 .text.ANO_DT_BuildStatusFrame
                0x08003d2c       0x50 CMakeFiles/log.dir/Application/App_receive_data.c.obj
 .text.ANO_DT_ParseRC
                0x08003d7c       0xbc CMakeFiles/log.dir/Application/App_receive_data.c.obj
                0x08003d7c                ANO_DT_ParseRC
 .text.App_receive_data
                0x08003e38       0x68 CMakeFiles/log.dir/Application/App_receive_data.c.obj
                0x08003e38                App_receive_data
 .text.App_process_connect_state
                0x08003ea0       0x34 CMakeFiles/log.dir/Application/App_receive_data.c.obj
                0x08003ea0                App_process_connect_state
 .text.App_get_rc_string
                0x08003ed4       0x3c CMakeFiles/log.dir/Application/App_receive_data.c.obj
                0x08003ed4                App_get_rc_string
 .text.SPI_RW   0x08003f10       0x34 CMakeFiles/log.dir/interface/Int_nRF24L01.c.obj
 .text.Int_nRF24L01_Write_Reg
                0x08003f44       0x34 CMakeFiles/log.dir/interface/Int_nRF24L01.c.obj
                0x08003f44                Int_nRF24L01_Write_Reg
 .text.Int_nRF24L01_Write_Buf
                0x08003f78       0x40 CMakeFiles/log.dir/interface/Int_nRF24L01.c.obj
                0x08003f78                Int_nRF24L01_Write_Buf
 .text.Int_nRF24L01_Read_Reg
                0x08003fb8       0x30 CMakeFiles/log.dir/interface/Int_nRF24L01.c.obj
                0x08003fb8                Int_nRF24L01_Read_Reg
 .text.Int_nRF24L01_Read_Buf
                0x08003fe8       0x40 CMakeFiles/log.dir/interface/Int_nRF24L01.c.obj
                0x08003fe8                Int_nRF24L01_Read_Buf
 .text.Int_nRF24L01_RX_Mode
                0x08004028       0xa0 CMakeFiles/log.dir/interface/Int_nRF24L01.c.obj
                0x08004028                Int_nRF24L01_RX_Mode
 .text.Int_nRF24L01_TX_Mode
                0x080040c8       0x6c CMakeFiles/log.dir/interface/Int_nRF24L01.c.obj
                0x080040c8                Int_nRF24L01_TX_Mode
 .text.Int_nRF24L01_RxPacket
                0x08004134       0x54 CMakeFiles/log.dir/interface/Int_nRF24L01.c.obj
                0x08004134                Int_nRF24L01_RxPacket
 .text.Int_nRF24L01_TxPacket
                0x08004188       0x68 CMakeFiles/log.dir/interface/Int_nRF24L01.c.obj
                0x08004188                Int_nRF24L01_TxPacket
 .text.Int_nRF24L01_Check
                0x080041f0       0x40 CMakeFiles/log.dir/interface/Int_nRF24L01.c.obj
                0x080041f0                Int_nRF24L01_Check
 .text.Int_nRF24L01_Init
                0x08004230       0x30 CMakeFiles/log.dir/interface/Int_nRF24L01.c.obj
                0x08004230                Int_nRF24L01_Init
 .text.std      0x08004260       0x6c D:/STM32CubeCLT/STM32CubeCLT_1.18.0/GNU-tools-for-STM32/bin/../lib/gcc/arm-none-eabi/13.3.1/../../../../arm-none-eabi/lib/thumb/v7-m/nofp\libg_nano.a(libc_a-findfp.o)
 .text.stdio_exit_handler
                0x080042cc       0x18 D:/STM32CubeCLT/STM32CubeCLT_1.18.0/GNU-tools-for-STM32/bin/../lib/gcc/arm-none-eabi/13.3.1/../../../../arm-none-eabi/lib/thumb/v7-m/nofp\libg_nano.a(libc_a-findfp.o)
 .text.cleanup_stdio
                0x080042e4       0x40 D:/STM32CubeCLT/STM32CubeCLT_1.18.0/GNU-tools-for-STM32/bin/../lib/gcc/arm-none-eabi/13.3.1/../../../../arm-none-eabi/lib/thumb/v7-m/nofp\libg_nano.a(libc_a-findfp.o)
 .text.global_stdio_init.part.0
                0x08004324       0x3c D:/STM32CubeCLT/STM32CubeCLT_1.18.0/GNU-tools-for-STM32/bin/../lib/gcc/arm-none-eabi/13.3.1/../../../../arm-none-eabi/lib/thumb/v7-m/nofp\libg_nano.a(libc_a-findfp.o)
 .text.__sfp_lock_acquire
                0x08004360        0xc D:/STM32CubeCLT/STM32CubeCLT_1.18.0/GNU-tools-for-STM32/bin/../lib/gcc/arm-none-eabi/13.3.1/../../../../arm-none-eabi/lib/thumb/v7-m/nofp\libg_nano.a(libc_a-findfp.o)
                0x08004360                __sfp_lock_acquire
 .text.__sfp_lock_release
                0x0800436c        0xc D:/STM32CubeCLT/STM32CubeCLT_1.18.0/GNU-tools-for-STM32/bin/../lib/gcc/arm-none-eabi/13.3.1/../../../../arm-none-eabi/lib/thumb/v7-m/nofp\libg_nano.a(libc_a-findfp.o)
                0x0800436c                __sfp_lock_release
 .text.__sinit  0x08004378       0x30 D:/STM32CubeCLT/STM32CubeCLT_1.18.0/GNU-tools-for-STM32/bin/../lib/gcc/arm-none-eabi/13.3.1/../../../../arm-none-eabi/lib/thumb/v7-m/nofp\libg_nano.a(libc_a-findfp.o)
                0x08004378                __sinit
 .text._fwalk_sglue
                0x080043a8       0x3c D:/STM32CubeCLT/STM32CubeCLT_1.18.0/GNU-tools-for-STM32/bin/../lib/gcc/arm-none-eabi/13.3.1/../../../../arm-none-eabi/lib/thumb/v7-m/nofp\libg_nano.a(libc_a-fwalk.o)
                0x080043a8                _fwalk_sglue
 .text.printf   0x080043e4       0x24 D:/STM32CubeCLT/STM32CubeCLT_1.18.0/GNU-tools-for-STM32/bin/../lib/gcc/arm-none-eabi/13.3.1/../../../../arm-none-eabi/lib/thumb/v7-m/nofp\libg_nano.a(libc_a-printf.o)
                0x080043e4                iprintf
                0x080043e4                printf
 .text._puts_r  0x08004408       0xaa D:/STM32CubeCLT/STM32CubeCLT_1.18.0/GNU-tools-for-STM32/bin/../lib/gcc/arm-none-eabi/13.3.1/../../../../arm-none-eabi/lib/thumb/v7-m/nofp\libg_nano.a(libc_a-puts.o)
                0x08004408                _puts_r
 *fill*         0x080044b2        0x2 
 .text.puts     0x080044b4       0x10 D:/STM32CubeCLT/STM32CubeCLT_1.18.0/GNU-tools-for-STM32/bin/../lib/gcc/arm-none-eabi/13.3.1/../../../../arm-none-eabi/lib/thumb/v7-m/nofp\libg_nano.a(libc_a-puts.o)
                0x080044b4                puts
 .text.snprintf
                0x080044c4       0x6c D:/STM32CubeCLT/STM32CubeCLT_1.18.0/GNU-tools-for-STM32/bin/../lib/gcc/arm-none-eabi/13.3.1/../../../../arm-none-eabi/lib/thumb/v7-m/nofp\libg_nano.a(libc_a-snprintf.o)
                0x080044c4                sniprintf
                0x080044c4                snprintf
 .text.__sread  0x08004530       0x22 D:/STM32CubeCLT/STM32CubeCLT_1.18.0/GNU-tools-for-STM32/bin/../lib/gcc/arm-none-eabi/13.3.1/../../../../arm-none-eabi/lib/thumb/v7-m/nofp\libg_nano.a(libc_a-stdio.o)
                0x08004530                __sread
 .text.__swrite
                0x08004552       0x38 D:/STM32CubeCLT/STM32CubeCLT_1.18.0/GNU-tools-for-STM32/bin/../lib/gcc/arm-none-eabi/13.3.1/../../../../arm-none-eabi/lib/thumb/v7-m/nofp\libg_nano.a(libc_a-stdio.o)
                0x08004552                __swrite
 .text.__sseek  0x0800458a       0x24 D:/STM32CubeCLT/STM32CubeCLT_1.18.0/GNU-tools-for-STM32/bin/../lib/gcc/arm-none-eabi/13.3.1/../../../../arm-none-eabi/lib/thumb/v7-m/nofp\libg_nano.a(libc_a-stdio.o)
                0x0800458a                __sseek
 .text.__sclose
                0x080045ae        0x8 D:/STM32CubeCLT/STM32CubeCLT_1.18.0/GNU-tools-for-STM32/bin/../lib/gcc/arm-none-eabi/13.3.1/../../../../arm-none-eabi/lib/thumb/v7-m/nofp\libg_nano.a(libc_a-stdio.o)
                0x080045ae                __sclose
 .text.__swbuf_r
                0x080045b6       0x7c D:/STM32CubeCLT/STM32CubeCLT_1.18.0/GNU-tools-for-STM32/bin/../lib/gcc/arm-none-eabi/13.3.1/../../../../arm-none-eabi/lib/thumb/v7-m/nofp\libg_nano.a(libc_a-wbuf.o)
                0x080045b6                __swbuf_r
 *fill*         0x08004632        0x2 
 .text.__swsetup_r
                0x08004634       0xac D:/STM32CubeCLT/STM32CubeCLT_1.18.0/GNU-tools-for-STM32/bin/../lib/gcc/arm-none-eabi/13.3.1/../../../../arm-none-eabi/lib/thumb/v7-m/nofp\libg_nano.a(libc_a-wsetup.o)
                0x08004634                __swsetup_r
 .text.memset   0x080046e0       0x10 D:/STM32CubeCLT/STM32CubeCLT_1.18.0/GNU-tools-for-STM32/bin/../lib/gcc/arm-none-eabi/13.3.1/../../../../arm-none-eabi/lib/thumb/v7-m/nofp\libg_nano.a(libc_a-memset.o)
                0x080046e0                memset
 .text._close_r
                0x080046f0       0x20 D:/STM32CubeCLT/STM32CubeCLT_1.18.0/GNU-tools-for-STM32/bin/../lib/gcc/arm-none-eabi/13.3.1/../../../../arm-none-eabi/lib/thumb/v7-m/nofp\libg_nano.a(libc_a-closer.o)
                0x080046f0                _close_r
 .text._lseek_r
                0x08004710       0x24 D:/STM32CubeCLT/STM32CubeCLT_1.18.0/GNU-tools-for-STM32/bin/../lib/gcc/arm-none-eabi/13.3.1/../../../../arm-none-eabi/lib/thumb/v7-m/nofp\libg_nano.a(libc_a-lseekr.o)
                0x08004710                _lseek_r
 .text._read_r  0x08004734       0x24 D:/STM32CubeCLT/STM32CubeCLT_1.18.0/GNU-tools-for-STM32/bin/../lib/gcc/arm-none-eabi/13.3.1/../../../../arm-none-eabi/lib/thumb/v7-m/nofp\libg_nano.a(libc_a-readr.o)
                0x08004734                _read_r
 .text._write_r
                0x08004758       0x24 D:/STM32CubeCLT/STM32CubeCLT_1.18.0/GNU-tools-for-STM32/bin/../lib/gcc/arm-none-eabi/13.3.1/../../../../arm-none-eabi/lib/thumb/v7-m/nofp\libg_nano.a(libc_a-writer.o)
                0x08004758                _write_r
 .text.__errno  0x0800477c        0xc D:/STM32CubeCLT/STM32CubeCLT_1.18.0/GNU-tools-for-STM32/bin/../lib/gcc/arm-none-eabi/13.3.1/../../../../arm-none-eabi/lib/thumb/v7-m/nofp\libg_nano.a(libc_a-errno.o)
                0x0800477c                __errno
 .text.__libc_init_array
                0x08004788       0x48 D:/STM32CubeCLT/STM32CubeCLT_1.18.0/GNU-tools-for-STM32/bin/../lib/gcc/arm-none-eabi/13.3.1/../../../../arm-none-eabi/lib/thumb/v7-m/nofp\libg_nano.a(libc_a-init.o)
                0x08004788                __libc_init_array
 .text.__retarget_lock_init_recursive
                0x080047d0        0x2 D:/STM32CubeCLT/STM32CubeCLT_1.18.0/GNU-tools-for-STM32/bin/../lib/gcc/arm-none-eabi/13.3.1/../../../../arm-none-eabi/lib/thumb/v7-m/nofp\libg_nano.a(libc_a-lock.o)
                0x080047d0                __retarget_lock_init_recursive
 .text.__retarget_lock_acquire_recursive
                0x080047d2        0x2 D:/STM32CubeCLT/STM32CubeCLT_1.18.0/GNU-tools-for-STM32/bin/../lib/gcc/arm-none-eabi/13.3.1/../../../../arm-none-eabi/lib/thumb/v7-m/nofp\libg_nano.a(libc_a-lock.o)
                0x080047d2                __retarget_lock_acquire_recursive
 .text.__retarget_lock_release_recursive
                0x080047d4        0x2 D:/STM32CubeCLT/STM32CubeCLT_1.18.0/GNU-tools-for-STM32/bin/../lib/gcc/arm-none-eabi/13.3.1/../../../../arm-none-eabi/lib/thumb/v7-m/nofp\libg_nano.a(libc_a-lock.o)
                0x080047d4                __retarget_lock_release_recursive
 .text.memcpy   0x080047d6       0x1c D:/STM32CubeCLT/STM32CubeCLT_1.18.0/GNU-tools-for-STM32/bin/../lib/gcc/arm-none-eabi/13.3.1/../../../../arm-none-eabi/lib/thumb/v7-m/nofp\libg_nano.a(libc_a-memcpy-stub.o)
                0x080047d6                memcpy
 *fill*         0x080047f2        0x2 
 .text._free_r  0x080047f4       0x90 D:/STM32CubeCLT/STM32CubeCLT_1.18.0/GNU-tools-for-STM32/bin/../lib/gcc/arm-none-eabi/13.3.1/../../../../arm-none-eabi/lib/thumb/v7-m/nofp\libg_nano.a(libc_a-freer.o)
                0x080047f4                _free_r
 .text.sbrk_aligned
                0x08004884       0x44 D:/STM32CubeCLT/STM32CubeCLT_1.18.0/GNU-tools-for-STM32/bin/../lib/gcc/arm-none-eabi/13.3.1/../../../../arm-none-eabi/lib/thumb/v7-m/nofp\libg_nano.a(libc_a-mallocr.o)
 .text._malloc_r
                0x080048c8      0x100 D:/STM32CubeCLT/STM32CubeCLT_1.18.0/GNU-tools-for-STM32/bin/../lib/gcc/arm-none-eabi/13.3.1/../../../../arm-none-eabi/lib/thumb/v7-m/nofp\libg_nano.a(libc_a-mallocr.o)
                0x080048c8                _malloc_r
 .text.__malloc_lock
                0x080049c8        0xc D:/STM32CubeCLT/STM32CubeCLT_1.18.0/GNU-tools-for-STM32/bin/../lib/gcc/arm-none-eabi/13.3.1/../../../../arm-none-eabi/lib/thumb/v7-m/nofp\libg_nano.a(libc_a-mlock.o)
                0x080049c8                __malloc_lock
 .text.__malloc_unlock
                0x080049d4        0xc D:/STM32CubeCLT/STM32CubeCLT_1.18.0/GNU-tools-for-STM32/bin/../lib/gcc/arm-none-eabi/13.3.1/../../../../arm-none-eabi/lib/thumb/v7-m/nofp\libg_nano.a(libc_a-mlock.o)
                0x080049d4                __malloc_unlock
 .text.__ssputs_r
                0x080049e0       0xb6 D:/STM32CubeCLT/STM32CubeCLT_1.18.0/GNU-tools-for-STM32/bin/../lib/gcc/arm-none-eabi/13.3.1/../../../../arm-none-eabi/lib/thumb/v7-m/nofp\libg_nano.a(libc_a-nano-svfprintf.o)
                0x080049e0                __ssputs_r
 *fill*         0x08004a96        0x2 
 .text._svfprintf_r
                0x08004a98      0x1f8 D:/STM32CubeCLT/STM32CubeCLT_1.18.0/GNU-tools-for-STM32/bin/../lib/gcc/arm-none-eabi/13.3.1/../../../../arm-none-eabi/lib/thumb/v7-m/nofp\libg_nano.a(libc_a-nano-svfprintf.o)
                0x08004a98                _svfiprintf_r
                0x08004a98                _svfprintf_r
 .text.__sfputc_r
                0x08004c90       0x2a D:/STM32CubeCLT/STM32CubeCLT_1.18.0/GNU-tools-for-STM32/bin/../lib/gcc/arm-none-eabi/13.3.1/../../../../arm-none-eabi/lib/thumb/v7-m/nofp\libg_nano.a(libc_a-nano-vfprintf.o)
 .text.__sfputs_r
                0x08004cba       0x24 D:/STM32CubeCLT/STM32CubeCLT_1.18.0/GNU-tools-for-STM32/bin/../lib/gcc/arm-none-eabi/13.3.1/../../../../arm-none-eabi/lib/thumb/v7-m/nofp\libg_nano.a(libc_a-nano-vfprintf.o)
                0x08004cba                __sfputs_r
 *fill*         0x08004cde        0x2 
 .text._vfprintf_r
                0x08004ce0      0x230 D:/STM32CubeCLT/STM32CubeCLT_1.18.0/GNU-tools-for-STM32/bin/../lib/gcc/arm-none-eabi/13.3.1/../../../../arm-none-eabi/lib/thumb/v7-m/nofp\libg_nano.a(libc_a-nano-vfprintf.o)
                0x08004ce0                _vfprintf_r
                0x08004ce0                _vfiprintf_r
 .text._printf_common
                0x08004f10       0xe4 D:/STM32CubeCLT/STM32CubeCLT_1.18.0/GNU-tools-for-STM32/bin/../lib/gcc/arm-none-eabi/13.3.1/../../../../arm-none-eabi/lib/thumb/v7-m/nofp\libg_nano.a(libc_a-nano-vfprintf_i.o)
                0x08004f10                _printf_common
 .text._printf_i
                0x08004ff4      0x23c D:/STM32CubeCLT/STM32CubeCLT_1.18.0/GNU-tools-for-STM32/bin/../lib/gcc/arm-none-eabi/13.3.1/../../../../arm-none-eabi/lib/thumb/v7-m/nofp\libg_nano.a(libc_a-nano-vfprintf_i.o)
                0x08004ff4                _printf_i
 .text.__sflush_r
                0x08005230      0x100 D:/STM32CubeCLT/STM32CubeCLT_1.18.0/GNU-tools-for-STM32/bin/../lib/gcc/arm-none-eabi/13.3.1/../../../../arm-none-eabi/lib/thumb/v7-m/nofp\libg_nano.a(libc_a-fflush.o)
                0x08005230                __sflush_r
 .text._fflush_r
                0x08005330       0x50 D:/STM32CubeCLT/STM32CubeCLT_1.18.0/GNU-tools-for-STM32/bin/../lib/gcc/arm-none-eabi/13.3.1/../../../../arm-none-eabi/lib/thumb/v7-m/nofp\libg_nano.a(libc_a-fflush.o)
                0x08005330                _fflush_r
 .text.__swhatbuf_r
                0x08005380       0x4a D:/STM32CubeCLT/STM32CubeCLT_1.18.0/GNU-tools-for-STM32/bin/../lib/gcc/arm-none-eabi/13.3.1/../../../../arm-none-eabi/lib/thumb/v7-m/nofp\libg_nano.a(libc_a-makebuf.o)
                0x08005380                __swhatbuf_r
 .text.__smakebuf_r
                0x080053ca       0x78 D:/STM32CubeCLT/STM32CubeCLT_1.18.0/GNU-tools-for-STM32/bin/../lib/gcc/arm-none-eabi/13.3.1/../../../../arm-none-eabi/lib/thumb/v7-m/nofp\libg_nano.a(libc_a-makebuf.o)
                0x080053ca                __smakebuf_r
 .text.memmove  0x08005442       0x34 D:/STM32CubeCLT/STM32CubeCLT_1.18.0/GNU-tools-for-STM32/bin/../lib/gcc/arm-none-eabi/13.3.1/../../../../arm-none-eabi/lib/thumb/v7-m/nofp\libg_nano.a(libc_a-memmove.o)
                0x08005442                memmove
 *fill*         0x08005476        0x2 
 .text._fstat_r
                0x08005478       0x24 D:/STM32CubeCLT/STM32CubeCLT_1.18.0/GNU-tools-for-STM32/bin/../lib/gcc/arm-none-eabi/13.3.1/../../../../arm-none-eabi/lib/thumb/v7-m/nofp\libg_nano.a(libc_a-fstatr.o)
                0x08005478                _fstat_r
 .text._isatty_r
                0x0800549c       0x20 D:/STM32CubeCLT/STM32CubeCLT_1.18.0/GNU-tools-for-STM32/bin/../lib/gcc/arm-none-eabi/13.3.1/../../../../arm-none-eabi/lib/thumb/v7-m/nofp\libg_nano.a(libc_a-isattyr.o)
                0x0800549c                _isatty_r
 .text._sbrk_r  0x080054bc       0x20 D:/STM32CubeCLT/STM32CubeCLT_1.18.0/GNU-tools-for-STM32/bin/../lib/gcc/arm-none-eabi/13.3.1/../../../../arm-none-eabi/lib/thumb/v7-m/nofp\libg_nano.a(libc_a-sbrkr.o)
                0x080054bc                _sbrk_r
 .text.memchr   0x080054dc       0x1c D:/STM32CubeCLT/STM32CubeCLT_1.18.0/GNU-tools-for-STM32/bin/../lib/gcc/arm-none-eabi/13.3.1/../../../../arm-none-eabi/lib/thumb/v7-m/nofp\libg_nano.a(libc_a-memchr-stub.o)
                0x080054dc                memchr
 .text._realloc_r
                0x080054f8       0x5c D:/STM32CubeCLT/STM32CubeCLT_1.18.0/GNU-tools-for-STM32/bin/../lib/gcc/arm-none-eabi/13.3.1/../../../../arm-none-eabi/lib/thumb/v7-m/nofp\libg_nano.a(libc_a-reallocr.o)
                0x080054f8                _realloc_r
 .text._malloc_usable_size_r
                0x08005554       0x10 D:/STM32CubeCLT/STM32CubeCLT_1.18.0/GNU-tools-for-STM32/bin/../lib/gcc/arm-none-eabi/13.3.1/../../../../arm-none-eabi/lib/thumb/v7-m/nofp\libg_nano.a(libc_a-msizer.o)
                0x08005554                _malloc_usable_size_r
 *(.glue_7)
 .glue_7        0x08005564        0x0 linker stubs
 *(.glue_7t)
 .glue_7t       0x08005564        0x0 linker stubs
 *(.eh_frame)
 .eh_frame      0x08005564        0x0 D:/STM32CubeCLT/STM32CubeCLT_1.18.0/GNU-tools-for-STM32/bin/../lib/gcc/arm-none-eabi/13.3.1/thumb/v7-m/nofp/crtbegin.o
 *(.init)
 .init          0x08005564        0x4 D:/STM32CubeCLT/STM32CubeCLT_1.18.0/GNU-tools-for-STM32/bin/../lib/gcc/arm-none-eabi/13.3.1/thumb/v7-m/nofp/crti.o
                0x08005564                _init
 .init          0x08005568        0x8 D:/STM32CubeCLT/STM32CubeCLT_1.18.0/GNU-tools-for-STM32/bin/../lib/gcc/arm-none-eabi/13.3.1/thumb/v7-m/nofp/crtn.o
 *(.fini)
 .fini          0x08005570        0x4 D:/STM32CubeCLT/STM32CubeCLT_1.18.0/GNU-tools-for-STM32/bin/../lib/gcc/arm-none-eabi/13.3.1/thumb/v7-m/nofp/crti.o
                0x08005570                _fini
 .fini          0x08005574        0x8 D:/STM32CubeCLT/STM32CubeCLT_1.18.0/GNU-tools-for-STM32/bin/../lib/gcc/arm-none-eabi/13.3.1/thumb/v7-m/nofp/crtn.o
                0x0800557c                        . = ALIGN (0x4)
                0x0800557c                        _etext = .

.vfp11_veneer   0x0800557c        0x0
 .vfp11_veneer  0x0800557c        0x0 linker stubs

.v4_bx          0x0800557c        0x0
 .v4_bx         0x0800557c        0x0 linker stubs

.iplt           0x0800557c        0x0
 .iplt          0x0800557c        0x0 D:/STM32CubeCLT/STM32CubeCLT_1.18.0/GNU-tools-for-STM32/bin/../lib/gcc/arm-none-eabi/13.3.1/thumb/v7-m/nofp/crtbegin.o

.rodata         0x0800557c      0x174
                0x0800557c                        . = ALIGN (0x4)
 *(.rodata)
 *(.rodata*)
 .rodata.AHBPrescTable
                0x0800557c       0x10 cmake/stm32cubemx/CMakeFiles/STM32_Drivers.dir/__/__/Core/Src/system_stm32f1xx.c.obj
                0x0800557c                AHBPrescTable
 .rodata.APBPrescTable
                0x0800558c        0x8 cmake/stm32cubemx/CMakeFiles/STM32_Drivers.dir/__/__/Core/Src/system_stm32f1xx.c.obj
                0x0800558c                APBPrescTable
 .rodata.aPLLMULFactorTable.1
                0x08005594       0x10 cmake/stm32cubemx/CMakeFiles/STM32_Drivers.dir/__/__/Drivers/STM32F1xx_HAL_Driver/Src/stm32f1xx_hal_rcc.c.obj
 .rodata.aPredivFactorTable.0
                0x080055a4        0x2 cmake/stm32cubemx/CMakeFiles/STM32_Drivers.dir/__/__/Drivers/STM32F1xx_HAL_Driver/Src/stm32f1xx_hal_rcc.c.obj
 *fill*         0x080055a6        0x2 
 .rodata.vTaskStartScheduler.str1.4
                0x080055a8      0x10d CMakeFiles/log.dir/FreeRTOS/tasks.c.obj
                                  0x5 (size before relaxing)
 *fill*         0x080056b5        0x3 
 .rodata.uxTopUsedPriority
                0x080056b8        0x4 CMakeFiles/log.dir/FreeRTOS/tasks.c.obj
                0x080056b8                uxTopUsedPriority
 .rodata.com_task.str1.4
                0x080056bc       0x4f CMakeFiles/log.dir/Application/App_freeRTOS_Task.c.obj
 .rodata.App_freeRTOS_start.str1.4
                0x080056bc        0x4 CMakeFiles/log.dir/Application/App_freeRTOS_Task.c.obj
 .rodata.App_get_rc_string.str1.4
                0x080056bc       0x32 CMakeFiles/log.dir/Application/App_receive_data.c.obj
 .rodata.Int_nRF24L01_Init.str1.4
                0x080056bc       0x7d CMakeFiles/log.dir/interface/Int_nRF24L01.c.obj
 .rodata._svfprintf_r.str1.1
                0x080056bc       0x33 D:/STM32CubeCLT/STM32CubeCLT_1.18.0/GNU-tools-for-STM32/bin/../lib/gcc/arm-none-eabi/13.3.1/../../../../arm-none-eabi/lib/thumb/v7-m/nofp\libg_nano.a(libc_a-nano-svfprintf.o)
                                 0x11 (size before relaxing)
 .rodata._vfprintf_r.str1.1
                0x080056ef       0x11 D:/STM32CubeCLT/STM32CubeCLT_1.18.0/GNU-tools-for-STM32/bin/../lib/gcc/arm-none-eabi/13.3.1/../../../../arm-none-eabi/lib/thumb/v7-m/nofp\libg_nano.a(libc_a-nano-vfprintf.o)
 .rodata._printf_i.str1.1
                0x080056ef       0x22 D:/STM32CubeCLT/STM32CubeCLT_1.18.0/GNU-tools-for-STM32/bin/../lib/gcc/arm-none-eabi/13.3.1/../../../../arm-none-eabi/lib/thumb/v7-m/nofp\libg_nano.a(libc_a-nano-vfprintf_i.o)
                0x0800573c                        . = ALIGN (0x4)
 *fill*         0x080056ef        0x1 

.ARM.extab      0x080056f0        0x0
                0x080056f0                        . = ALIGN (0x4)
 *(.ARM.extab* .gnu.linkonce.armextab.*)
                0x080056f0                        . = ALIGN (0x4)

.ARM            0x080056f0        0x0
                0x080056f0                        . = ALIGN (0x4)
                0x080056f0                        __exidx_start = .
 *(.ARM.exidx*)
                0x080056f0                        __exidx_end = .
                0x080056f0                        . = ALIGN (0x4)

.preinit_array  0x080056f0        0x0
                0x080056f0                        . = ALIGN (0x4)
                0x080056f0                        PROVIDE (__preinit_array_start = .)
 *(.preinit_array*)
                0x080056f0                        PROVIDE (__preinit_array_end = .)
                0x080056f0                        . = ALIGN (0x4)

.init_array     0x080056f0        0x4
                0x080056f0                        . = ALIGN (0x4)
                0x080056f0                        PROVIDE (__init_array_start = .)
 *(SORT_BY_NAME(.init_array.*))
 *(.init_array*)
 .init_array    0x080056f0        0x4 D:/STM32CubeCLT/STM32CubeCLT_1.18.0/GNU-tools-for-STM32/bin/../lib/gcc/arm-none-eabi/13.3.1/thumb/v7-m/nofp/crtbegin.o
                0x080056f4                        PROVIDE (__init_array_end = .)
                0x080056f4                        . = ALIGN (0x4)

.fini_array     0x080056f4        0x4
                0x080056f4                        . = ALIGN (0x4)
                [!provide]                        PROVIDE (__fini_array_start = .)
 *(SORT_BY_NAME(.fini_array.*))
 *(.fini_array*)
 .fini_array    0x080056f4        0x4 D:/STM32CubeCLT/STM32CubeCLT_1.18.0/GNU-tools-for-STM32/bin/../lib/gcc/arm-none-eabi/13.3.1/thumb/v7-m/nofp/crtbegin.o
                [!provide]                        PROVIDE (__fini_array_end = .)
                0x080056f8                        . = ALIGN (0x4)
                0x080056f8                        _sidata = LOADADDR (.data)

.rel.dyn        0x080056f8        0x0
 .rel.iplt      0x080056f8        0x0 D:/STM32CubeCLT/STM32CubeCLT_1.18.0/GNU-tools-for-STM32/bin/../lib/gcc/arm-none-eabi/13.3.1/thumb/v7-m/nofp/crtbegin.o

.data           0x20000000       0x78 load address 0x080056f8
                0x20000000                        . = ALIGN (0x4)
                0x20000000                        _sdata = .
 *(.data)
 *(.data*)
 .data.SystemCoreClock
                0x20000000        0x4 cmake/stm32cubemx/CMakeFiles/STM32_Drivers.dir/__/__/Core/Src/system_stm32f1xx.c.obj
                0x20000000                SystemCoreClock
 .data.uwTickPrio
                0x20000004        0x4 cmake/stm32cubemx/CMakeFiles/STM32_Drivers.dir/__/__/Drivers/STM32F1xx_HAL_Driver/Src/stm32f1xx_hal.c.obj
                0x20000004                uwTickPrio
 .data.uwTickFreq
                0x20000008        0x1 cmake/stm32cubemx/CMakeFiles/STM32_Drivers.dir/__/__/Drivers/STM32F1xx_HAL_Driver/Src/stm32f1xx_hal.c.obj
                0x20000008                uwTickFreq
 *fill*         0x20000009        0x3 
 .data.uxCriticalNesting
                0x2000000c        0x4 CMakeFiles/log.dir/FreeRTOS/portable/port.c.obj
 .data.remote_state
                0x20000010        0x1 CMakeFiles/log.dir/Application/App_freeRTOS_Task.c.obj
                0x20000010                remote_state
 *fill*         0x20000011        0x3 
 .data.TX_ADDRESS
                0x20000014        0x5 CMakeFiles/log.dir/interface/Int_nRF24L01.c.obj
                0x20000014                TX_ADDRESS
 *fill*         0x20000019        0x3 
 .data.__sglue  0x2000001c        0xc D:/STM32CubeCLT/STM32CubeCLT_1.18.0/GNU-tools-for-STM32/bin/../lib/gcc/arm-none-eabi/13.3.1/../../../../arm-none-eabi/lib/thumb/v7-m/nofp\libg_nano.a(libc_a-findfp.o)
                0x2000001c                __sglue
 .data._impure_ptr
                0x20000028        0x4 D:/STM32CubeCLT/STM32CubeCLT_1.18.0/GNU-tools-for-STM32/bin/../lib/gcc/arm-none-eabi/13.3.1/../../../../arm-none-eabi/lib/thumb/v7-m/nofp\libg_nano.a(libc_a-impure.o)
                0x20000028                _impure_ptr
 .data._impure_data
                0x2000002c       0x4c D:/STM32CubeCLT/STM32CubeCLT_1.18.0/GNU-tools-for-STM32/bin/../lib/gcc/arm-none-eabi/13.3.1/../../../../arm-none-eabi/lib/thumb/v7-m/nofp\libg_nano.a(libc_a-impure.o)
                0x2000002c                _impure_data
 *(.RamFunc)
 *(.RamFunc*)
                0x20000078                        . = ALIGN (0x4)

.igot.plt       0x20000078        0x0 load address 0x08005770
 .igot.plt      0x20000078        0x0 D:/STM32CubeCLT/STM32CubeCLT_1.18.0/GNU-tools-for-STM32/bin/../lib/gcc/arm-none-eabi/13.3.1/thumb/v7-m/nofp/crtbegin.o

.tdata          0x20000078        0x0 load address 0x08005770
 *(.tdata .tdata.* .gnu.linkonce.td.*)
                0x20000078                        . = ALIGN (0x4)
                0x20000078                        _edata = .
                [!provide]                        PROVIDE (__data_end = .)
                [!provide]                        PROVIDE (__tdata_end = .)
                [!provide]                        PROVIDE (__tdata_start = ADDR (.tdata))
                [!provide]                        PROVIDE (__tdata_size = (__tdata_end - __tdata_start))
                [!provide]                        PROVIDE (__data_start = ADDR (.data))
                [!provide]                        PROVIDE (__data_size = (__data_end - __data_start))
                [!provide]                        PROVIDE (__tdata_source = LOADADDR (.tdata))
                [!provide]                        PROVIDE (__tdata_source_end = (LOADADDR (.tdata) + SIZEOF (.tdata)))
                [!provide]                        PROVIDE (__tdata_source_size = (__tdata_source_end - __tdata_source))
                [!provide]                        PROVIDE (__data_source = LOADADDR (.data))
                [!provide]                        PROVIDE (__data_source_end = __tdata_source_end)
                [!provide]                        PROVIDE (__data_source_size = (__data_source_end - __data_source))

.tbss           0x20000078        0x0 load address 0x08005770
                0x20000078                        _sbss = .
                0x20000078                        __bss_start__ = _sbss
 *(.tbss .tbss.*)
                0x20000078                        . = ALIGN (0x4)
                [!provide]                        PROVIDE (__tbss_end = .)
                [!provide]                        PROVIDE (__tbss_start = ADDR (.tbss))
                [!provide]                        PROVIDE (__tbss_size = (__tbss_end - __tbss_start))
                [!provide]                        PROVIDE (__tbss_offset = (ADDR (.tbss) - ADDR (.tdata)))
                [!provide]                        PROVIDE (__tls_base = __tdata_start)
                [!provide]                        PROVIDE (__tls_end = __tbss_end)
                [!provide]                        PROVIDE (__tls_size = (__tls_end - __tls_base))
                [!provide]                        PROVIDE (__tls_align = MAX (ALIGNOF (.tdata), ALIGNOF (.tbss)))
                [!provide]                        PROVIDE (__tls_size_align = (((__tls_size + __tls_align) - 0x1) & ~ ((__tls_align - 0x1))))
                [!provide]                        PROVIDE (__arm32_tls_tcb_offset = MAX (0x8, __tls_align))
                [!provide]                        PROVIDE (__arm64_tls_tcb_offset = MAX (0x10, __tls_align))

.bss            0x20000078     0x1198 load address 0x08005770
 *(.bss)
 .bss           0x20000078       0x1c D:/STM32CubeCLT/STM32CubeCLT_1.18.0/GNU-tools-for-STM32/bin/../lib/gcc/arm-none-eabi/13.3.1/thumb/v7-m/nofp/crtbegin.o
 *(.bss*)
 .bss.uwTick    0x20000094        0x4 cmake/stm32cubemx/CMakeFiles/STM32_Drivers.dir/__/__/Drivers/STM32F1xx_HAL_Driver/Src/stm32f1xx_hal.c.obj
                0x20000094                uwTick
 .bss.hi2c2     0x20000098       0x54 CMakeFiles/log.dir/Core/Src/i2c.c.obj
                0x20000098                hi2c2
 .bss.hi2c1     0x200000ec       0x54 CMakeFiles/log.dir/Core/Src/i2c.c.obj
                0x200000ec                hi2c1
 .bss.hspi1     0x20000140       0x58 CMakeFiles/log.dir/Core/Src/spi.c.obj
                0x20000140                hspi1
 .bss.htim4     0x20000198       0x48 CMakeFiles/log.dir/Core/Src/tim.c.obj
                0x20000198                htim4
 .bss.htim3     0x200001e0       0x48 CMakeFiles/log.dir/Core/Src/tim.c.obj
                0x200001e0                htim3
 .bss.htim2     0x20000228       0x48 CMakeFiles/log.dir/Core/Src/tim.c.obj
                0x20000228                htim2
 .bss.htim1     0x20000270       0x48 CMakeFiles/log.dir/Core/Src/tim.c.obj
                0x20000270                htim1
 .bss.huart2    0x200002b8       0x48 CMakeFiles/log.dir/Core/Src/usart.c.obj
                0x200002b8                huart2
 .bss.__sbrk_heap_end
                0x20000300        0x4 CMakeFiles/log.dir/Core/Src/sysmem.c.obj
 .bss.uxSchedulerSuspended
                0x20000304        0x4 CMakeFiles/log.dir/FreeRTOS/tasks.c.obj
 .bss.xIdleTaskHandle
                0x20000308        0x4 CMakeFiles/log.dir/FreeRTOS/tasks.c.obj
 .bss.xNextTaskUnblockTime
                0x2000030c        0x4 CMakeFiles/log.dir/FreeRTOS/tasks.c.obj
 .bss.uxTaskNumber
                0x20000310        0x4 CMakeFiles/log.dir/FreeRTOS/tasks.c.obj
 .bss.xNumOfOverflows
                0x20000314        0x4 CMakeFiles/log.dir/FreeRTOS/tasks.c.obj
 .bss.xYieldPending
                0x20000318        0x4 CMakeFiles/log.dir/FreeRTOS/tasks.c.obj
 .bss.xPendedTicks
                0x2000031c        0x4 CMakeFiles/log.dir/FreeRTOS/tasks.c.obj
 .bss.xSchedulerRunning
                0x20000320        0x4 CMakeFiles/log.dir/FreeRTOS/tasks.c.obj
 .bss.uxTopReadyPriority
                0x20000324        0x4 CMakeFiles/log.dir/FreeRTOS/tasks.c.obj
 .bss.xTickCount
                0x20000328        0x4 CMakeFiles/log.dir/FreeRTOS/tasks.c.obj
 .bss.uxCurrentNumberOfTasks
                0x2000032c        0x4 CMakeFiles/log.dir/FreeRTOS/tasks.c.obj
 .bss.xSuspendedTaskList
                0x20000330       0x14 CMakeFiles/log.dir/FreeRTOS/tasks.c.obj
 .bss.uxDeletedTasksWaitingCleanUp
                0x20000344        0x4 CMakeFiles/log.dir/FreeRTOS/tasks.c.obj
 .bss.xTasksWaitingTermination
                0x20000348       0x14 CMakeFiles/log.dir/FreeRTOS/tasks.c.obj
 .bss.xPendingReadyList
                0x2000035c       0x14 CMakeFiles/log.dir/FreeRTOS/tasks.c.obj
 .bss.pxOverflowDelayedTaskList
                0x20000370        0x4 CMakeFiles/log.dir/FreeRTOS/tasks.c.obj
 .bss.pxDelayedTaskList
                0x20000374        0x4 CMakeFiles/log.dir/FreeRTOS/tasks.c.obj
 .bss.xDelayedTaskList2
                0x20000378       0x14 CMakeFiles/log.dir/FreeRTOS/tasks.c.obj
 .bss.xDelayedTaskList1
                0x2000038c       0x14 CMakeFiles/log.dir/FreeRTOS/tasks.c.obj
 .bss.pxReadyTasksLists
                0x200003a0       0x64 CMakeFiles/log.dir/FreeRTOS/tasks.c.obj
 .bss.pxCurrentTCB
                0x20000404        0x4 CMakeFiles/log.dir/FreeRTOS/tasks.c.obj
                0x20000404                pxCurrentTCB
 .bss.xNumberOfSuccessfulFrees
                0x20000408        0x4 CMakeFiles/log.dir/FreeRTOS/portable/heap_4.c.obj
 .bss.xNumberOfSuccessfulAllocations
                0x2000040c        0x4 CMakeFiles/log.dir/FreeRTOS/portable/heap_4.c.obj
 .bss.xMinimumEverFreeBytesRemaining
                0x20000410        0x4 CMakeFiles/log.dir/FreeRTOS/portable/heap_4.c.obj
 .bss.xFreeBytesRemaining
                0x20000414        0x4 CMakeFiles/log.dir/FreeRTOS/portable/heap_4.c.obj
 .bss.pxEnd     0x20000418        0x4 CMakeFiles/log.dir/FreeRTOS/portable/heap_4.c.obj
 .bss.xStart    0x2000041c        0x8 CMakeFiles/log.dir/FreeRTOS/portable/heap_4.c.obj
 .bss.ucHeap    0x20000424      0xc00 CMakeFiles/log.dir/FreeRTOS/portable/heap_4.c.obj
 .bss.com_task_handle
                0x20001024        0x4 CMakeFiles/log.dir/Application/App_freeRTOS_Task.c.obj
                0x20001024                com_task_handle
 .bss.rc_str.0  0x20001028       0x40 CMakeFiles/log.dir/Application/App_receive_data.c.obj
 .bss.retry_count
                0x20001068        0x1 CMakeFiles/log.dir/Application/App_receive_data.c.obj
 *fill*         0x20001069        0x3 
 .bss.back_buff
                0x2000106c       0x20 CMakeFiles/log.dir/Application/App_receive_data.c.obj
 .bss.com_data  0x2000108c       0x20 CMakeFiles/log.dir/Application/App_receive_data.c.obj
 .bss.rc_data   0x200010ac       0x10 CMakeFiles/log.dir/Application/App_receive_data.c.obj
 .bss.nrf24l01_rx_buff
                0x200010bc        0x5 CMakeFiles/log.dir/interface/Int_nRF24L01.c.obj
                0x200010bc                nrf24l01_rx_buff
 *fill*         0x200010c1        0x3 
 .bss.__sf      0x200010c4      0x138 D:/STM32CubeCLT/STM32CubeCLT_1.18.0/GNU-tools-for-STM32/bin/../lib/gcc/arm-none-eabi/13.3.1/../../../../arm-none-eabi/lib/thumb/v7-m/nofp\libg_nano.a(libc_a-findfp.o)
                0x200010c4                __sf
 .bss.__stdio_exit_handler
                0x200011fc        0x4 D:/STM32CubeCLT/STM32CubeCLT_1.18.0/GNU-tools-for-STM32/bin/../lib/gcc/arm-none-eabi/13.3.1/../../../../arm-none-eabi/lib/thumb/v7-m/nofp\libg_nano.a(libc_a-findfp.o)
                0x200011fc                __stdio_exit_handler
 .bss.errno     0x20001200        0x4 D:/STM32CubeCLT/STM32CubeCLT_1.18.0/GNU-tools-for-STM32/bin/../lib/gcc/arm-none-eabi/13.3.1/../../../../arm-none-eabi/lib/thumb/v7-m/nofp\libg_nano.a(libc_a-reent.o)
                0x20001200                errno
 .bss.__lock___malloc_recursive_mutex
                0x20001204        0x1 D:/STM32CubeCLT/STM32CubeCLT_1.18.0/GNU-tools-for-STM32/bin/../lib/gcc/arm-none-eabi/13.3.1/../../../../arm-none-eabi/lib/thumb/v7-m/nofp\libg_nano.a(libc_a-lock.o)
                0x20001204                __lock___malloc_recursive_mutex
 .bss.__lock___sfp_recursive_mutex
                0x20001205        0x1 D:/STM32CubeCLT/STM32CubeCLT_1.18.0/GNU-tools-for-STM32/bin/../lib/gcc/arm-none-eabi/13.3.1/../../../../arm-none-eabi/lib/thumb/v7-m/nofp\libg_nano.a(libc_a-lock.o)
                0x20001205                __lock___sfp_recursive_mutex
 *fill*         0x20001206        0x2 
 .bss.__malloc_sbrk_start
                0x20001208        0x4 D:/STM32CubeCLT/STM32CubeCLT_1.18.0/GNU-tools-for-STM32/bin/../lib/gcc/arm-none-eabi/13.3.1/../../../../arm-none-eabi/lib/thumb/v7-m/nofp\libg_nano.a(libc_a-mallocr.o)
                0x20001208                __malloc_sbrk_start
 .bss.__malloc_free_list
                0x2000120c        0x4 D:/STM32CubeCLT/STM32CubeCLT_1.18.0/GNU-tools-for-STM32/bin/../lib/gcc/arm-none-eabi/13.3.1/../../../../arm-none-eabi/lib/thumb/v7-m/nofp\libg_nano.a(libc_a-mallocr.o)
                0x2000120c                __malloc_free_list
 *(COMMON)
                0x20001210                        . = ALIGN (0x4)
                0x20001210                        _ebss = .
                0x20001210                        __bss_end__ = _ebss
                [!provide]                        PROVIDE (__bss_end = .)
                [!provide]                        PROVIDE (__non_tls_bss_start = ADDR (.bss))
                [!provide]                        PROVIDE (__bss_start = __tbss_start)
                [!provide]                        PROVIDE (__bss_size = (__bss_end - __bss_start))

._user_heap_stack
                0x20001210      0x600 load address 0x08005770
                0x20001210                        . = ALIGN (0x8)
                [!provide]                        PROVIDE (end = .)
                0x20001210                        PROVIDE (_end = .)
                0x20001410                        . = (. + _Min_Heap_Size)
 *fill*         0x20001210      0x200 
                0x20001810                        . = (. + _Min_Stack_Size)
 *fill*         0x20001410      0x400 
                0x20001810                        . = ALIGN (0x8)

/DISCARD/
 libc.a:*(*)
 libm.a:*(*)
 libgcc.a:*(*)
OUTPUT(log.elf elf32-littlearm)
LOAD linker stubs

.ARM.attributes
                0x00000000       0x29
 .ARM.attributes
                0x00000000       0x1d D:/STM32CubeCLT/STM32CubeCLT_1.18.0/GNU-tools-for-STM32/bin/../lib/gcc/arm-none-eabi/13.3.1/thumb/v7-m/nofp/crti.o
 .ARM.attributes
                0x0000001d       0x2d D:/STM32CubeCLT/STM32CubeCLT_1.18.0/GNU-tools-for-STM32/bin/../lib/gcc/arm-none-eabi/13.3.1/thumb/v7-m/nofp/crtbegin.o
 .ARM.attributes
                0x0000004a       0x2d cmake/stm32cubemx/CMakeFiles/STM32_Drivers.dir/__/__/Core/Src/system_stm32f1xx.c.obj
 .ARM.attributes
                0x00000077       0x2d cmake/stm32cubemx/CMakeFiles/STM32_Drivers.dir/__/__/Drivers/STM32F1xx_HAL_Driver/Src/stm32f1xx_hal_i2c.c.obj
 .ARM.attributes
                0x000000a4       0x2d cmake/stm32cubemx/CMakeFiles/STM32_Drivers.dir/__/__/Drivers/STM32F1xx_HAL_Driver/Src/stm32f1xx_hal.c.obj
 .ARM.attributes
                0x000000d1       0x2d cmake/stm32cubemx/CMakeFiles/STM32_Drivers.dir/__/__/Drivers/STM32F1xx_HAL_Driver/Src/stm32f1xx_hal_rcc.c.obj
 .ARM.attributes
                0x000000fe       0x2d cmake/stm32cubemx/CMakeFiles/STM32_Drivers.dir/__/__/Drivers/STM32F1xx_HAL_Driver/Src/stm32f1xx_hal_gpio.c.obj
 .ARM.attributes
                0x0000012b       0x2d cmake/stm32cubemx/CMakeFiles/STM32_Drivers.dir/__/__/Drivers/STM32F1xx_HAL_Driver/Src/stm32f1xx_hal_cortex.c.obj
 .ARM.attributes
                0x00000158       0x2d cmake/stm32cubemx/CMakeFiles/STM32_Drivers.dir/__/__/Drivers/STM32F1xx_HAL_Driver/Src/stm32f1xx_hal_spi.c.obj
 .ARM.attributes
                0x00000185       0x2d cmake/stm32cubemx/CMakeFiles/STM32_Drivers.dir/__/__/Drivers/STM32F1xx_HAL_Driver/Src/stm32f1xx_hal_tim.c.obj
 .ARM.attributes
                0x000001b2       0x2d cmake/stm32cubemx/CMakeFiles/STM32_Drivers.dir/__/__/Drivers/STM32F1xx_HAL_Driver/Src/stm32f1xx_hal_tim_ex.c.obj
 .ARM.attributes
                0x000001df       0x2d cmake/stm32cubemx/CMakeFiles/STM32_Drivers.dir/__/__/Drivers/STM32F1xx_HAL_Driver/Src/stm32f1xx_hal_uart.c.obj
 .ARM.attributes
                0x0000020c       0x2d CMakeFiles/log.dir/Core/Src/main.c.obj
 .ARM.attributes
                0x00000239       0x2d CMakeFiles/log.dir/Core/Src/gpio.c.obj
 .ARM.attributes
                0x00000266       0x2d CMakeFiles/log.dir/Core/Src/i2c.c.obj
 .ARM.attributes
                0x00000293       0x2d CMakeFiles/log.dir/Core/Src/spi.c.obj
 .ARM.attributes
                0x000002c0       0x2d CMakeFiles/log.dir/Core/Src/tim.c.obj
 .ARM.attributes
                0x000002ed       0x2d CMakeFiles/log.dir/Core/Src/usart.c.obj
 .ARM.attributes
                0x0000031a       0x2d CMakeFiles/log.dir/Core/Src/stm32f1xx_it.c.obj
 .ARM.attributes
                0x00000347       0x2d CMakeFiles/log.dir/Core/Src/stm32f1xx_hal_msp.c.obj
 .ARM.attributes
                0x00000374       0x2d CMakeFiles/log.dir/Core/Src/sysmem.c.obj
 .ARM.attributes
                0x000003a1       0x2d CMakeFiles/log.dir/Core/Src/syscalls.c.obj
 .ARM.attributes
                0x000003ce       0x21 CMakeFiles/log.dir/startup_stm32f103xb.s.obj
 .ARM.attributes
                0x000003ef       0x2d CMakeFiles/log.dir/common/Com_debug.c.obj
 .ARM.attributes
                0x0000041c       0x2d CMakeFiles/log.dir/FreeRTOS/list.c.obj
 .ARM.attributes
                0x00000449       0x2d CMakeFiles/log.dir/FreeRTOS/tasks.c.obj
 .ARM.attributes
                0x00000476       0x2d CMakeFiles/log.dir/FreeRTOS/portable/heap_4.c.obj
 .ARM.attributes
                0x000004a3       0x2d CMakeFiles/log.dir/FreeRTOS/portable/port.c.obj
 .ARM.attributes
                0x000004d0       0x2d CMakeFiles/log.dir/Application/App_freeRTOS_Task.c.obj
 .ARM.attributes
                0x000004fd       0x2d CMakeFiles/log.dir/Application/App_receive_data.c.obj
 .ARM.attributes
                0x0000052a       0x2d CMakeFiles/log.dir/interface/Int_nRF24L01.c.obj
 .ARM.attributes
                0x00000557       0x2d D:/STM32CubeCLT/STM32CubeCLT_1.18.0/GNU-tools-for-STM32/bin/../lib/gcc/arm-none-eabi/13.3.1/../../../../arm-none-eabi/lib/thumb/v7-m/nofp\libg_nano.a(libc_a-findfp.o)
 .ARM.attributes
                0x00000584       0x2d D:/STM32CubeCLT/STM32CubeCLT_1.18.0/GNU-tools-for-STM32/bin/../lib/gcc/arm-none-eabi/13.3.1/../../../../arm-none-eabi/lib/thumb/v7-m/nofp\libg_nano.a(libc_a-fwalk.o)
 .ARM.attributes
                0x000005b1       0x2d D:/STM32CubeCLT/STM32CubeCLT_1.18.0/GNU-tools-for-STM32/bin/../lib/gcc/arm-none-eabi/13.3.1/../../../../arm-none-eabi/lib/thumb/v7-m/nofp\libg_nano.a(libc_a-printf.o)
 .ARM.attributes
                0x000005de       0x2d D:/STM32CubeCLT/STM32CubeCLT_1.18.0/GNU-tools-for-STM32/bin/../lib/gcc/arm-none-eabi/13.3.1/../../../../arm-none-eabi/lib/thumb/v7-m/nofp\libg_nano.a(libc_a-puts.o)
 .ARM.attributes
                0x0000060b       0x2d D:/STM32CubeCLT/STM32CubeCLT_1.18.0/GNU-tools-for-STM32/bin/../lib/gcc/arm-none-eabi/13.3.1/../../../../arm-none-eabi/lib/thumb/v7-m/nofp\libg_nano.a(libc_a-snprintf.o)
 .ARM.attributes
                0x00000638       0x2d D:/STM32CubeCLT/STM32CubeCLT_1.18.0/GNU-tools-for-STM32/bin/../lib/gcc/arm-none-eabi/13.3.1/../../../../arm-none-eabi/lib/thumb/v7-m/nofp\libg_nano.a(libc_a-stdio.o)
 .ARM.attributes
                0x00000665       0x2d D:/STM32CubeCLT/STM32CubeCLT_1.18.0/GNU-tools-for-STM32/bin/../lib/gcc/arm-none-eabi/13.3.1/../../../../arm-none-eabi/lib/thumb/v7-m/nofp\libg_nano.a(libc_a-wbuf.o)
 .ARM.attributes
                0x00000692       0x2d D:/STM32CubeCLT/STM32CubeCLT_1.18.0/GNU-tools-for-STM32/bin/../lib/gcc/arm-none-eabi/13.3.1/../../../../arm-none-eabi/lib/thumb/v7-m/nofp\libg_nano.a(libc_a-wsetup.o)
 .ARM.attributes
                0x000006bf       0x2d D:/STM32CubeCLT/STM32CubeCLT_1.18.0/GNU-tools-for-STM32/bin/../lib/gcc/arm-none-eabi/13.3.1/../../../../arm-none-eabi/lib/thumb/v7-m/nofp\libg_nano.a(libc_a-memset.o)
 .ARM.attributes
                0x000006ec       0x2d D:/STM32CubeCLT/STM32CubeCLT_1.18.0/GNU-tools-for-STM32/bin/../lib/gcc/arm-none-eabi/13.3.1/../../../../arm-none-eabi/lib/thumb/v7-m/nofp\libg_nano.a(libc_a-closer.o)
 .ARM.attributes
                0x00000719       0x2d D:/STM32CubeCLT/STM32CubeCLT_1.18.0/GNU-tools-for-STM32/bin/../lib/gcc/arm-none-eabi/13.3.1/../../../../arm-none-eabi/lib/thumb/v7-m/nofp\libg_nano.a(libc_a-reent.o)
 .ARM.attributes
                0x00000746       0x2d D:/STM32CubeCLT/STM32CubeCLT_1.18.0/GNU-tools-for-STM32/bin/../lib/gcc/arm-none-eabi/13.3.1/../../../../arm-none-eabi/lib/thumb/v7-m/nofp\libg_nano.a(libc_a-impure.o)
 .ARM.attributes
                0x00000773       0x2d D:/STM32CubeCLT/STM32CubeCLT_1.18.0/GNU-tools-for-STM32/bin/../lib/gcc/arm-none-eabi/13.3.1/../../../../arm-none-eabi/lib/thumb/v7-m/nofp\libg_nano.a(libc_a-lseekr.o)
 .ARM.attributes
                0x000007a0       0x2d D:/STM32CubeCLT/STM32CubeCLT_1.18.0/GNU-tools-for-STM32/bin/../lib/gcc/arm-none-eabi/13.3.1/../../../../arm-none-eabi/lib/thumb/v7-m/nofp\libg_nano.a(libc_a-readr.o)
 .ARM.attributes
                0x000007cd       0x2d D:/STM32CubeCLT/STM32CubeCLT_1.18.0/GNU-tools-for-STM32/bin/../lib/gcc/arm-none-eabi/13.3.1/../../../../arm-none-eabi/lib/thumb/v7-m/nofp\libg_nano.a(libc_a-writer.o)
 .ARM.attributes
                0x000007fa       0x2d D:/STM32CubeCLT/STM32CubeCLT_1.18.0/GNU-tools-for-STM32/bin/../lib/gcc/arm-none-eabi/13.3.1/../../../../arm-none-eabi/lib/thumb/v7-m/nofp\libg_nano.a(libc_a-errno.o)
 .ARM.attributes
                0x00000827       0x2d D:/STM32CubeCLT/STM32CubeCLT_1.18.0/GNU-tools-for-STM32/bin/../lib/gcc/arm-none-eabi/13.3.1/../../../../arm-none-eabi/lib/thumb/v7-m/nofp\libg_nano.a(libc_a-init.o)
 .ARM.attributes
                0x00000854       0x2d D:/STM32CubeCLT/STM32CubeCLT_1.18.0/GNU-tools-for-STM32/bin/../lib/gcc/arm-none-eabi/13.3.1/../../../../arm-none-eabi/lib/thumb/v7-m/nofp\libg_nano.a(libc_a-lock.o)
 .ARM.attributes
                0x00000881       0x2d D:/STM32CubeCLT/STM32CubeCLT_1.18.0/GNU-tools-for-STM32/bin/../lib/gcc/arm-none-eabi/13.3.1/../../../../arm-none-eabi/lib/thumb/v7-m/nofp\libg_nano.a(libc_a-memcpy-stub.o)
 .ARM.attributes
                0x000008ae       0x2d D:/STM32CubeCLT/STM32CubeCLT_1.18.0/GNU-tools-for-STM32/bin/../lib/gcc/arm-none-eabi/13.3.1/../../../../arm-none-eabi/lib/thumb/v7-m/nofp\libg_nano.a(libc_a-freer.o)
 .ARM.attributes
                0x000008db       0x2d D:/STM32CubeCLT/STM32CubeCLT_1.18.0/GNU-tools-for-STM32/bin/../lib/gcc/arm-none-eabi/13.3.1/../../../../arm-none-eabi/lib/thumb/v7-m/nofp\libg_nano.a(libc_a-mallocr.o)
 .ARM.attributes
                0x00000908       0x2d D:/STM32CubeCLT/STM32CubeCLT_1.18.0/GNU-tools-for-STM32/bin/../lib/gcc/arm-none-eabi/13.3.1/../../../../arm-none-eabi/lib/thumb/v7-m/nofp\libg_nano.a(libc_a-mlock.o)
 .ARM.attributes
                0x00000935       0x2d D:/STM32CubeCLT/STM32CubeCLT_1.18.0/GNU-tools-for-STM32/bin/../lib/gcc/arm-none-eabi/13.3.1/../../../../arm-none-eabi/lib/thumb/v7-m/nofp\libg_nano.a(libc_a-nano-svfprintf.o)
 .ARM.attributes
                0x00000962       0x2d D:/STM32CubeCLT/STM32CubeCLT_1.18.0/GNU-tools-for-STM32/bin/../lib/gcc/arm-none-eabi/13.3.1/../../../../arm-none-eabi/lib/thumb/v7-m/nofp\libg_nano.a(libc_a-nano-vfprintf.o)
 .ARM.attributes
                0x0000098f       0x2d D:/STM32CubeCLT/STM32CubeCLT_1.18.0/GNU-tools-for-STM32/bin/../lib/gcc/arm-none-eabi/13.3.1/../../../../arm-none-eabi/lib/thumb/v7-m/nofp\libg_nano.a(libc_a-nano-vfprintf_i.o)
 .ARM.attributes
                0x000009bc       0x2d D:/STM32CubeCLT/STM32CubeCLT_1.18.0/GNU-tools-for-STM32/bin/../lib/gcc/arm-none-eabi/13.3.1/../../../../arm-none-eabi/lib/thumb/v7-m/nofp\libg_nano.a(libc_a-fflush.o)
 .ARM.attributes
                0x000009e9       0x2d D:/STM32CubeCLT/STM32CubeCLT_1.18.0/GNU-tools-for-STM32/bin/../lib/gcc/arm-none-eabi/13.3.1/../../../../arm-none-eabi/lib/thumb/v7-m/nofp\libg_nano.a(libc_a-makebuf.o)
 .ARM.attributes
                0x00000a16       0x2d D:/STM32CubeCLT/STM32CubeCLT_1.18.0/GNU-tools-for-STM32/bin/../lib/gcc/arm-none-eabi/13.3.1/../../../../arm-none-eabi/lib/thumb/v7-m/nofp\libg_nano.a(libc_a-memmove.o)
 .ARM.attributes
                0x00000a43       0x2d D:/STM32CubeCLT/STM32CubeCLT_1.18.0/GNU-tools-for-STM32/bin/../lib/gcc/arm-none-eabi/13.3.1/../../../../arm-none-eabi/lib/thumb/v7-m/nofp\libg_nano.a(libc_a-fstatr.o)
 .ARM.attributes
                0x00000a70       0x2d D:/STM32CubeCLT/STM32CubeCLT_1.18.0/GNU-tools-for-STM32/bin/../lib/gcc/arm-none-eabi/13.3.1/../../../../arm-none-eabi/lib/thumb/v7-m/nofp\libg_nano.a(libc_a-isattyr.o)
 .ARM.attributes
                0x00000a9d       0x2d D:/STM32CubeCLT/STM32CubeCLT_1.18.0/GNU-tools-for-STM32/bin/../lib/gcc/arm-none-eabi/13.3.1/../../../../arm-none-eabi/lib/thumb/v7-m/nofp\libg_nano.a(libc_a-sbrkr.o)
 .ARM.attributes
                0x00000aca       0x2d D:/STM32CubeCLT/STM32CubeCLT_1.18.0/GNU-tools-for-STM32/bin/../lib/gcc/arm-none-eabi/13.3.1/../../../../arm-none-eabi/lib/thumb/v7-m/nofp\libg_nano.a(libc_a-memchr-stub.o)
 .ARM.attributes
                0x00000af7       0x2d D:/STM32CubeCLT/STM32CubeCLT_1.18.0/GNU-tools-for-STM32/bin/../lib/gcc/arm-none-eabi/13.3.1/../../../../arm-none-eabi/lib/thumb/v7-m/nofp\libg_nano.a(libc_a-reallocr.o)
 .ARM.attributes
                0x00000b24       0x2d D:/STM32CubeCLT/STM32CubeCLT_1.18.0/GNU-tools-for-STM32/bin/../lib/gcc/arm-none-eabi/13.3.1/../../../../arm-none-eabi/lib/thumb/v7-m/nofp\libg_nano.a(libc_a-msizer.o)
 .ARM.attributes
                0x00000b51       0x1d D:/STM32CubeCLT/STM32CubeCLT_1.18.0/GNU-tools-for-STM32/bin/../lib/gcc/arm-none-eabi/13.3.1/thumb/v7-m/nofp/crtn.o

.comment        0x00000000       0x43
 .comment       0x00000000       0x43 cmake/stm32cubemx/CMakeFiles/STM32_Drivers.dir/__/__/Core/Src/system_stm32f1xx.c.obj
                                 0x44 (size before relaxing)
 .comment       0x00000043       0x44 cmake/stm32cubemx/CMakeFiles/STM32_Drivers.dir/__/__/Drivers/STM32F1xx_HAL_Driver/Src/stm32f1xx_hal_i2c.c.obj
 .comment       0x00000043       0x44 cmake/stm32cubemx/CMakeFiles/STM32_Drivers.dir/__/__/Drivers/STM32F1xx_HAL_Driver/Src/stm32f1xx_hal.c.obj
 .comment       0x00000043       0x44 cmake/stm32cubemx/CMakeFiles/STM32_Drivers.dir/__/__/Drivers/STM32F1xx_HAL_Driver/Src/stm32f1xx_hal_rcc.c.obj
 .comment       0x00000043       0x44 cmake/stm32cubemx/CMakeFiles/STM32_Drivers.dir/__/__/Drivers/STM32F1xx_HAL_Driver/Src/stm32f1xx_hal_gpio.c.obj
 .comment       0x00000043       0x44 cmake/stm32cubemx/CMakeFiles/STM32_Drivers.dir/__/__/Drivers/STM32F1xx_HAL_Driver/Src/stm32f1xx_hal_cortex.c.obj
 .comment       0x00000043       0x44 cmake/stm32cubemx/CMakeFiles/STM32_Drivers.dir/__/__/Drivers/STM32F1xx_HAL_Driver/Src/stm32f1xx_hal_spi.c.obj
 .comment       0x00000043       0x44 cmake/stm32cubemx/CMakeFiles/STM32_Drivers.dir/__/__/Drivers/STM32F1xx_HAL_Driver/Src/stm32f1xx_hal_tim.c.obj
 .comment       0x00000043       0x44 cmake/stm32cubemx/CMakeFiles/STM32_Drivers.dir/__/__/Drivers/STM32F1xx_HAL_Driver/Src/stm32f1xx_hal_tim_ex.c.obj
 .comment       0x00000043       0x44 cmake/stm32cubemx/CMakeFiles/STM32_Drivers.dir/__/__/Drivers/STM32F1xx_HAL_Driver/Src/stm32f1xx_hal_uart.c.obj
 .comment       0x00000043       0x44 CMakeFiles/log.dir/Core/Src/main.c.obj
 .comment       0x00000043       0x44 CMakeFiles/log.dir/Core/Src/gpio.c.obj
 .comment       0x00000043       0x44 CMakeFiles/log.dir/Core/Src/i2c.c.obj
 .comment       0x00000043       0x44 CMakeFiles/log.dir/Core/Src/spi.c.obj
 .comment       0x00000043       0x44 CMakeFiles/log.dir/Core/Src/tim.c.obj
 .comment       0x00000043       0x44 CMakeFiles/log.dir/Core/Src/usart.c.obj
 .comment       0x00000043       0x44 CMakeFiles/log.dir/Core/Src/stm32f1xx_it.c.obj
 .comment       0x00000043       0x44 CMakeFiles/log.dir/Core/Src/stm32f1xx_hal_msp.c.obj
 .comment       0x00000043       0x44 CMakeFiles/log.dir/Core/Src/sysmem.c.obj
 .comment       0x00000043       0x44 CMakeFiles/log.dir/Core/Src/syscalls.c.obj
 .comment       0x00000043       0x44 CMakeFiles/log.dir/common/Com_debug.c.obj
 .comment       0x00000043       0x44 CMakeFiles/log.dir/FreeRTOS/list.c.obj
 .comment       0x00000043       0x44 CMakeFiles/log.dir/FreeRTOS/tasks.c.obj
 .comment       0x00000043       0x44 CMakeFiles/log.dir/FreeRTOS/portable/heap_4.c.obj
 .comment       0x00000043       0x44 CMakeFiles/log.dir/FreeRTOS/portable/port.c.obj
 .comment       0x00000043       0x44 CMakeFiles/log.dir/Application/App_freeRTOS_Task.c.obj
 .comment       0x00000043       0x44 CMakeFiles/log.dir/Application/App_receive_data.c.obj
 .comment       0x00000043       0x44 CMakeFiles/log.dir/interface/Int_nRF24L01.c.obj
 .comment       0x00000043       0x44 D:/STM32CubeCLT/STM32CubeCLT_1.18.0/GNU-tools-for-STM32/bin/../lib/gcc/arm-none-eabi/13.3.1/../../../../arm-none-eabi/lib/thumb/v7-m/nofp\libg_nano.a(libc_a-findfp.o)
 .comment       0x00000043       0x44 D:/STM32CubeCLT/STM32CubeCLT_1.18.0/GNU-tools-for-STM32/bin/../lib/gcc/arm-none-eabi/13.3.1/../../../../arm-none-eabi/lib/thumb/v7-m/nofp\libg_nano.a(libc_a-fwalk.o)
 .comment       0x00000043       0x44 D:/STM32CubeCLT/STM32CubeCLT_1.18.0/GNU-tools-for-STM32/bin/../lib/gcc/arm-none-eabi/13.3.1/../../../../arm-none-eabi/lib/thumb/v7-m/nofp\libg_nano.a(libc_a-printf.o)
 .comment       0x00000043       0x44 D:/STM32CubeCLT/STM32CubeCLT_1.18.0/GNU-tools-for-STM32/bin/../lib/gcc/arm-none-eabi/13.3.1/../../../../arm-none-eabi/lib/thumb/v7-m/nofp\libg_nano.a(libc_a-puts.o)
 .comment       0x00000043       0x44 D:/STM32CubeCLT/STM32CubeCLT_1.18.0/GNU-tools-for-STM32/bin/../lib/gcc/arm-none-eabi/13.3.1/../../../../arm-none-eabi/lib/thumb/v7-m/nofp\libg_nano.a(libc_a-snprintf.o)
 .comment       0x00000043       0x44 D:/STM32CubeCLT/STM32CubeCLT_1.18.0/GNU-tools-for-STM32/bin/../lib/gcc/arm-none-eabi/13.3.1/../../../../arm-none-eabi/lib/thumb/v7-m/nofp\libg_nano.a(libc_a-stdio.o)
 .comment       0x00000043       0x44 D:/STM32CubeCLT/STM32CubeCLT_1.18.0/GNU-tools-for-STM32/bin/../lib/gcc/arm-none-eabi/13.3.1/../../../../arm-none-eabi/lib/thumb/v7-m/nofp\libg_nano.a(libc_a-wbuf.o)
 .comment       0x00000043       0x44 D:/STM32CubeCLT/STM32CubeCLT_1.18.0/GNU-tools-for-STM32/bin/../lib/gcc/arm-none-eabi/13.3.1/../../../../arm-none-eabi/lib/thumb/v7-m/nofp\libg_nano.a(libc_a-wsetup.o)
 .comment       0x00000043       0x44 D:/STM32CubeCLT/STM32CubeCLT_1.18.0/GNU-tools-for-STM32/bin/../lib/gcc/arm-none-eabi/13.3.1/../../../../arm-none-eabi/lib/thumb/v7-m/nofp\libg_nano.a(libc_a-memset.o)
 .comment       0x00000043       0x44 D:/STM32CubeCLT/STM32CubeCLT_1.18.0/GNU-tools-for-STM32/bin/../lib/gcc/arm-none-eabi/13.3.1/../../../../arm-none-eabi/lib/thumb/v7-m/nofp\libg_nano.a(libc_a-closer.o)
 .comment       0x00000043       0x44 D:/STM32CubeCLT/STM32CubeCLT_1.18.0/GNU-tools-for-STM32/bin/../lib/gcc/arm-none-eabi/13.3.1/../../../../arm-none-eabi/lib/thumb/v7-m/nofp\libg_nano.a(libc_a-reent.o)
 .comment       0x00000043       0x44 D:/STM32CubeCLT/STM32CubeCLT_1.18.0/GNU-tools-for-STM32/bin/../lib/gcc/arm-none-eabi/13.3.1/../../../../arm-none-eabi/lib/thumb/v7-m/nofp\libg_nano.a(libc_a-impure.o)
 .comment       0x00000043       0x44 D:/STM32CubeCLT/STM32CubeCLT_1.18.0/GNU-tools-for-STM32/bin/../lib/gcc/arm-none-eabi/13.3.1/../../../../arm-none-eabi/lib/thumb/v7-m/nofp\libg_nano.a(libc_a-lseekr.o)
 .comment       0x00000043       0x44 D:/STM32CubeCLT/STM32CubeCLT_1.18.0/GNU-tools-for-STM32/bin/../lib/gcc/arm-none-eabi/13.3.1/../../../../arm-none-eabi/lib/thumb/v7-m/nofp\libg_nano.a(libc_a-readr.o)
 .comment       0x00000043       0x44 D:/STM32CubeCLT/STM32CubeCLT_1.18.0/GNU-tools-for-STM32/bin/../lib/gcc/arm-none-eabi/13.3.1/../../../../arm-none-eabi/lib/thumb/v7-m/nofp\libg_nano.a(libc_a-writer.o)
 .comment       0x00000043       0x44 D:/STM32CubeCLT/STM32CubeCLT_1.18.0/GNU-tools-for-STM32/bin/../lib/gcc/arm-none-eabi/13.3.1/../../../../arm-none-eabi/lib/thumb/v7-m/nofp\libg_nano.a(libc_a-errno.o)
 .comment       0x00000043       0x44 D:/STM32CubeCLT/STM32CubeCLT_1.18.0/GNU-tools-for-STM32/bin/../lib/gcc/arm-none-eabi/13.3.1/../../../../arm-none-eabi/lib/thumb/v7-m/nofp\libg_nano.a(libc_a-init.o)
 .comment       0x00000043       0x44 D:/STM32CubeCLT/STM32CubeCLT_1.18.0/GNU-tools-for-STM32/bin/../lib/gcc/arm-none-eabi/13.3.1/../../../../arm-none-eabi/lib/thumb/v7-m/nofp\libg_nano.a(libc_a-lock.o)
 .comment       0x00000043       0x44 D:/STM32CubeCLT/STM32CubeCLT_1.18.0/GNU-tools-for-STM32/bin/../lib/gcc/arm-none-eabi/13.3.1/../../../../arm-none-eabi/lib/thumb/v7-m/nofp\libg_nano.a(libc_a-memcpy-stub.o)
 .comment       0x00000043       0x44 D:/STM32CubeCLT/STM32CubeCLT_1.18.0/GNU-tools-for-STM32/bin/../lib/gcc/arm-none-eabi/13.3.1/../../../../arm-none-eabi/lib/thumb/v7-m/nofp\libg_nano.a(libc_a-freer.o)
 .comment       0x00000043       0x44 D:/STM32CubeCLT/STM32CubeCLT_1.18.0/GNU-tools-for-STM32/bin/../lib/gcc/arm-none-eabi/13.3.1/../../../../arm-none-eabi/lib/thumb/v7-m/nofp\libg_nano.a(libc_a-mallocr.o)
 .comment       0x00000043       0x44 D:/STM32CubeCLT/STM32CubeCLT_1.18.0/GNU-tools-for-STM32/bin/../lib/gcc/arm-none-eabi/13.3.1/../../../../arm-none-eabi/lib/thumb/v7-m/nofp\libg_nano.a(libc_a-mlock.o)
 .comment       0x00000043       0x44 D:/STM32CubeCLT/STM32CubeCLT_1.18.0/GNU-tools-for-STM32/bin/../lib/gcc/arm-none-eabi/13.3.1/../../../../arm-none-eabi/lib/thumb/v7-m/nofp\libg_nano.a(libc_a-nano-svfprintf.o)
 .comment       0x00000043       0x44 D:/STM32CubeCLT/STM32CubeCLT_1.18.0/GNU-tools-for-STM32/bin/../lib/gcc/arm-none-eabi/13.3.1/../../../../arm-none-eabi/lib/thumb/v7-m/nofp\libg_nano.a(libc_a-nano-vfprintf.o)
 .comment       0x00000043       0x44 D:/STM32CubeCLT/STM32CubeCLT_1.18.0/GNU-tools-for-STM32/bin/../lib/gcc/arm-none-eabi/13.3.1/../../../../arm-none-eabi/lib/thumb/v7-m/nofp\libg_nano.a(libc_a-nano-vfprintf_i.o)
 .comment       0x00000043       0x44 D:/STM32CubeCLT/STM32CubeCLT_1.18.0/GNU-tools-for-STM32/bin/../lib/gcc/arm-none-eabi/13.3.1/../../../../arm-none-eabi/lib/thumb/v7-m/nofp\libg_nano.a(libc_a-fflush.o)
 .comment       0x00000043       0x44 D:/STM32CubeCLT/STM32CubeCLT_1.18.0/GNU-tools-for-STM32/bin/../lib/gcc/arm-none-eabi/13.3.1/../../../../arm-none-eabi/lib/thumb/v7-m/nofp\libg_nano.a(libc_a-makebuf.o)
 .comment       0x00000043       0x44 D:/STM32CubeCLT/STM32CubeCLT_1.18.0/GNU-tools-for-STM32/bin/../lib/gcc/arm-none-eabi/13.3.1/../../../../arm-none-eabi/lib/thumb/v7-m/nofp\libg_nano.a(libc_a-memmove.o)
 .comment       0x00000043       0x44 D:/STM32CubeCLT/STM32CubeCLT_1.18.0/GNU-tools-for-STM32/bin/../lib/gcc/arm-none-eabi/13.3.1/../../../../arm-none-eabi/lib/thumb/v7-m/nofp\libg_nano.a(libc_a-fstatr.o)
 .comment       0x00000043       0x44 D:/STM32CubeCLT/STM32CubeCLT_1.18.0/GNU-tools-for-STM32/bin/../lib/gcc/arm-none-eabi/13.3.1/../../../../arm-none-eabi/lib/thumb/v7-m/nofp\libg_nano.a(libc_a-isattyr.o)
 .comment       0x00000043       0x44 D:/STM32CubeCLT/STM32CubeCLT_1.18.0/GNU-tools-for-STM32/bin/../lib/gcc/arm-none-eabi/13.3.1/../../../../arm-none-eabi/lib/thumb/v7-m/nofp\libg_nano.a(libc_a-sbrkr.o)
 .comment       0x00000043       0x44 D:/STM32CubeCLT/STM32CubeCLT_1.18.0/GNU-tools-for-STM32/bin/../lib/gcc/arm-none-eabi/13.3.1/../../../../arm-none-eabi/lib/thumb/v7-m/nofp\libg_nano.a(libc_a-memchr-stub.o)
 .comment       0x00000043       0x44 D:/STM32CubeCLT/STM32CubeCLT_1.18.0/GNU-tools-for-STM32/bin/../lib/gcc/arm-none-eabi/13.3.1/../../../../arm-none-eabi/lib/thumb/v7-m/nofp\libg_nano.a(libc_a-reallocr.o)
 .comment       0x00000043       0x44 D:/STM32CubeCLT/STM32CubeCLT_1.18.0/GNU-tools-for-STM32/bin/../lib/gcc/arm-none-eabi/13.3.1/../../../../arm-none-eabi/lib/thumb/v7-m/nofp\libg_nano.a(libc_a-msizer.o)

.debug_info     0x00000000    0x27e0f
 .debug_info    0x00000000      0x222 cmake/stm32cubemx/CMakeFiles/STM32_Drivers.dir/__/__/Core/Src/system_stm32f1xx.c.obj
 .debug_info    0x00000222     0x2524 cmake/stm32cubemx/CMakeFiles/STM32_Drivers.dir/__/__/Drivers/STM32F1xx_HAL_Driver/Src/stm32f1xx_hal_i2c.c.obj
 .debug_info    0x00002746      0x704 cmake/stm32cubemx/CMakeFiles/STM32_Drivers.dir/__/__/Drivers/STM32F1xx_HAL_Driver/Src/stm32f1xx_hal.c.obj
 .debug_info    0x00002e4a      0x7d5 cmake/stm32cubemx/CMakeFiles/STM32_Drivers.dir/__/__/Drivers/STM32F1xx_HAL_Driver/Src/stm32f1xx_hal_rcc.c.obj
 .debug_info    0x0000361f      0x5ab cmake/stm32cubemx/CMakeFiles/STM32_Drivers.dir/__/__/Drivers/STM32F1xx_HAL_Driver/Src/stm32f1xx_hal_gpio.c.obj
 .debug_info    0x00003bca      0xa87 cmake/stm32cubemx/CMakeFiles/STM32_Drivers.dir/__/__/Drivers/STM32F1xx_HAL_Driver/Src/stm32f1xx_hal_cortex.c.obj
 .debug_info    0x00004651     0x142d cmake/stm32cubemx/CMakeFiles/STM32_Drivers.dir/__/__/Drivers/STM32F1xx_HAL_Driver/Src/stm32f1xx_hal_spi.c.obj
 .debug_info    0x00005a7e     0x2959 cmake/stm32cubemx/CMakeFiles/STM32_Drivers.dir/__/__/Drivers/STM32F1xx_HAL_Driver/Src/stm32f1xx_hal_tim.c.obj
 .debug_info    0x000083d7     0x149b cmake/stm32cubemx/CMakeFiles/STM32_Drivers.dir/__/__/Drivers/STM32F1xx_HAL_Driver/Src/stm32f1xx_hal_tim_ex.c.obj
 .debug_info    0x00009872     0x2eed cmake/stm32cubemx/CMakeFiles/STM32_Drivers.dir/__/__/Drivers/STM32F1xx_HAL_Driver/Src/stm32f1xx_hal_uart.c.obj
 .debug_info    0x0000c75f      0x3e6 CMakeFiles/log.dir/Core/Src/main.c.obj
 .debug_info    0x0000cb45      0x384 CMakeFiles/log.dir/Core/Src/gpio.c.obj
 .debug_info    0x0000cec9      0x92d CMakeFiles/log.dir/Core/Src/i2c.c.obj
 .debug_info    0x0000d7f6      0x834 CMakeFiles/log.dir/Core/Src/spi.c.obj
 .debug_info    0x0000e02a     0x1123 CMakeFiles/log.dir/Core/Src/tim.c.obj
 .debug_info    0x0000f14d      0x80f CMakeFiles/log.dir/Core/Src/usart.c.obj
 .debug_info    0x0000f95c      0x13b CMakeFiles/log.dir/Core/Src/stm32f1xx_it.c.obj
 .debug_info    0x0000fa97      0x1f8 CMakeFiles/log.dir/Core/Src/stm32f1xx_hal_msp.c.obj
 .debug_info    0x0000fc8f      0x175 CMakeFiles/log.dir/Core/Src/sysmem.c.obj
 .debug_info    0x0000fe04      0x797 CMakeFiles/log.dir/Core/Src/syscalls.c.obj
 .debug_info    0x0001059b       0x30 CMakeFiles/log.dir/startup_stm32f103xb.s.obj
 .debug_info    0x000105cb     0x119a CMakeFiles/log.dir/common/Com_debug.c.obj
 .debug_info    0x00011765      0x2c3 CMakeFiles/log.dir/FreeRTOS/list.c.obj
 .debug_info    0x00011a28     0x2a73 CMakeFiles/log.dir/FreeRTOS/tasks.c.obj
 .debug_info    0x0001449b      0x5c4 CMakeFiles/log.dir/FreeRTOS/portable/heap_4.c.obj
 .debug_info    0x00014a5f      0x33c CMakeFiles/log.dir/FreeRTOS/portable/port.c.obj
 .debug_info    0x00014d9b      0x9ba CMakeFiles/log.dir/Application/App_freeRTOS_Task.c.obj
 .debug_info    0x00015755      0x73e CMakeFiles/log.dir/Application/App_receive_data.c.obj
 .debug_info    0x00015e93      0xff0 CMakeFiles/log.dir/interface/Int_nRF24L01.c.obj
 .debug_info    0x00016e83      0xfb5 D:/STM32CubeCLT/STM32CubeCLT_1.18.0/GNU-tools-for-STM32/bin/../lib/gcc/arm-none-eabi/13.3.1/../../../../arm-none-eabi/lib/thumb/v7-m/nofp\libg_nano.a(libc_a-findfp.o)
 .debug_info    0x00017e38      0x7d2 D:/STM32CubeCLT/STM32CubeCLT_1.18.0/GNU-tools-for-STM32/bin/../lib/gcc/arm-none-eabi/13.3.1/../../../../arm-none-eabi/lib/thumb/v7-m/nofp\libg_nano.a(libc_a-fwalk.o)
 .debug_info    0x0001860a      0x841 D:/STM32CubeCLT/STM32CubeCLT_1.18.0/GNU-tools-for-STM32/bin/../lib/gcc/arm-none-eabi/13.3.1/../../../../arm-none-eabi/lib/thumb/v7-m/nofp\libg_nano.a(libc_a-printf.o)
 .debug_info    0x00018e4b      0x950 D:/STM32CubeCLT/STM32CubeCLT_1.18.0/GNU-tools-for-STM32/bin/../lib/gcc/arm-none-eabi/13.3.1/../../../../arm-none-eabi/lib/thumb/v7-m/nofp\libg_nano.a(libc_a-puts.o)
 .debug_info    0x0001979b      0x8b9 D:/STM32CubeCLT/STM32CubeCLT_1.18.0/GNU-tools-for-STM32/bin/../lib/gcc/arm-none-eabi/13.3.1/../../../../arm-none-eabi/lib/thumb/v7-m/nofp\libg_nano.a(libc_a-snprintf.o)
 .debug_info    0x0001a054      0xa90 D:/STM32CubeCLT/STM32CubeCLT_1.18.0/GNU-tools-for-STM32/bin/../lib/gcc/arm-none-eabi/13.3.1/../../../../arm-none-eabi/lib/thumb/v7-m/nofp\libg_nano.a(libc_a-stdio.o)
 .debug_info    0x0001aae4      0x874 D:/STM32CubeCLT/STM32CubeCLT_1.18.0/GNU-tools-for-STM32/bin/../lib/gcc/arm-none-eabi/13.3.1/../../../../arm-none-eabi/lib/thumb/v7-m/nofp\libg_nano.a(libc_a-wbuf.o)
 .debug_info    0x0001b358      0x7bb D:/STM32CubeCLT/STM32CubeCLT_1.18.0/GNU-tools-for-STM32/bin/../lib/gcc/arm-none-eabi/13.3.1/../../../../arm-none-eabi/lib/thumb/v7-m/nofp\libg_nano.a(libc_a-wsetup.o)
 .debug_info    0x0001bb13       0xe0 D:/STM32CubeCLT/STM32CubeCLT_1.18.0/GNU-tools-for-STM32/bin/../lib/gcc/arm-none-eabi/13.3.1/../../../../arm-none-eabi/lib/thumb/v7-m/nofp\libg_nano.a(libc_a-memset.o)
 .debug_info    0x0001bbf3      0x75d D:/STM32CubeCLT/STM32CubeCLT_1.18.0/GNU-tools-for-STM32/bin/../lib/gcc/arm-none-eabi/13.3.1/../../../../arm-none-eabi/lib/thumb/v7-m/nofp\libg_nano.a(libc_a-closer.o)