*** Using Compiler 'V5.06 update 5 (build 528)', folder: 'D:\Keil5\ARM\ARMCC\Bin'
Build target 'ANO_Remoter_V2.0'
compiling main.c...
.\Driver\ANO_Drv_ADC.h(11): warning:  #1-D: last line of file ends without a newline
  #endif /* __ADC_H */ 
ANO_Remoter\main.c: 1 warning, 0 errors
compiling ANO_Scheduler.c...
.\Driver\ANO_Drv_ADC.h(11): warning:  #1-D: last line of file ends without a newline
  #endif /* __ADC_H */ 
ANO_Remoter\ANO_Scheduler.c: 1 warning, 0 errors
compiling ANO_Drv_ADC.c...
Driver\ANO_Drv_ADC.h(11): warning:  #1-D: last line of file ends without a newline
  #endif /* __ADC_H */ 
Driver\ANO_Drv_ADC.h(11): warning:  #1-D: last line of file ends without a newline
  #endif /* __ADC_H */ 
Driver\ANO_Drv_ADC.c: 2 warnings, 0 errors
compiling ANO_Drv_Nrf24l01.c...
Driver\ANO_Drv_ADC.h(11): warning:  #1-D: last line of file ends without a newline
  #endif /* __ADC_H */ 
Driver\ANO_Drv_Nrf24l01.c: 1 warning, 0 errors
compiling oled.c...
.\Driver\ANO_Drv_ADC.h(11): warning:  #1-D: last line of file ends without a newline
  #endif /* __ADC_H */ 
Driver\OLED\oled.c: 1 warning, 0 errors
compiling board.c...
Driver\ANO_Drv_ADC.h(11): warning:  #1-D: last line of file ends without a newline
  #endif /* __ADC_H */ 
Driver\board.c: 1 warning, 0 errors
compiling ANO_Param.c...
.\Driver\ANO_Drv_ADC.h(11): warning:  #1-D: last line of file ends without a newline
  #endif /* __ADC_H */ 
ANO_Remoter\ANO_Param.c: 1 warning, 0 errors
compiling ANO_Drv_I2C.c...
Driver\ANO_Drv_ADC.h(11): warning:  #1-D: last line of file ends without a newline
  #endif /* __ADC_H */ 
Driver\ANO_Drv_I2C.c: 1 warning, 0 errors
compiling oledfont.c...
.\Driver\ANO_Drv_ADC.h(11): warning:  #1-D: last line of file ends without a newline
  #endif /* __ADC_H */ 
Driver\OLED\oledfont.c: 1 warning, 0 errors
compiling ANO_Drv_SPI.c...
Driver\ANO_Drv_ADC.h(11): warning:  #1-D: last line of file ends without a newline
  #endif /* __ADC_H */ 
Driver\ANO_Drv_SPI.c: 1 warning, 0 errors
compiling ANO_DT.c...
.\Driver\ANO_Drv_ADC.h(11): warning:  #1-D: last line of file ends without a newline
  #endif /* __ADC_H */ 
ANO_Remoter\ANO_DT.c: 1 warning, 0 errors
compiling ANO_Drv_Uart.c...
Driver\ANO_Drv_ADC.h(11): warning:  #1-D: last line of file ends without a newline
  #endif /* __ADC_H */ 
Driver\ANO_Drv_Uart.c: 1 warning, 0 errors
compiling show.c...
.\Driver\ANO_Drv_ADC.h(11): warning:  #1-D: last line of file ends without a newline
  #endif /* __ADC_H */ 
Driver\OLED\show.c: 1 warning, 0 errors
compiling ANO_Stick.c...
.\Driver\ANO_Drv_ADC.h(11): warning:  #1-D: last line of file ends without a newline
  #endif /* __ADC_H */ 
ANO_Remoter\ANO_Stick.c: 1 warning, 0 errors
compiling ANO_Drv_LED.c...
Driver\ANO_Drv_ADC.h(11): warning:  #1-D: last line of file ends without a newline
  #endif /* __ADC_H */ 
Driver\ANO_Drv_LED.c(13): warning:  #177-D: function "Tim2_init"  was declared but never referenced
  static void Tim2_init(void)
Driver\ANO_Drv_LED.c: 2 warnings, 0 errors
compiling stm32f10x_it.c...
Driver\ANO_Drv_ADC.h(11): warning:  #1-D: last line of file ends without a newline
  #endif /* __ADC_H */ 
Driver\stm32f10x_it.c: 1 warning, 0 errors
compiling ANO_Drv_Flash.c...
compiling ANO_Drv_Hid.c...
Driver\ANO_Drv_ADC.h(11): warning:  #1-D: last line of file ends without a newline
  #endif /* __ADC_H */ 
Driver\ANO_Drv_Hid.c: 1 warning, 0 errors
assembling startup_stm32f10x_md.s...
compiling system_stm32f10x.c...
compiling Key.c...
.\Driver\ANO_Drv_ADC.h(11): warning:  #1-D: last line of file ends without a newline
  #endif /* __ADC_H */ 
Driver\Key.c(199): warning:  #1-D: last line of file ends without a newline
  }
Driver\Key.c: 2 warnings, 0 errors
compiling core_cm3.c...
compiling misc.c...
compiling stm32f10x_rcc.c...
compiling stm32f10x_flash.c...
compiling stm32f10x_gpio.c...
compiling stm32f10x_spi.c...
compiling stm32f10x_usart.c...
compiling stm32f10x_adc.c...
compiling stm32f10x_dma.c...
compiling stm32f10x_tim.c...
compiling usb_mem.c...
compiling usb_init.c...
compiling usb_int.c...
compiling usb_core.c...
compiling usb_regs.c...
compiling usb_config.c...
compiling usb_desc.c...
compiling usb_endp.c...
compiling usb_istr.c...
compiling usb_prop.c...
compiling usb_pwr.c...
linking...
Program Size: Code=37508 RO-data=6220 RW-data=448 ZI-data=3384  
FromELF: creating hex file...
".\build\ANO_USB.axf" - 0 Error(s), 21 Warning(s).
Build Time Elapsed:  00:00:02
