Component: ARM Compiler 5.06 update 7 (build 960) Tool: armlink [4d3601]

==============================================================================

Section Cross References

    startup_stm32f103xb.o(RESET) refers to startup_stm32f103xb.o(STACK) for __initial_sp
    startup_stm32f103xb.o(RESET) refers to startup_stm32f103xb.o(.text) for Reset_Handler
    startup_stm32f103xb.o(RESET) refers to stm32f1xx_it.o(i.NMI_Handler) for NMI_Handler
    startup_stm32f103xb.o(RESET) refers to stm32f1xx_it.o(i.HardFault_Handler) for HardFault_Handler
    startup_stm32f103xb.o(RESET) refers to stm32f1xx_it.o(i.MemManage_Handler) for MemManage_Handler
    startup_stm32f103xb.o(RESET) refers to stm32f1xx_it.o(i.BusFault_Handler) for BusFault_Handler
    startup_stm32f103xb.o(RESET) refers to stm32f1xx_it.o(i.UsageFault_Handler) for UsageFault_Handler
    startup_stm32f103xb.o(RESET) refers to port.o(.emb_text) for SVC_Handler
    startup_stm32f103xb.o(RESET) refers to stm32f1xx_it.o(i.DebugMon_Handler) for DebugMon_Handler
    startup_stm32f103xb.o(RESET) refers to stm32f1xx_it.o(i.SysTick_Handler) for SysTick_Handler
    startup_stm32f103xb.o(.text) refers to system_stm32f1xx.o(i.SystemInit) for SystemInit
    startup_stm32f103xb.o(.text) refers to entry.o(.ARM.Collect$$$$00000000) for __main
    main.o(i.SystemClock_Config) refers to memseta.o(.text) for __aeabi_memclr4
    main.o(i.SystemClock_Config) refers to stm32f1xx_hal_rcc.o(i.HAL_RCC_OscConfig) for HAL_RCC_OscConfig
    main.o(i.SystemClock_Config) refers to main.o(i.Error_Handler) for Error_Handler
    main.o(i.SystemClock_Config) refers to stm32f1xx_hal_rcc.o(i.HAL_RCC_ClockConfig) for HAL_RCC_ClockConfig
    main.o(i.main) refers to stm32f1xx_hal.o(i.HAL_Init) for HAL_Init
    main.o(i.main) refers to main.o(i.SystemClock_Config) for SystemClock_Config
    main.o(i.main) refers to gpio.o(i.MX_GPIO_Init) for MX_GPIO_Init
    main.o(i.main) refers to usart.o(i.MX_USART2_UART_Init) for MX_USART2_UART_Init
    main.o(i.main) refers to tim.o(i.MX_TIM1_Init) for MX_TIM1_Init
    main.o(i.main) refers to tim.o(i.MX_TIM2_Init) for MX_TIM2_Init
    main.o(i.main) refers to tim.o(i.MX_TIM3_Init) for MX_TIM3_Init
    main.o(i.main) refers to tim.o(i.MX_TIM4_Init) for MX_TIM4_Init
    main.o(i.main) refers to spi.o(i.MX_SPI1_Init) for MX_SPI1_Init
    main.o(i.main) refers to i2c.o(i.MX_I2C1_Init) for MX_I2C1_Init
    main.o(i.main) refers to strrchr.o(.text) for strrchr
    main.o(i.main) refers to printf3.o(i.__0printf$3) for __2printf
    main.o(i.main) refers to int_si24r1.o(i.Int_SI24R1_Init) for Int_SI24R1_Init
    main.o(i.main) refers to app_freertos_task.o(i.App_freeRTOS_start) for App_freeRTOS_start
    gpio.o(i.MX_GPIO_Init) refers to stm32f1xx_hal_gpio.o(i.HAL_GPIO_WritePin) for HAL_GPIO_WritePin
    gpio.o(i.MX_GPIO_Init) refers to stm32f1xx_hal_gpio.o(i.HAL_GPIO_Init) for HAL_GPIO_Init
    i2c.o(i.HAL_I2C_MspDeInit) refers to stm32f1xx_hal_gpio.o(i.HAL_GPIO_DeInit) for HAL_GPIO_DeInit
    i2c.o(i.HAL_I2C_MspInit) refers to stm32f1xx_hal_gpio.o(i.HAL_GPIO_Init) for HAL_GPIO_Init
    i2c.o(i.MX_I2C1_Init) refers to stm32f1xx_hal_i2c.o(i.HAL_I2C_Init) for HAL_I2C_Init
    i2c.o(i.MX_I2C1_Init) refers to main.o(i.Error_Handler) for Error_Handler
    i2c.o(i.MX_I2C1_Init) refers to i2c.o(.bss) for hi2c1
    spi.o(i.HAL_SPI_MspDeInit) refers to stm32f1xx_hal_gpio.o(i.HAL_GPIO_DeInit) for HAL_GPIO_DeInit
    spi.o(i.HAL_SPI_MspInit) refers to stm32f1xx_hal_gpio.o(i.HAL_GPIO_Init) for HAL_GPIO_Init
    spi.o(i.MX_SPI1_Init) refers to stm32f1xx_hal_spi.o(i.HAL_SPI_Init) for HAL_SPI_Init
    spi.o(i.MX_SPI1_Init) refers to main.o(i.Error_Handler) for Error_Handler
    spi.o(i.MX_SPI1_Init) refers to spi.o(.bss) for hspi1
    tim.o(i.HAL_TIM_MspPostInit) refers to stm32f1xx_hal_gpio.o(i.HAL_GPIO_Init) for HAL_GPIO_Init
    tim.o(i.MX_TIM1_Init) refers to memseta.o(.text) for __aeabi_memclr4
    tim.o(i.MX_TIM1_Init) refers to stm32f1xx_hal_tim.o(i.HAL_TIM_Base_Init) for HAL_TIM_Base_Init
    tim.o(i.MX_TIM1_Init) refers to main.o(i.Error_Handler) for Error_Handler
    tim.o(i.MX_TIM1_Init) refers to stm32f1xx_hal_tim.o(i.HAL_TIM_ConfigClockSource) for HAL_TIM_ConfigClockSource
    tim.o(i.MX_TIM1_Init) refers to stm32f1xx_hal_tim.o(i.HAL_TIM_PWM_Init) for HAL_TIM_PWM_Init
    tim.o(i.MX_TIM1_Init) refers to stm32f1xx_hal_tim_ex.o(i.HAL_TIMEx_MasterConfigSynchronization) for HAL_TIMEx_MasterConfigSynchronization
    tim.o(i.MX_TIM1_Init) refers to stm32f1xx_hal_tim.o(i.HAL_TIM_PWM_ConfigChannel) for HAL_TIM_PWM_ConfigChannel
    tim.o(i.MX_TIM1_Init) refers to stm32f1xx_hal_tim_ex.o(i.HAL_TIMEx_ConfigBreakDeadTime) for HAL_TIMEx_ConfigBreakDeadTime
    tim.o(i.MX_TIM1_Init) refers to tim.o(i.HAL_TIM_MspPostInit) for HAL_TIM_MspPostInit
    tim.o(i.MX_TIM1_Init) refers to tim.o(.bss) for htim1
    tim.o(i.MX_TIM2_Init) refers to memseta.o(.text) for __aeabi_memclr4
    tim.o(i.MX_TIM2_Init) refers to stm32f1xx_hal_tim.o(i.HAL_TIM_Base_Init) for HAL_TIM_Base_Init
[...]
    ../clib/microlib/printf/printf.c         0x00000000   Number         0  printf1.o ABSOLUTE
    ../clib/microlib/printf/printf.c         0x00000000   Number         0  printfb.o ABSOLUTE
    ../clib/microlib/printf/printf.c         0x00000000   Number         0  printf0.o ABSOLUTE
    ../clib/microlib/printf/printf.c         0x00000000   Number         0  printfa.o ABSOLUTE
    ../clib/microlib/printf/printf.c         0x00000000   Number         0  printf8.o ABSOLUTE
    ../clib/microlib/printf/printf.c         0x00000000   Number         0  printf7.o ABSOLUTE
    ../clib/microlib/printf/printf.c         0x00000000   Number         0  printf6.o ABSOLUTE
    ../clib/microlib/printf/printf.c         0x00000000   Number         0  printf4.o ABSOLUTE
    ../clib/microlib/printf/printf.c         0x00000000   Number         0  printf3.o ABSOLUTE
    ../clib/microlib/printf/printf.c         0x00000000   Number         0  printf5.o ABSOLUTE
    ../clib/microlib/printf/printf.c         0x00000000   Number         0  printf2.o ABSOLUTE
    ../clib/microlib/printf/stubs.s          0x00000000   Number         0  stubs.o ABSOLUTE
    ../clib/microlib/stdio/streams.c         0x00000000   Number         0  stdout.o ABSOLUTE
    ../clib/microlib/string/memcpy.c         0x00000000   Number         0  memcpya.o ABSOLUTE
    ../clib/microlib/string/memcpy.c         0x00000000   Number         0  memcpyb.o ABSOLUTE
    ../clib/microlib/string/memset.c         0x00000000   Number         0  memseta.o ABSOLUTE
    ../clib/microlib/string/strlen.c         0x00000000   Number         0  strlen.o ABSOLUTE
    ../clib/microlib/string/strrchr.c        0x00000000   Number         0  strrchr.o ABSOLUTE
    ../clib/microlib/stubs.s                 0x00000000   Number         0  iusefp.o ABSOLUTE
    ../fplib/microlib/fpadd.c                0x00000000   Number         0  dadd.o ABSOLUTE
    ../fplib/microlib/fpdiv.c                0x00000000   Number         0  ddiv.o ABSOLUTE
    ../fplib/microlib/fpepilogue.c           0x00000000   Number         0  depilogue.o ABSOLUTE
    ../fplib/microlib/fpfix.c                0x00000000   Number         0  dfixul.o ABSOLUTE
    ../fplib/microlib/fpmul.c                0x00000000   Number         0  dmul.o ABSOLUTE
    ..\Core\Src\gpio.c                       0x00000000   Number         0  gpio.o ABSOLUTE
    ..\Core\Src\i2c.c                        0x00000000   Number         0  i2c.o ABSOLUTE
    ..\Core\Src\main.c                       0x00000000   Number         0  main.o ABSOLUTE
    ..\Core\Src\spi.c                        0x00000000   Number         0  spi.o ABSOLUTE
    ..\Core\Src\stm32f1xx_hal_msp.c          0x00000000   Number         0  stm32f1xx_hal_msp.o ABSOLUTE
    ..\Core\Src\stm32f1xx_it.c               0x00000000   Number         0  stm32f1xx_it.o ABSOLUTE
    ..\Core\Src\system_stm32f1xx.c           0x00000000   Number         0  system_stm32f1xx.o ABSOLUTE
    ..\Core\Src\tim.c                        0x00000000   Number         0  tim.o ABSOLUTE
    ..\Core\Src\usart.c                      0x00000000   Number         0  usart.o ABSOLUTE
    ..\Drivers\STM32F1xx_HAL_Driver\Src\stm32f1xx_hal.c 0x00000000   Number         0  stm32f1xx_hal.o ABSOLUTE
    ..\Drivers\STM32F1xx_HAL_Driver\Src\stm32f1xx_hal_cortex.c 0x00000000   Number         0  stm32f1xx_hal_cortex.o ABSOLUTE
    ..\Drivers\STM32F1xx_HAL_Driver\Src\stm32f1xx_hal_dma.c 0x00000000   Number         0  stm32f1xx_hal_dma.o ABSOLUTE
    ..\Drivers\STM32F1xx_HAL_Driver\Src\stm32f1xx_hal_exti.c 0x00000000   Number         0  stm32f1xx_hal_exti.o ABSOLUTE
    ..\Drivers\STM32F1xx_HAL_Driver\Src\stm32f1xx_hal_flash.c 0x00000000   Number         0  stm32f1xx_hal_flash.o ABSOLUTE
    ..\Drivers\STM32F1xx_HAL_Driver\Src\stm32f1xx_hal_flash_ex.c 0x00000000   Number         0  stm32f1xx_hal_flash_ex.o ABSOLUTE
    ..\Drivers\STM32F1xx_HAL_Driver\Src\stm32f1xx_hal_gpio.c 0x00000000   Number         0  stm32f1xx_hal_gpio.o ABSOLUTE
    ..\Drivers\STM32F1xx_HAL_Driver\Src\stm32f1xx_hal_gpio_ex.c 0x00000000   Number         0  stm32f1xx_hal_gpio_ex.o ABSOLUTE
    ..\Drivers\STM32F1xx_HAL_Driver\Src\stm32f1xx_hal_i2c.c 0x00000000   Number         0  stm32f1xx_hal_i2c.o ABSOLUTE
    ..\Drivers\STM32F1xx_HAL_Driver\Src\stm32f1xx_hal_pwr.c 0x00000000   Number         0  stm32f1xx_hal_pwr.o ABSOLUTE
    ..\Drivers\STM32F1xx_HAL_Driver\Src\stm32f1xx_hal_rcc.c 0x00000000   Number         0  stm32f1xx_hal_rcc.o ABSOLUTE
    ..\Drivers\STM32F1xx_HAL_Driver\Src\stm32f1xx_hal_rcc_ex.c 0x00000000   Number         0  stm32f1xx_hal_rcc_ex.o ABSOLUTE
    ..\Drivers\STM32F1xx_HAL_Driver\Src\stm32f1xx_hal_spi.c 0x00000000   Number         0  stm32f1xx_hal_spi.o ABSOLUTE
    ..\Drivers\STM32F1xx_HAL_Driver\Src\stm32f1xx_hal_tim.c 0x00000000   Number         0  stm32f1xx_hal_tim.o ABSOLUTE
    ..\Drivers\STM32F1xx_HAL_Driver\Src\stm32f1xx_hal_tim_ex.c 0x00000000   Number         0  stm32f1xx_hal_tim_ex.o ABSOLUTE
    ..\Drivers\STM32F1xx_HAL_Driver\Src\stm32f1xx_hal_uart.c 0x00000000   Number         0  stm32f1xx_hal_uart.o ABSOLUTE
    Application\App_flight.c                 0x00000000   Number         0  app_flight.o ABSOLUTE
    Application\App_freeRTOS_Task.c          0x00000000   Number         0  app_freertos_task.o ABSOLUTE
    Application\App_receive_data.c           0x00000000   Number         0  app_receive_data.o ABSOLUTE
    Application\\App_flight.c                0x00000000   Number         0  app_flight.o ABSOLUTE
    Application\\App_freeRTOS_Task.c         0x00000000   Number         0  app_freertos_task.o ABSOLUTE
    Application\\App_receive_data.c          0x00000000   Number         0  app_receive_data.o ABSOLUTE
    cdrcmple.s                               0x00000000   Number         0  cdrcmple.o ABSOLUTE
    common\Com_debug.c                       0x00000000   Number         0  com_debug.o ABSOLUTE
    common\\Com_debug.c                      0x00000000   Number         0  com_debug.o ABSOLUTE
    dc.s                                     0x00000000   Number         0  dc.o ABSOLUTE
    freeRTOS\\portable\\port.c               0x00000000   Number         0  port.o ABSOLUTE
    freeRTOS\croutine.c                      0x00000000   Number         0  croutine.o ABSOLUTE
    freeRTOS\event_groups.c                  0x00000000   Number         0  event_groups.o ABSOLUTE
    freeRTOS\list.c                          0x00000000   Number         0  list.o ABSOLUTE
    freeRTOS\portable\heap_4.c               0x00000000   Number         0  heap_4.o ABSOLUTE
    freeRTOS\portable\port.c                 0x00000000   Number         0  port.o ABSOLUTE
    freeRTOS\queue.c                         0x00000000   Number         0  queue.o ABSOLUTE
    freeRTOS\stream_buffer.c                 0x00000000   Number         0  stream_buffer.o ABSOLUTE
    freeRTOS\tasks.c                         0x00000000   Number         0  tasks.o ABSOLUTE
    freeRTOS\timers.c                        0x00000000   Number         0  timers.o ABSOLUTE
    handlers.s                               0x00000000   Number         0  handlers.o ABSOLUTE
    init.s                                   0x00000000   Number         0  init.o ABSOLUTE
    interface\Int_IP5305T.c                  0x00000000   Number         0  int_ip5305t.o ABSOLUTE
    interface\Int_SI24R1.c                   0x00000000   Number         0  int_si24r1.o ABSOLUTE
    interface\Int_led.c                      0x00000000   Number         0  int_led.o ABSOLUTE
    interface\Int_motor.c                    0x00000000   Number         0  int_motor.o ABSOLUTE
    interface\Int_mpu6050.c                  0x00000000   Number         0  int_mpu6050.o ABSOLUTE
    interface\\Int_IP5305T.c                 0x00000000   Number         0  int_ip5305t.o ABSOLUTE
    interface\\Int_SI24R1.c                  0x00000000   Number         0  int_si24r1.o ABSOLUTE
    interface\\Int_led.c                     0x00000000   Number         0  int_led.o ABSOLUTE
    interface\\Int_motor.c                   0x00000000   Number         0  int_motor.o ABSOLUTE
    interface\\Int_mpu6050.c                 0x00000000   Number         0  int_mpu6050.o ABSOLUTE
    startup_stm32f103xb.s                    0x00000000   Number         0  startup_stm32f103xb.o ABSOLUTE
    RESET                                    0x08000000   Section      236  startup_stm32f103xb.o(RESET)
    .ARM.Collect$$$$00000000                 0x080000ec   Section        0  entry.o(.ARM.Collect$$$$00000000)
    .ARM.Collect$$$$00000001                 0x080000ec   Section        4  entry2.o(.ARM.Collect$$$$00000001)
    .ARM.Collect$$$$00000004                 0x080000f0   Section        4  entry5.o(.ARM.Collect$$$$00000004)
    .ARM.Collect$$$$00000008                 0x080000f4   Section        0  entry7b.o(.ARM.Collect$$$$00000008)
    .ARM.Collect$$$$0000000A                 0x080000f4   Section        0  entry8b.o(.ARM.Collect$$$$0000000A)
    .ARM.Collect$$$$0000000B                 0x080000f4   Section        8  entry9a.o(.ARM.Collect$$$$0000000B)
    .ARM.Collect$$$$0000000E                 0x080000fc   Section        4  entry12b.o(.ARM.Collect$$$$0000000E)
    .ARM.Collect$$$$0000000F                 0x08000100   Section        0  entry10a.o(.ARM.Collect$$$$0000000F)
    .ARM.Collect$$$$00000011                 0x08000100   Section        0  entry11a.o(.ARM.Collect$$$$00000011)
    .ARM.Collect$$$$00002712                 0x08000100   Section        4  entry2.o(.ARM.Collect$$$$00002712)
    __lit__00000000                          0x08000100   Data           4  entry2.o(.ARM.Collect$$$$00002712)
    .emb_text                                0x08000104   Section      150  port.o(.emb_text)
    .text                                    0x0800019c   Section       36  startup_stm32f103xb.o(.text)
    .text                                    0x080001c0   Section        0  memseta.o(.text)
    .text                                    0x080001e4   Section        0  strlen.o(.text)
    .text                                    0x080001f2   Section        0  strrchr.o(.text)
    .text                                    0x08000208   Section        0  uidiv.o(.text)
    .text                                    0x08000234   Section       36  init.o(.text)
    i.App_flight_get_euler_angle             0x08000258   Section        0  app_flight.o(i.App_flight_get_euler_angle)
    i.App_freeRTOS_start                     0x08000318   Section        0  app_freertos_task.o(i.App_freeRTOS_start)
    i.App_process_connect_state              0x080003c0   Section        0  app_receive_data.o(i.App_process_connect_state)
    i.App_process_flight_state               0x080003fc   Section        0  app_receive_data.o(i.App_process_flight_state)
    i.App_process_unlock                     0x08000490   Section        0  app_receive_data.o(i.App_process_unlock)
    App_process_unlock                       0x08000491   Thumb Code   182  app_receive_data.o(i.App_process_unlock)
    i.App_receive_data                       0x08000558   Section        0  app_receive_data.o(i.App_receive_data)
    i.BusFault_Handler                       0x08000704   Section        0  stm32f1xx_it.o(i.BusFault_Handler)
    i.DebugMon_Handler                       0x08000708   Section        0  stm32f1xx_it.o(i.DebugMon_Handler)
    i.Error_Handler                          0x0800070a   Section        0  main.o(i.Error_Handler)
    i.HAL_Delay                              0x08000710   Section        0  stm32f1xx_hal.o(i.HAL_Delay)
    i.HAL_GPIO_Init                          0x08000738   Section        0  stm32f1xx_hal_gpio.o(i.HAL_GPIO_Init)
    i.HAL_GPIO_TogglePin                     0x08000a58   Section        0  stm32f1xx_hal_gpio.o(i.HAL_GPIO_TogglePin)
    i.HAL_GPIO_WritePin                      0x08000a6c   Section        0  stm32f1xx_hal_gpio.o(i.HAL_GPIO_WritePin)
    i.HAL_GetTick                            0x08000a78   Section        0  stm32f1xx_hal.o(i.HAL_GetTick)
    i.HAL_I2C_Init                           0x08000a84   Section        0  stm32f1xx_hal_i2c.o(i.HAL_I2C_Init)
    i.HAL_I2C_Mem_Read                       0x08000c54   Section        0  stm32f1xx_hal_i2c.o(i.HAL_I2C_Mem_Read)
    i.HAL_I2C_Mem_Write                      0x08000fc8   Section        0  stm32f1xx_hal_i2c.o(i.HAL_I2C_Mem_Write)
    i.HAL_I2C_MspInit                        0x0800112c   Section        0  i2c.o(i.HAL_I2C_MspInit)
    i.HAL_IncTick                            0x080011a0   Section        0  stm32f1xx_hal.o(i.HAL_IncTick)
    i.HAL_Init                               0x080011b8   Section        0  stm32f1xx_hal.o(i.HAL_Init)
    i.HAL_InitTick                           0x080011e0   Section        0  stm32f1xx_hal.o(i.HAL_InitTick)
    i.HAL_MspInit                            0x0800122c   Section        0  stm32f1xx_hal_msp.o(i.HAL_MspInit)
    i.HAL_NVIC_SetPriority                   0x08001280   Section        0  stm32f1xx_hal_cortex.o(i.HAL_NVIC_SetPriority)
    i.HAL_NVIC_SetPriorityGrouping           0x080012fc   Section        0  stm32f1xx_hal_cortex.o(i.HAL_NVIC_SetPriorityGrouping)
    i.HAL_RCC_ClockConfig                    0x08001324   Section        0  stm32f1xx_hal_rcc.o(i.HAL_RCC_ClockConfig)
    i.HAL_RCC_GetHCLKFreq                    0x080014b0   Section        0  stm32f1xx_hal_rcc.o(i.HAL_RCC_GetHCLKFreq)
    i.HAL_RCC_GetPCLK1Freq                   0x080014bc   Section        0  stm32f1xx_hal_rcc.o(i.HAL_RCC_GetPCLK1Freq)
    i.HAL_RCC_GetPCLK2Freq                   0x080014dc   Section        0  stm32f1xx_hal_rcc.o(i.HAL_RCC_GetPCLK2Freq)
    i.HAL_RCC_GetSysClockFreq                0x080014fc   Section        0  stm32f1xx_hal_rcc.o(i.HAL_RCC_GetSysClockFreq)
    i.HAL_RCC_OscConfig                      0x0800156c   Section        0  stm32f1xx_hal_rcc.o(i.HAL_RCC_OscConfig)
    i.HAL_SPI_Init                           0x080019d0   Section        0  stm32f1xx_hal_spi.o(i.HAL_SPI_Init)
    i.HAL_SPI_MspInit                        0x08001a90   Section        0  spi.o(i.HAL_SPI_MspInit)
    i.HAL_SPI_TransmitReceive                0x08001b14   Section        0  stm32f1xx_hal_spi.o(i.HAL_SPI_TransmitReceive)
    i.HAL_SYSTICK_Config                     0x08001d5c   Section        0  stm32f1xx_hal_cortex.o(i.HAL_SYSTICK_Config)
    i.HAL_TIMEx_ConfigBreakDeadTime          0x08001d90   Section        0  stm32f1xx_hal_tim_ex.o(i.HAL_TIMEx_ConfigBreakDeadTime)
    i.HAL_TIMEx_MasterConfigSynchronization  0x08001e04   Section        0  stm32f1xx_hal_tim_ex.o(i.HAL_TIMEx_MasterConfigSynchronization)
    i.HAL_TIM_Base_Init                      0x08001e88   Section        0  stm32f1xx_hal_tim.o(i.HAL_TIM_Base_Init)
    i.HAL_TIM_Base_MspInit                   0x08001ef0   Section        0  tim.o(i.HAL_TIM_Base_MspInit)
    i.HAL_TIM_ConfigClockSource              0x08001f94   Section        0  stm32f1xx_hal_tim.o(i.HAL_TIM_ConfigClockSource)
    i.HAL_TIM_MspPostInit                    0x080020a0   Section        0  tim.o(i.HAL_TIM_MspPostInit)
    i.HAL_TIM_PWM_ConfigChannel              0x080021c0   Section        0  stm32f1xx_hal_tim.o(i.HAL_TIM_PWM_ConfigChannel)
    i.HAL_TIM_PWM_Init                       0x080022c4   Section        0  stm32f1xx_hal_tim.o(i.HAL_TIM_PWM_Init)
    i.HAL_TIM_PWM_MspInit                    0x0800232a   Section        0  stm32f1xx_hal_tim.o(i.HAL_TIM_PWM_MspInit)
    i.HAL_UART_Init                          0x0800232c   Section        0  stm32f1xx_hal_uart.o(i.HAL_UART_Init)
    i.HAL_UART_MspInit                       0x080023a4   Section        0  usart.o(i.HAL_UART_MspInit)
    i.HAL_UART_Transmit                      0x08002428   Section        0  stm32f1xx_hal_uart.o(i.HAL_UART_Transmit)
    i.HardFault_Handler                      0x080024e6   Section        0  stm32f1xx_it.o(i.HardFault_Handler)
    i.I2C_IsAcknowledgeFailed                0x080024ea   Section        0  stm32f1xx_hal_i2c.o(i.I2C_IsAcknowledgeFailed)
    I2C_IsAcknowledgeFailed                  0x080024eb   Thumb Code    62  stm32f1xx_hal_i2c.o(i.I2C_IsAcknowledgeFailed)
    i.I2C_RequestMemoryRead                  0x08002528   Section        0  stm32f1xx_hal_i2c.o(i.I2C_RequestMemoryRead)
    I2C_RequestMemoryRead                    0x08002529   Thumb Code   348  stm32f1xx_hal_i2c.o(i.I2C_RequestMemoryRead)
    i.I2C_RequestMemoryWrite                 0x08002688   Section        0  stm32f1xx_hal_i2c.o(i.I2C_RequestMemoryWrite)
    I2C_RequestMemoryWrite                   0x08002689   Thumb Code   220  stm32f1xx_hal_i2c.o(i.I2C_RequestMemoryWrite)
    i.I2C_WaitOnBTFFlagUntilTimeout          0x08002768   Section        0  stm32f1xx_hal_i2c.o(i.I2C_WaitOnBTFFlagUntilTimeout)
    I2C_WaitOnBTFFlagUntilTimeout            0x08002769   Thumb Code   102  stm32f1xx_hal_i2c.o(i.I2C_WaitOnBTFFlagUntilTimeout)
    i.I2C_WaitOnFlagUntilTimeout             0x080027ce   Section        0  stm32f1xx_hal_i2c.o(i.I2C_WaitOnFlagUntilTimeout)
    I2C_WaitOnFlagUntilTimeout               0x080027cf   Thumb Code   190  stm32f1xx_hal_i2c.o(i.I2C_WaitOnFlagUntilTimeout)
    i.I2C_WaitOnMasterAddressFlagUntilTimeout 0x0800288c   Section        0  stm32f1xx_hal_i2c.o(i.I2C_WaitOnMasterAddressFlagUntilTimeout)
    I2C_WaitOnMasterAddressFlagUntilTimeout  0x0800288d   Thumb Code   250  stm32f1xx_hal_i2c.o(i.I2C_WaitOnMasterAddressFlagUntilTimeout)
    i.I2C_WaitOnRXNEFlagUntilTimeout         0x08002986   Section        0  stm32f1xx_hal_i2c.o(i.I2C_WaitOnRXNEFlagUntilTimeout)
    I2C_WaitOnRXNEFlagUntilTimeout           0x08002987   Thumb Code   138  stm32f1xx_hal_i2c.o(i.I2C_WaitOnRXNEFlagUntilTimeout)
    i.I2C_WaitOnTXEFlagUntilTimeout          0x08002a10   Section        0  stm32f1xx_hal_i2c.o(i.I2C_WaitOnTXEFlagUntilTimeout)
    I2C_WaitOnTXEFlagUntilTimeout            0x08002a11   Thumb Code   102  stm32f1xx_hal_i2c.o(i.I2C_WaitOnTXEFlagUntilTimeout)
    i.Int_IP5305T_shutdown                   0x08002a78   Section        0  int_ip5305t.o(i.Int_IP5305T_shutdown)
    i.Int_IP5305T_start                      0x08002abc   Section        0  int_ip5305t.o(i.Int_IP5305T_start)
    i.Int_MPU6050_Get_Acc                    0x08002ae0   Section        0  int_mpu6050.o(i.Int_MPU6050_Get_Acc)
    i.Int_MPU6050_Get_Data                   0x08002b6c   Section        0  int_mpu6050.o(i.Int_MPU6050_Get_Data)
    i.Int_MPU6050_Get_Gyro                   0x08002b80   Section        0  int_mpu6050.o(i.Int_MPU6050_Get_Gyro)
    i.Int_MPU6050_Init                       0x08002c0c   Section        0  int_mpu6050.o(i.Int_MPU6050_Init)
    i.Int_MPU6050_Read_Reg                   0x08002c7c   Section        0  int_mpu6050.o(i.Int_MPU6050_Read_Reg)
    i.Int_MPU6050_Write_Reg                  0x08002ca0   Section        0  int_mpu6050.o(i.Int_MPU6050_Write_Reg)
    i.Int_MPU6050_calculate_offset           0x08002cc8   Section        0  int_mpu6050.o(i.Int_MPU6050_calculate_offset)
    i.Int_SI24R1_Check                       0x08002e14   Section        0  int_si24r1.o(i.Int_SI24R1_Check)
    i.Int_SI24R1_Init                        0x08002e5c   Section        0  int_si24r1.o(i.Int_SI24R1_Init)
    i.Int_SI24R1_RX_Mode                     0x08002f1c   Section        0  int_si24r1.o(i.Int_SI24R1_RX_Mode)
    i.Int_SI24R1_Read_Buf                    0x08002f80   Section        0  int_si24r1.o(i.Int_SI24R1_Read_Buf)
    i.Int_SI24R1_Read_Reg                    0x08002fc4   Section        0  int_si24r1.o(i.Int_SI24R1_Read_Reg)
    i.Int_SI24R1_RxPacket                    0x08002ff4   Section        0  int_si24r1.o(i.Int_SI24R1_RxPacket)
    i.Int_SI24R1_Write_Buf                   0x08003028   Section        0  int_si24r1.o(i.Int_SI24R1_Write_Buf)
    i.Int_SI24R1_Write_Reg                   0x0800306c   Section        0  int_si24r1.o(i.Int_SI24R1_Write_Reg)
    i.Int_led_toggle                         0x0800309c   Section        0  int_led.o(i.Int_led_toggle)
    i.Int_led_turn_off                       0x080030aa   Section        0  int_led.o(i.Int_led_turn_off)
    i.Int_led_turn_on                        0x080030ba   Section        0  int_led.o(i.Int_led_turn_on)
    i.MX_GPIO_Init                           0x080030cc   Section        0  gpio.o(i.MX_GPIO_Init)
    i.MX_I2C1_Init                           0x080031ac   Section        0  i2c.o(i.MX_I2C1_Init)
    i.MX_SPI1_Init                           0x080031e8   Section        0  spi.o(i.MX_SPI1_Init)
    i.MX_TIM1_Init                           0x0800322c   Section        0  tim.o(i.MX_TIM1_Init)
    i.MX_TIM2_Init                           0x08003304   Section        0  tim.o(i.MX_TIM2_Init)
    i.MX_TIM3_Init                           0x080033a8   Section        0  tim.o(i.MX_TIM3_Init)
    i.MX_TIM4_Init                           0x0800344c   Section        0  tim.o(i.MX_TIM4_Init)
    i.MX_USART2_UART_Init                    0x080034f0   Section        0  usart.o(i.MX_USART2_UART_Init)
    i.MemManage_Handler                      0x08003528   Section        0  stm32f1xx_it.o(i.MemManage_Handler)
    i.NMI_Handler                            0x0800352c   Section        0  stm32f1xx_it.o(i.NMI_Handler)
    i.RCC_Delay                              0x08003530   Section        0  stm32f1xx_hal_rcc.o(i.RCC_Delay)
    RCC_Delay                                0x08003531   Thumb Code    36  stm32f1xx_hal_rcc.o(i.RCC_Delay)
    i.SPI_EndRxTxTransaction                 0x08003558   Section        0  stm32f1xx_hal_spi.o(i.SPI_EndRxTxTransaction)
    SPI_EndRxTxTransaction                   0x08003559   Thumb Code    68  stm32f1xx_hal_spi.o(i.SPI_EndRxTxTransaction)
    i.SPI_RW                                 0x0800359c   Section        0  int_si24r1.o(i.SPI_RW)
    SPI_RW                                   0x0800359d   Thumb Code    32  int_si24r1.o(i.SPI_RW)
    i.SPI_WaitFlagStateUntilTimeout          0x080035c0   Section        0  stm32f1xx_hal_spi.o(i.SPI_WaitFlagStateUntilTimeout)
    SPI_WaitFlagStateUntilTimeout            0x080035c1   Thumb Code   210  stm32f1xx_hal_spi.o(i.SPI_WaitFlagStateUntilTimeout)
    i.SysTick_Handler                        0x08003698   Section        0  stm32f1xx_it.o(i.SysTick_Handler)
    i.SystemClock_Config                     0x080036ac   Section        0  main.o(i.SystemClock_Config)
    i.SystemInit                             0x08003712   Section        0  system_stm32f1xx.o(i.SystemInit)
    i.TIM_Base_SetConfig                     0x08003714   Section        0  stm32f1xx_hal_tim.o(i.TIM_Base_SetConfig)
    i.TIM_ETR_SetConfig                      0x08003798   Section        0  stm32f1xx_hal_tim.o(i.TIM_ETR_SetConfig)
    i.TIM_ITRx_SetConfig                     0x080037ae   Section        0  stm32f1xx_hal_tim.o(i.TIM_ITRx_SetConfig)
    TIM_ITRx_SetConfig                       0x080037af   Thumb Code    18  stm32f1xx_hal_tim.o(i.TIM_ITRx_SetConfig)
    i.TIM_OC1_SetConfig                      0x080037c0   Section        0  stm32f1xx_hal_tim.o(i.TIM_OC1_SetConfig)
    TIM_OC1_SetConfig                        0x080037c1   Thumb Code    90  stm32f1xx_hal_tim.o(i.TIM_OC1_SetConfig)
    i.TIM_OC2_SetConfig                      0x08003820   Section        0  stm32f1xx_hal_tim.o(i.TIM_OC2_SetConfig)
    i.TIM_OC3_SetConfig                      0x08003888   Section        0  stm32f1xx_hal_tim.o(i.TIM_OC3_SetConfig)
    TIM_OC3_SetConfig                        0x08003889   Thumb Code    98  stm32f1xx_hal_tim.o(i.TIM_OC3_SetConfig)
    i.TIM_OC4_SetConfig                      0x080038f0   Section        0  stm32f1xx_hal_tim.o(i.TIM_OC4_SetConfig)
    TIM_OC4_SetConfig                        0x080038f1   Thumb Code    68  stm32f1xx_hal_tim.o(i.TIM_OC4_SetConfig)
    i.TIM_TI1_ConfigInputStage               0x08003938   Section        0  stm32f1xx_hal_tim.o(i.TIM_TI1_ConfigInputStage)
    TIM_TI1_ConfigInputStage                 0x08003939   Thumb Code    38  stm32f1xx_hal_tim.o(i.TIM_TI1_ConfigInputStage)
    i.TIM_TI2_ConfigInputStage               0x0800395e   Section        0  stm32f1xx_hal_tim.o(i.TIM_TI2_ConfigInputStage)
    TIM_TI2_ConfigInputStage                 0x0800395f   Thumb Code    40  stm32f1xx_hal_tim.o(i.TIM_TI2_ConfigInputStage)
    i.UART_EndRxTransfer                     0x08003986   Section        0  stm32f1xx_hal_uart.o(i.UART_EndRxTransfer)
    UART_EndRxTransfer                       0x08003987   Thumb Code   108  stm32f1xx_hal_uart.o(i.UART_EndRxTransfer)
    i.UART_SetConfig                         0x080039f4   Section        0  stm32f1xx_hal_uart.o(i.UART_SetConfig)
    UART_SetConfig                           0x080039f5   Thumb Code   248  stm32f1xx_hal_uart.o(i.UART_SetConfig)
    i.UART_WaitOnFlagUntilTimeout            0x08003af0   Section        0  stm32f1xx_hal_uart.o(i.UART_WaitOnFlagUntilTimeout)
    UART_WaitOnFlagUntilTimeout              0x08003af1   Thumb Code   140  stm32f1xx_hal_uart.o(i.UART_WaitOnFlagUntilTimeout)
    i.UsageFault_Handler                     0x08003b7c   Section        0  stm32f1xx_it.o(i.UsageFault_Handler)
    i.__0printf$3                            0x08003b80   Section        0  printf3.o(i.__0printf$3)
    i.__NVIC_GetPriorityGrouping             0x08003ba0   Section        0  stm32f1xx_hal_cortex.o(i.__NVIC_GetPriorityGrouping)
    __NVIC_GetPriorityGrouping               0x08003ba1   Thumb Code    10  stm32f1xx_hal_cortex.o(i.__NVIC_GetPriorityGrouping)
    i.__NVIC_SetPriority                     0x08003bb0   Section        0  stm32f1xx_hal_cortex.o(i.__NVIC_SetPriority)
    __NVIC_SetPriority                       0x08003bb1   Thumb Code    32  stm32f1xx_hal_cortex.o(i.__NVIC_SetPriority)
    i.__scatterload_copy                     0x08003bd8   Section       14  handlers.o(i.__scatterload_copy)
    i.__scatterload_null                     0x08003be6   Section        2  handlers.o(i.__scatterload_null)
    i.__scatterload_zeroinit                 0x08003be8   Section       14  handlers.o(i.__scatterload_zeroinit)
    i._printf_core                           0x08003bf8   Section        0  printf3.o(i._printf_core)
    _printf_core                             0x08003bf9   Thumb Code   436  printf3.o(i._printf_core)
    i.com_task                               0x08003db0   Section        0  app_freertos_task.o(i.com_task)
    i.flight_task                            0x08003dfc   Section        0  app_freertos_task.o(i.flight_task)
    i.fputc                                  0x08003e1c   Section        0  com_debug.o(i.fputc)
    i.led_task                               0x08003e38   Section        0  app_freertos_task.o(i.led_task)
    i.main                                   0x08003f0c   Section        0  main.o(i.main)
    i.power_task                             0x08003fd8   Section        0  app_freertos_task.o(i.power_task)
    i.prvAddCurrentTaskToDelayedList         0x08003ffc   Section        0  tasks.o(i.prvAddCurrentTaskToDelayedList)
    prvAddCurrentTaskToDelayedList           0x08003ffd   Thumb Code   164  tasks.o(i.prvAddCurrentTaskToDelayedList)
    i.prvAddNewTaskToReadyList               0x080040bc   Section        0  tasks.o(i.prvAddNewTaskToReadyList)
    prvAddNewTaskToReadyList                 0x080040bd   Thumb Code   200  tasks.o(i.prvAddNewTaskToReadyList)
    i.prvCheckTasksWaitingTermination        0x080041a0   Section        0  tasks.o(i.prvCheckTasksWaitingTermination)
    prvCheckTasksWaitingTermination          0x080041a1   Thumb Code    60  tasks.o(i.prvCheckTasksWaitingTermination)
    i.prvDeleteTCB                           0x080041e8   Section        0  tasks.o(i.prvDeleteTCB)
    prvDeleteTCB                             0x080041e9   Thumb Code    18  tasks.o(i.prvDeleteTCB)
    i.prvHeapInit                            0x080041fc   Section        0  heap_4.o(i.prvHeapInit)
    prvHeapInit                              0x080041fd   Thumb Code    90  heap_4.o(i.prvHeapInit)
    i.prvIdleTask                            0x0800426c   Section        0  tasks.o(i.prvIdleTask)
    prvIdleTask                              0x0800426d   Thumb Code    32  tasks.o(i.prvIdleTask)
    i.prvInitialiseNewTask                   0x08004294   Section        0  tasks.o(i.prvInitialiseNewTask)
    prvInitialiseNewTask                     0x08004295   Thumb Code   122  tasks.o(i.prvInitialiseNewTask)
    i.prvInitialiseTaskLists                 0x08004310   Section        0  tasks.o(i.prvInitialiseTaskLists)
    prvInitialiseTaskLists                   0x08004311   Thumb Code    70  tasks.o(i.prvInitialiseTaskLists)
    i.prvInsertBlockIntoFreeList             0x08004378   Section        0  heap_4.o(i.prvInsertBlockIntoFreeList)
    prvInsertBlockIntoFreeList               0x08004379   Thumb Code    96  heap_4.o(i.prvInsertBlockIntoFreeList)
    i.prvResetNextTaskUnblockTime            0x080043e0   Section        0  tasks.o(i.prvResetNextTaskUnblockTime)
    prvResetNextTaskUnblockTime              0x080043e1   Thumb Code    40  tasks.o(i.prvResetNextTaskUnblockTime)
    i.prvTaskExitError                       0x08004410   Section        0  port.o(i.prvTaskExitError)
    prvTaskExitError                         0x08004411   Thumb Code    22  port.o(i.prvTaskExitError)
    i.pvPortMalloc                           0x08004428   Section        0  heap_4.o(i.pvPortMalloc)
    i.pxPortInitialiseStack                  0x0800450c   Section        0  port.o(i.pxPortInitialiseStack)
    i.ulTaskGenericNotifyTake                0x08004530   Section        0  tasks.o(i.ulTaskGenericNotifyTake)
    i.uxListRemove                           0x080045b8   Section        0  list.o(i.uxListRemove)
    i.vListInitialise                        0x080045e0   Section        0  list.o(i.vListInitialise)
    i.vListInitialiseItem                    0x080045fa   Section        0  list.o(i.vListInitialiseItem)
    i.vListInsert                            0x08004600   Section        0  list.o(i.vListInsert)
    i.vPortEnterCritical                     0x08004634   Section        0  port.o(i.vPortEnterCritical)
    i.vPortExitCritical                      0x08004658   Section        0  port.o(i.vPortExitCritical)
    i.vPortFree                              0x08004678   Section        0  heap_4.o(i.vPortFree)
    i.vPortSetupTimerInterrupt               0x080046c4   Section        0  port.o(i.vPortSetupTimerInterrupt)
    i.vTaskDelay                             0x080046dc   Section        0  tasks.o(i.vTaskDelay)
    i.vTaskStartScheduler                    0x08004710   Section        0  tasks.o(i.vTaskStartScheduler)
    i.vTaskSuspendAll                        0x0800477c   Section        0  tasks.o(i.vTaskSuspendAll)
    i.vTaskSwitchContext                     0x0800478c   Section        0  tasks.o(i.vTaskSwitchContext)
    i.xPortStartScheduler                    0x080047ec   Section        0  port.o(i.xPortStartScheduler)
    i.xPortSysTickHandler                    0x08004820   Section        0  port.o(i.xPortSysTickHandler)
    i.xTaskCreate                            0x08004854   Section        0  tasks.o(i.xTaskCreate)
    i.xTaskDelayUntil                        0x080048bc   Section        0  tasks.o(i.xTaskDelayUntil)
    i.xTaskGenericNotify                     0x08004930   Section        0  tasks.o(i.xTaskGenericNotify)
    i.xTaskGetSchedulerState                 0x08004a7c   Section        0  tasks.o(i.xTaskGetSchedulerState)
    i.xTaskGetTickCount                      0x08004a9c   Section        0  tasks.o(i.xTaskGetTickCount)
    i.xTaskIncrementTick                     0x08004aa8   Section        0  tasks.o(i.xTaskIncrementTick)
    i.xTaskResumeAll                         0x08004c38   Section        0  tasks.o(i.xTaskResumeAll)
    .constdata                               0x08004d94   Section       18  stm32f1xx_hal_rcc.o(.constdata)
    aPLLMULFactorTable                       0x08004d94   Data          16  stm32f1xx_hal_rcc.o(.constdata)
    aPredivFactorTable                       0x08004da4   Data           2  stm32f1xx_hal_rcc.o(.constdata)
    .constdata                               0x08004da6   Section       24  system_stm32f1xx.o(.constdata)
    .data                                    0x20000000   Section        9  stm32f1xx_hal.o(.data)
    .data                                    0x2000000c   Section        4  system_stm32f1xx.o(.data)
    .data                                    0x20000010   Section       64  tasks.o(.data)
    pxDelayedTaskList                        0x20000014   Data           4  tasks.o(.data)
    pxOverflowDelayedTaskList                0x20000018   Data           4  tasks.o(.data)
    uxDeletedTasksWaitingCleanUp             0x2000001c   Data           4  tasks.o(.data)
    uxCurrentNumberOfTasks                   0x20000020   Data           4  tasks.o(.data)
    xTickCount                               0x20000024   Data           4  tasks.o(.data)
    uxTopReadyPriority                       0x20000028   Data           4  tasks.o(.data)
    xSchedulerRunning                        0x2000002c   Data           4  tasks.o(.data)
    xPendedTicks                             0x20000030   Data           4  tasks.o(.data)
    xYieldPending                            0x20000034   Data           4  tasks.o(.data)
    xNumOfOverflows                          0x20000038   Data           4  tasks.o(.data)
    uxTaskNumber                             0x2000003c   Data           4  tasks.o(.data)
    xNextTaskUnblockTime                     0x20000040   Data           4  tasks.o(.data)
    xIdleTaskHandle                          0x20000044   Data           4  tasks.o(.data)
    uxSchedulerSuspended                     0x2000004c   Data           4  tasks.o(.data)
    .data                                    0x20000050   Section       28  heap_4.o(.data)
    xStart                                   0x20000050   Data           8  heap_4.o(.data)
    pxEnd                                    0x20000058   Data           4  heap_4.o(.data)
    xFreeBytesRemaining                      0x2000005c   Data           4  heap_4.o(.data)
    xMinimumEverFreeBytesRemaining           0x20000060   Data           4  heap_4.o(.data)
    xNumberOfSuccessfulAllocations           0x20000064   Data           4  heap_4.o(.data)
    xNumberOfSuccessfulFrees                 0x20000068   Data           4  heap_4.o(.data)
    .data                                    0x2000006c   Section        4  port.o(.data)
    uxCriticalNesting                        0x2000006c   Data           4  port.o(.data)
    .data                                    0x20000070   Section       84  app_freertos_task.o(.data)
    .data                                    0x200000c4   Section       13  app_receive_data.o(.data)
    .data                                    0x200000d1   Section       10  int_si24r1.o(.data)
    .data                                    0x200000dc   Section       24  int_mpu6050.o(.data)
    .data                                    0x200000f4   Section        4  stdout.o(.data)
    .bss                                     0x200000f8   Section       84  i2c.o(.bss)
    .bss                                     0x2000014c   Section       88  spi.o(.bss)
    .bss                                     0x200001a4   Section      288  tim.o(.bss)
    .bss                                     0x200002c4   Section       72  usart.o(.bss)
    .bss                                     0x2000030c   Section      200  tasks.o(.bss)
    pxReadyTasksLists                        0x2000030c   Data         100  tasks.o(.bss)
    xDelayedTaskList1                        0x20000370   Data          20  tasks.o(.bss)
    xDelayedTaskList2                        0x20000384   Data          20  tasks.o(.bss)
    xPendingReadyList                        0x20000398   Data          20  tasks.o(.bss)
    xTasksWaitingTermination                 0x200003ac   Data          20  tasks.o(.bss)
    xSuspendedTaskList                       0x200003c0   Data          20  tasks.o(.bss)
    .bss                                     0x200003d4   Section    12288  heap_4.o(.bss)
    ucHeap                                   0x200003d4   Data       12288  heap_4.o(.bss)
    .bss                                     0x200033d4   Section       10  app_freertos_task.o(.bss)
    .bss                                     0x200033de   Section       17  app_receive_data.o(.bss)
    .bss                                     0x200033f0   Section       12  app_flight.o(.bss)
    STACK                                    0x20003400   Section     1024  startup_stm32f103xb.o(STACK)

    Global Symbols

    Symbol Name                              Value     Ov Type        Size  Object(Section)

    BuildAttributes$$THM_ISAv4$P$D$K$B$S$PE$A:L22UL41UL21$X:L11$S22US41US21$IEEE1$IW$USESV6$~STKCKD$USESV7$~SHL$OSPACE$ROPI$EBA8$MICROLIB$REQ8$PRES8$EABIv2 0x00000000   Number         0  anon$$obj.o ABSOLUTE
    __ARM_use_no_argv                        0x00000000   Number         0  main.o ABSOLUTE
    _printf_a                                0x00000000   Number         0  stubs.o ABSOLUTE
    _printf_c                                0x00000000   Number         0  stubs.o ABSOLUTE
    _printf_charcount                        0x00000000   Number         0  stubs.o ABSOLUTE
    _printf_d                                0x00000000   Number         0  stubs.o ABSOLUTE
    _printf_e                                0x00000000   Number         0  stubs.o ABSOLUTE
    _printf_f                                0x00000000   Number         0  stubs.o ABSOLUTE
    _printf_flags                            0x00000000   Number         0  stubs.o ABSOLUTE
    _printf_fp_dec                           0x00000000   Number         0  stubs.o ABSOLUTE
    _printf_fp_hex                           0x00000000   Number         0  stubs.o ABSOLUTE
    _printf_g                                0x00000000   Number         0  stubs.o ABSOLUTE
    _printf_i                                0x00000000   Number         0  stubs.o ABSOLUTE
    _printf_int_dec                          0x00000000   Number         0  stubs.o ABSOLUTE
    _printf_l                                0x00000000   Number         0  stubs.o ABSOLUTE
    _printf_lc                               0x00000000   Number         0  stubs.o ABSOLUTE
    _printf_ll                               0x00000000   Number         0  stubs.o ABSOLUTE
    _printf_lld                              0x00000000   Number         0  stubs.o ABSOLUTE
    _printf_lli                              0x00000000   Number         0  stubs.o ABSOLUTE
    _printf_llo                              0x00000000   Number         0  stubs.o ABSOLUTE
    _printf_llu                              0x00000000   Number         0  stubs.o ABSOLUTE
    _printf_llx                              0x00000000   Number         0  stubs.o ABSOLUTE
    _printf_longlong_dec                     0x00000000   Number         0  stubs.o ABSOLUTE
    _printf_longlong_hex                     0x00000000   Number         0  stubs.o ABSOLUTE
    _printf_longlong_oct                     0x00000000   Number         0  stubs.o ABSOLUTE
    _printf_ls                               0x00000000   Number         0  stubs.o ABSOLUTE
    _printf_mbtowc                           0x00000000   Number         0  stubs.o ABSOLUTE
    _printf_n                                0x00000000   Number         0  stubs.o ABSOLUTE
    _printf_o                                0x00000000   Number         0  stubs.o ABSOLUTE
    _printf_p                                0x00000000   Number         0  stubs.o ABSOLUTE
    _printf_percent                          0x00000000   Number         0  stubs.o ABSOLUTE
    _printf_pre_padding                      0x00000000   Number         0  stubs.o ABSOLUTE
    _printf_return_value                     0x00000000   Number         0  stubs.o ABSOLUTE
    _printf_s                                0x00000000   Number         0  stubs.o ABSOLUTE
    _printf_sizespec                         0x00000000   Number         0  stubs.o ABSOLUTE
    _printf_str                              0x00000000   Number         0  stubs.o ABSOLUTE
    _printf_truncate_signed                  0x00000000   Number         0  stubs.o ABSOLUTE
    _printf_truncate_unsigned                0x00000000   Number         0  stubs.o ABSOLUTE
    _printf_u                                0x00000000   Number         0  stubs.o ABSOLUTE
    _printf_wc                               0x00000000   Number         0  stubs.o ABSOLUTE
    _printf_wctomb                           0x00000000   Number         0  stubs.o ABSOLUTE
    _printf_widthprec                        0x00000000   Number         0  stubs.o ABSOLUTE
    _printf_x                                0x00000000   Number         0  stubs.o ABSOLUTE
    __arm_fini_                               - Undefined Weak Reference
    __cpp_initialize__aeabi_                  - Undefined Weak Reference
    __cxa_finalize                            - Undefined Weak Reference
    __decompress                              - Undefined Weak Reference
    _clock_init                               - Undefined Weak Reference
    _microlib_exit                            - Undefined Weak Reference
    __Vectors_Size                           0x000000ec   Number         0  startup_stm32f103xb.o ABSOLUTE
    __Vectors                                0x08000000   Data           4  startup_stm32f103xb.o(RESET)
    __Vectors_End                            0x080000ec   Data           0  startup_stm32f103xb.o(RESET)
    __main                                   0x080000ed   Thumb Code     0  entry.o(.ARM.Collect$$$$00000000)
    _main_stk                                0x080000ed   Thumb Code     0  entry2.o(.ARM.Collect$$$$00000001)
    _main_scatterload                        0x080000f1   Thumb Code     0  entry5.o(.ARM.Collect$$$$00000004)
    __main_after_scatterload                 0x080000f5   Thumb Code     0  entry5.o(.ARM.Collect$$$$00000004)
    _main_clock                              0x080000f5   Thumb Code     0  entry7b.o(.ARM.Collect$$$$00000008)
    _main_cpp_init                           0x080000f5   Thumb Code     0  entry8b.o(.ARM.Collect$$$$0000000A)
    _main_init                               0x080000f5   Thumb Code     0  entry9a.o(.ARM.Collect$$$$0000000B)
    __rt_lib_shutdown_fini                   0x080000fd   Thumb Code     0  entry12b.o(.ARM.Collect$$$$0000000E)
    __rt_final_cpp                           0x08000101   Thumb Code     0  entry10a.o(.ARM.Collect$$$$0000000F)
    __rt_final_exit                          0x08000101   Thumb Code     0  entry11a.o(.ARM.Collect$$$$00000011)
    SVC_Handler                              0x08000105   Thumb Code    32  port.o(.emb_text)
    __asm___6_port_c_39a90d8d__prvStartFirstTask 0x08000129   Thumb Code    28  port.o(.emb_text)
    PendSV_Handler                           0x08000149   Thumb Code    72  port.o(.emb_text)
    vPortGetIPSR                             0x08000195   Thumb Code     6  port.o(.emb_text)
    Reset_Handler                            0x0800019d   Thumb Code     8  startup_stm32f103xb.o(.text)
    ADC1_2_IRQHandler                        0x080001b7   Thumb Code     0  startup_stm32f103xb.o(.text)
    CAN1_RX1_IRQHandler                      0x080001b7   Thumb Code     0  startup_stm32f103xb.o(.text)
    CAN1_SCE_IRQHandler                      0x080001b7   Thumb Code     0  startup_stm32f103xb.o(.text)
    DMA1_Channel1_IRQHandler                 0x080001b7   Thumb Code     0  startup_stm32f103xb.o(.text)
    DMA1_Channel2_IRQHandler                 0x080001b7   Thumb Code     0  startup_stm32f103xb.o(.text)
    DMA1_Channel3_IRQHandler                 0x080001b7   Thumb Code     0  startup_stm32f103xb.o(.text)
    DMA1_Channel4_IRQHandler                 0x080001b7   Thumb Code     0  startup_stm32f103xb.o(.text)
    DMA1_Channel5_IRQHandler                 0x080001b7   Thumb Code     0  startup_stm32f103xb.o(.text)
    DMA1_Channel6_IRQHandler                 0x080001b7   Thumb Code     0  startup_stm32f103xb.o(.text)
    DMA1_Channel7_IRQHandler                 0x080001b7   Thumb Code     0  startup_stm32f103xb.o(.text)
    EXTI0_IRQHandler                         0x080001b7   Thumb Code     0  startup_stm32f103xb.o(.text)
    EXTI15_10_IRQHandler                     0x080001b7   Thumb Code     0  startup_stm32f103xb.o(.text)
    EXTI1_IRQHandler                         0x080001b7   Thumb Code     0  startup_stm32f103xb.o(.text)
    EXTI2_IRQHandler                         0x080001b7   Thumb Code     0  startup_stm32f103xb.o(.text)
    EXTI3_IRQHandler                         0x080001b7   Thumb Code     0  startup_stm32f103xb.o(.text)
    EXTI4_IRQHandler                         0x080001b7   Thumb Code     0  startup_stm32f103xb.o(.text)
    EXTI9_5_IRQHandler                       0x080001b7   Thumb Code     0  startup_stm32f103xb.o(.text)
    FLASH_IRQHandler                         0x080001b7   Thumb Code     0  startup_stm32f103xb.o(.text)
    I2C1_ER_IRQHandler                       0x080001b7   Thumb Code     0  startup_stm32f103xb.o(.text)
    I2C1_EV_IRQHandler                       0x080001b7   Thumb Code     0  startup_stm32f103xb.o(.text)
    I2C2_ER_IRQHandler                       0x080001b7   Thumb Code     0  startup_stm32f103xb.o(.text)
    I2C2_EV_IRQHandler                       0x080001b7   Thumb Code     0  startup_stm32f103xb.o(.text)
    PVD_IRQHandler                           0x080001b7   Thumb Code     0  startup_stm32f103xb.o(.text)
    RCC_IRQHandler                           0x080001b7   Thumb Code     0  startup_stm32f103xb.o(.text)
    RTC_Alarm_IRQHandler                     0x080001b7   Thumb Code     0  startup_stm32f103xb.o(.text)
    RTC_IRQHandler                           0x080001b7   Thumb Code     0  startup_stm32f103xb.o(.text)
    SPI1_IRQHandler                          0x080001b7   Thumb Code     0  startup_stm32f103xb.o(.text)
    SPI2_IRQHandler                          0x080001b7   Thumb Code     0  startup_stm32f103xb.o(.text)
    TAMPER_IRQHandler                        0x080001b7   Thumb Code     0  startup_stm32f103xb.o(.text)
    TIM1_BRK_IRQHandler                      0x080001b7   Thumb Code     0  startup_stm32f103xb.o(.text)
    TIM1_CC_IRQHandler                       0x080001b7   Thumb Code     0  startup_stm32f103xb.o(.text)
    TIM1_TRG_COM_IRQHandler                  0x080001b7   Thumb Code     0  startup_stm32f103xb.o(.text)
    TIM1_UP_IRQHandler                       0x080001b7   Thumb Code     0  startup_stm32f103xb.o(.text)
    TIM2_IRQHandler                          0x080001b7   Thumb Code     0  startup_stm32f103xb.o(.text)
    TIM3_IRQHandler                          0x080001b7   Thumb Code     0  startup_stm32f103xb.o(.text)
    TIM4_IRQHandler                          0x080001b7   Thumb Code     0  startup_stm32f103xb.o(.text)
    USART1_IRQHandler                        0x080001b7   Thumb Code     0  startup_stm32f103xb.o(.text)
    USART2_IRQHandler                        0x080001b7   Thumb Code     0  startup_stm32f103xb.o(.text)
    USART3_IRQHandler                        0x080001b7   Thumb Code     0  startup_stm32f103xb.o(.text)
    USBWakeUp_IRQHandler                     0x080001b7   Thumb Code     0  startup_stm32f103xb.o(.text)
    USB_HP_CAN1_TX_IRQHandler                0x080001b7   Thumb Code     0  startup_stm32f103xb.o(.text)
    USB_LP_CAN1_RX0_IRQHandler               0x080001b7   Thumb Code     0  startup_stm32f103xb.o(.text)
    WWDG_IRQHandler                          0x080001b7   Thumb Code     0  startup_stm32f103xb.o(.text)
    __aeabi_memset                           0x080001c1   Thumb Code    14  memseta.o(.text)
    __aeabi_memset4                          0x080001c1   Thumb Code     0  memseta.o(.text)
    __aeabi_memset8                          0x080001c1   Thumb Code     0  memseta.o(.text)
    __aeabi_memclr                           0x080001cf   Thumb Code     4  memseta.o(.text)
    __aeabi_memclr4                          0x080001cf   Thumb Code     0  memseta.o(.text)
    __aeabi_memclr8                          0x080001cf   Thumb Code     0  memseta.o(.text)
    _memset$wrapper                          0x080001d3   Thumb Code    18  memseta.o(.text)
    strlen                                   0x080001e5   Thumb Code    14  strlen.o(.text)
    strrchr                                  0x080001f3   Thumb Code    22  strrchr.o(.text)
    __aeabi_uidiv                            0x08000209   Thumb Code     0  uidiv.o(.text)
    __aeabi_uidivmod                         0x08000209   Thumb Code    44  uidiv.o(.text)
    __scatterload                            0x08000235   Thumb Code    28  init.o(.text)
    __scatterload_rt2                        0x08000235   Thumb Code     0  init.o(.text)
    App_flight_get_euler_angle               0x08000259   Thumb Code   138  app_flight.o(i.App_flight_get_euler_angle)
    App_freeRTOS_start                       0x08000319   Thumb Code    88  app_freertos_task.o(i.App_freeRTOS_start)
    App_process_connect_state                0x080003c1   Thumb Code    50  app_receive_data.o(i.App_process_connect_state)
    App_process_flight_state                 0x080003fd   Thumb Code   132  app_receive_data.o(i.App_process_flight_state)
    App_receive_data                         0x08000559   Thumb Code   356  app_receive_data.o(i.App_receive_data)
    BusFault_Handler                         0x08000705   Thumb Code     4  stm32f1xx_it.o(i.BusFault_Handler)
    DebugMon_Handler                         0x08000709   Thumb Code     2  stm32f1xx_it.o(i.DebugMon_Handler)
    Error_Handler                            0x0800070b   Thumb Code     6  main.o(i.Error_Handler)
    HAL_Delay                                0x08000711   Thumb Code    36  stm32f1xx_hal.o(i.HAL_Delay)
    HAL_GPIO_Init                            0x08000739   Thumb Code   766  stm32f1xx_hal_gpio.o(i.HAL_GPIO_Init)
    HAL_GPIO_TogglePin                       0x08000a59   Thumb Code    20  stm32f1xx_hal_gpio.o(i.HAL_GPIO_TogglePin)
    HAL_GPIO_WritePin                        0x08000a6d   Thumb Code    12  stm32f1xx_hal_gpio.o(i.HAL_GPIO_WritePin)
    HAL_GetTick                              0x08000a79   Thumb Code     6  stm32f1xx_hal.o(i.HAL_GetTick)
    HAL_I2C_Init                             0x08000a85   Thumb Code   446  stm32f1xx_hal_i2c.o(i.HAL_I2C_Init)
    HAL_I2C_Mem_Read                         0x08000c55   Thumb Code   868  stm32f1xx_hal_i2c.o(i.HAL_I2C_Mem_Read)
    HAL_I2C_Mem_Write                        0x08000fc9   Thumb Code   348  stm32f1xx_hal_i2c.o(i.HAL_I2C_Mem_Write)
    HAL_I2C_MspInit                          0x0800112d   Thumb Code   104  i2c.o(i.HAL_I2C_MspInit)
    HAL_IncTick                              0x080011a1   Thumb Code    16  stm32f1xx_hal.o(i.HAL_IncTick)
    HAL_Init                                 0x080011b9   Thumb Code    34  stm32f1xx_hal.o(i.HAL_Init)
    HAL_InitTick                             0x080011e1   Thumb Code    64  stm32f1xx_hal.o(i.HAL_InitTick)
    HAL_MspInit                              0x0800122d   Thumb Code    76  stm32f1xx_hal_msp.o(i.HAL_MspInit)
    HAL_NVIC_SetPriority                     0x08001281   Thumb Code   124  stm32f1xx_hal_cortex.o(i.HAL_NVIC_SetPriority)
    HAL_NVIC_SetPriorityGrouping             0x080012fd   Thumb Code    32  stm32f1xx_hal_cortex.o(i.HAL_NVIC_SetPriorityGrouping)
    HAL_RCC_ClockConfig                      0x08001325   Thumb Code   376  stm32f1xx_hal_rcc.o(i.HAL_RCC_ClockConfig)
    HAL_RCC_GetHCLKFreq                      0x080014b1   Thumb Code     6  stm32f1xx_hal_rcc.o(i.HAL_RCC_GetHCLKFreq)
    HAL_RCC_GetPCLK1Freq                     0x080014bd   Thumb Code    22  stm32f1xx_hal_rcc.o(i.HAL_RCC_GetPCLK1Freq)
    HAL_RCC_GetPCLK2Freq                     0x080014dd   Thumb Code    22  stm32f1xx_hal_rcc.o(i.HAL_RCC_GetPCLK2Freq)
    HAL_RCC_GetSysClockFreq                  0x080014fd   Thumb Code    92  stm32f1xx_hal_rcc.o(i.HAL_RCC_GetSysClockFreq)
    HAL_RCC_OscConfig                        0x0800156d   Thumb Code  1114  stm32f1xx_hal_rcc.o(i.HAL_RCC_OscConfig)
    HAL_SPI_Init                             0x080019d1   Thumb Code   190  stm32f1xx_hal_spi.o(i.HAL_SPI_Init)
    HAL_SPI_MspInit                          0x08001a91   Thumb Code   120  spi.o(i.HAL_SPI_MspInit)
    HAL_SPI_TransmitReceive                  0x08001b15   Thumb Code   584  stm32f1xx_hal_spi.o(i.HAL_SPI_TransmitReceive)
    HAL_SYSTICK_Config                       0x08001d5d   Thumb Code    52  stm32f1xx_hal_cortex.o(i.HAL_SYSTICK_Config)
    HAL_TIMEx_ConfigBreakDeadTime            0x08001d91   Thumb Code   116  stm32f1xx_hal_tim_ex.o(i.HAL_TIMEx_ConfigBreakDeadTime)
    HAL_TIMEx_MasterConfigSynchronization    0x08001e05   Thumb Code   118  stm32f1xx_hal_tim_ex.o(i.HAL_TIMEx_MasterConfigSynchronization)
    HAL_TIM_Base_Init                        0x08001e89   Thumb Code   102  stm32f1xx_hal_tim.o(i.HAL_TIM_Base_Init)
    HAL_TIM_Base_MspInit                     0x08001ef1   Thumb Code   148  tim.o(i.HAL_TIM_Base_MspInit)
    HAL_TIM_ConfigClockSource                0x08001f95   Thumb Code   268  stm32f1xx_hal_tim.o(i.HAL_TIM_ConfigClockSource)
    HAL_TIM_MspPostInit                      0x080020a1   Thumb Code   260  tim.o(i.HAL_TIM_MspPostInit)
    HAL_TIM_PWM_ConfigChannel                0x080021c1   Thumb Code   260  stm32f1xx_hal_tim.o(i.HAL_TIM_PWM_ConfigChannel)
    HAL_TIM_PWM_Init                         0x080022c5   Thumb Code   102  stm32f1xx_hal_tim.o(i.HAL_TIM_PWM_Init)
    HAL_TIM_PWM_MspInit                      0x0800232b   Thumb Code     2  stm32f1xx_hal_tim.o(i.HAL_TIM_PWM_MspInit)
    HAL_UART_Init                            0x0800232d   Thumb Code   118  stm32f1xx_hal_uart.o(i.HAL_UART_Init)
    HAL_UART_MspInit                         0x080023a5   Thumb Code   120  usart.o(i.HAL_UART_MspInit)
    HAL_UART_Transmit                        0x08002429   Thumb Code   190  stm32f1xx_hal_uart.o(i.HAL_UART_Transmit)
    HardFault_Handler                        0x080024e7   Thumb Code     4  stm32f1xx_it.o(i.HardFault_Handler)
    Int_IP5305T_shutdown                     0x08002a79   Thumb Code    62  int_ip5305t.o(i.Int_IP5305T_shutdown)
    Int_IP5305T_start                        0x08002abd   Thumb Code    30  int_ip5305t.o(i.Int_IP5305T_start)
    Int_MPU6050_Get_Acc                      0x08002ae1   Thumb Code   126  int_mpu6050.o(i.Int_MPU6050_Get_Acc)
    Int_MPU6050_Get_Data                     0x08002b6d   Thumb Code    18  int_mpu6050.o(i.Int_MPU6050_Get_Data)
    Int_MPU6050_Get_Gyro                     0x08002b81   Thumb Code   126  int_mpu6050.o(i.Int_MPU6050_Get_Gyro)
    Int_MPU6050_Init                         0x08002c0d   Thumb Code   110  int_mpu6050.o(i.Int_MPU6050_Init)
    Int_MPU6050_Read_Reg                     0x08002c7d   Thumb Code    32  int_mpu6050.o(i.Int_MPU6050_Read_Reg)
    Int_MPU6050_Write_Reg                    0x08002ca1   Thumb Code    36  int_mpu6050.o(i.Int_MPU6050_Write_Reg)
    Int_MPU6050_calculate_offset             0x08002cc9   Thumb Code   306  int_mpu6050.o(i.Int_MPU6050_calculate_offset)
    Int_SI24R1_Check                         0x08002e15   Thumb Code    64  int_si24r1.o(i.Int_SI24R1_Check)
    Int_SI24R1_Init                          0x08002e5d   Thumb Code   136  int_si24r1.o(i.Int_SI24R1_Init)
    Int_SI24R1_RX_Mode                       0x08002f1d   Thumb Code    92  int_si24r1.o(i.Int_SI24R1_RX_Mode)
    Int_SI24R1_Read_Buf                      0x08002f81   Thumb Code    64  int_si24r1.o(i.Int_SI24R1_Read_Buf)
    Int_SI24R1_Read_Reg                      0x08002fc5   Thumb Code    42  int_si24r1.o(i.Int_SI24R1_Read_Reg)
    Int_SI24R1_RxPacket                      0x08002ff5   Thumb Code    52  int_si24r1.o(i.Int_SI24R1_RxPacket)
    Int_SI24R1_Write_Buf                     0x08003029   Thumb Code    64  int_si24r1.o(i.Int_SI24R1_Write_Buf)
    Int_SI24R1_Write_Reg                     0x0800306d   Thumb Code    44  int_si24r1.o(i.Int_SI24R1_Write_Reg)
    Int_led_toggle                           0x0800309d   Thumb Code    14  int_led.o(i.Int_led_toggle)
    Int_led_turn_off                         0x080030ab   Thumb Code    16  int_led.o(i.Int_led_turn_off)
    Int_led_turn_on                          0x080030bb   Thumb Code    16  int_led.o(i.Int_led_turn_on)
    MX_GPIO_Init                             0x080030cd   Thumb Code   212  gpio.o(i.MX_GPIO_Init)
    MX_I2C1_Init                             0x080031ad   Thumb Code    48  i2c.o(i.MX_I2C1_Init)
    MX_SPI1_Init                             0x080031e9   Thumb Code    60  spi.o(i.MX_SPI1_Init)
    MX_TIM1_Init                             0x0800322d   Thumb Code   208  tim.o(i.MX_TIM1_Init)
    MX_TIM2_Init                             0x08003305   Thumb Code   158  tim.o(i.MX_TIM2_Init)
    MX_TIM3_Init                             0x080033a9   Thumb Code   156  tim.o(i.MX_TIM3_Init)
    MX_TIM4_Init                             0x0800344d   Thumb Code   156  tim.o(i.MX_TIM4_Init)
    MX_USART2_UART_Init                      0x080034f1   Thumb Code    46  usart.o(i.MX_USART2_UART_Init)
    MemManage_Handler                        0x08003529   Thumb Code     4  stm32f1xx_it.o(i.MemManage_Handler)
    NMI_Handler                              0x0800352d   Thumb Code     4  stm32f1xx_it.o(i.NMI_Handler)
    SysTick_Handler                          0x08003699   Thumb Code    20  stm32f1xx_it.o(i.SysTick_Handler)
    SystemClock_Config                       0x080036ad   Thumb Code   102  main.o(i.SystemClock_Config)
    SystemInit                               0x08003713   Thumb Code     2  system_stm32f1xx.o(i.SystemInit)
    TIM_Base_SetConfig                       0x08003715   Thumb Code   120  stm32f1xx_hal_tim.o(i.TIM_Base_SetConfig)
    TIM_ETR_SetConfig                        0x08003799   Thumb Code    22  stm32f1xx_hal_tim.o(i.TIM_ETR_SetConfig)
    TIM_OC2_SetConfig                        0x08003821   Thumb Code   100  stm32f1xx_hal_tim.o(i.TIM_OC2_SetConfig)
    UsageFault_Handler                       0x08003b7d   Thumb Code     4  stm32f1xx_it.o(i.UsageFault_Handler)
    __0printf$3                              0x08003b81   Thumb Code    22  printf3.o(i.__0printf$3)
    __1printf$3                              0x08003b81   Thumb Code     0  printf3.o(i.__0printf$3)
    __2printf                                0x08003b81   Thumb Code     0  printf3.o(i.__0printf$3)
    __scatterload_copy                       0x08003bd9   Thumb Code    14  handlers.o(i.__scatterload_copy)
    __scatterload_null                       0x08003be7   Thumb Code     2  handlers.o(i.__scatterload_null)
    __scatterload_zeroinit                   0x08003be9   Thumb Code    14  handlers.o(i.__scatterload_zeroinit)
    com_task                                 0x08003db1   Thumb Code    68  app_freertos_task.o(i.com_task)
    flight_task                              0x08003dfd   Thumb Code    32  app_freertos_task.o(i.flight_task)
    fputc                                    0x08003e1d   Thumb Code    22  com_debug.o(i.fputc)
    led_task                                 0x08003e39   Thumb Code   186  app_freertos_task.o(i.led_task)
    main                                     0x08003f0d   Thumb Code   158  main.o(i.main)
    power_task                               0x08003fd9   Thumb Code    36  app_freertos_task.o(i.power_task)
    pvPortMalloc                             0x08004429   Thumb Code   208  heap_4.o(i.pvPortMalloc)
    pxPortInitialiseStack                    0x0800450d   Thumb Code    30  port.o(i.pxPortInitialiseStack)
    ulTaskGenericNotifyTake                  0x08004531   Thumb Code   128  tasks.o(i.ulTaskGenericNotifyTake)
    uxListRemove                             0x080045b9   Thumb Code    40  list.o(i.uxListRemove)
    vListInitialise                          0x080045e1   Thumb Code    26  list.o(i.vListInitialise)
    vListInitialiseItem                      0x080045fb   Thumb Code     6  list.o(i.vListInitialiseItem)
    vListInsert                              0x08004601   Thumb Code    52  list.o(i.vListInsert)
    vPortEnterCritical                       0x08004635   Thumb Code    30  port.o(i.vPortEnterCritical)
    vPortExitCritical                        0x08004659   Thumb Code    28  port.o(i.vPortExitCritical)
    vPortFree                                0x08004679   Thumb Code    68  heap_4.o(i.vPortFree)
    vPortSetupTimerInterrupt                 0x080046c5   Thumb Code    20  port.o(i.vPortSetupTimerInterrupt)
    vTaskDelay                               0x080046dd   Thumb Code    46  tasks.o(i.vTaskDelay)
    vTaskStartScheduler                      0x08004711   Thumb Code    76  tasks.o(i.vTaskStartScheduler)
    vTaskSuspendAll                          0x0800477d   Thumb Code    12  tasks.o(i.vTaskSuspendAll)
    vTaskSwitchContext                       0x0800478d   Thumb Code    76  tasks.o(i.vTaskSwitchContext)
    xPortStartScheduler                      0x080047ed   Thumb Code    42  port.o(i.xPortStartScheduler)
    xPortSysTickHandler                      0x08004821   Thumb Code    46  port.o(i.xPortSysTickHandler)
    xTaskCreate                              0x08004855   Thumb Code   104  tasks.o(i.xTaskCreate)
    xTaskDelayUntil                          0x080048bd   Thumb Code   108  tasks.o(i.xTaskDelayUntil)
    xTaskGenericNotify                       0x08004931   Thumb Code   314  tasks.o(i.xTaskGenericNotify)
    xTaskGetSchedulerState                   0x08004a7d   Thumb Code    24  tasks.o(i.xTaskGetSchedulerState)
    xTaskGetTickCount                        0x08004a9d   Thumb Code     6  tasks.o(i.xTaskGetTickCount)
    xTaskIncrementTick                       0x08004aa9   Thumb Code   356  tasks.o(i.xTaskIncrementTick)
    xTaskResumeAll                           0x08004c39   Thumb Code   310  tasks.o(i.xTaskResumeAll)
    AHBPrescTable                            0x08004da6   Data          16  system_stm32f1xx.o(.constdata)
    APBPrescTable                            0x08004db6   Data           8  system_stm32f1xx.o(.constdata)
    Region$$Table$$Base                      0x08004dc0   Number         0  anon$$obj.o(Region$$Table)
    Region$$Table$$Limit                     0x08004de0   Number         0  anon$$obj.o(Region$$Table)
    uwTick                                   0x20000000   Data           4  stm32f1xx_hal.o(.data)
    uwTickPrio                               0x20000004   Data           4  stm32f1xx_hal.o(.data)
    uwTickFreq                               0x20000008   Data           1  stm32f1xx_hal.o(.data)
    SystemCoreClock                          0x2000000c   Data           4  system_stm32f1xx.o(.data)
    pxCurrentTCB                             0x20000010   Data           4  tasks.o(.data)
    uxTopUsedPriority                        0x20000048   Data           4  tasks.o(.data)
    left_top_motor                           0x20000070   Data           8  app_freertos_task.o(.data)
    left_bottom_motor                        0x20000078   Data           8  app_freertos_task.o(.data)
    right_top_motor                          0x20000080   Data           8  app_freertos_task.o(.data)
    right_bottom_motor                       0x20000088   Data           8  app_freertos_task.o(.data)
    left_top_led                             0x20000090   Data           8  app_freertos_task.o(.data)
    right_top_led                            0x20000098   Data           8  app_freertos_task.o(.data)
    right_bottom_led                         0x200000a0   Data           8  app_freertos_task.o(.data)
    left_bottom_led                          0x200000a8   Data           8  app_freertos_task.o(.data)
    remote_state                             0x200000b0   Data           1  app_freertos_task.o(.data)
    flight_state                             0x200000b1   Data           1  app_freertos_task.o(.data)
    power_task_handle                        0x200000b4   Data           4  app_freertos_task.o(.data)
    flight_task_handle                       0x200000b8   Data           4  app_freertos_task.o(.data)
    led_task_handle                          0x200000bc   Data           4  app_freertos_task.o(.data)
    com_task_handle                          0x200000c0   Data           4  app_freertos_task.o(.data)
    thr_state                                0x200000c4   Data           1  app_receive_data.o(.data)
    max_enter_time                           0x200000c8   Data           4  app_receive_data.o(.data)
    min_enter_time                           0x200000cc   Data           4  app_receive_data.o(.data)
    retry_count                              0x200000d0   Data           1  app_receive_data.o(.data)
    TX_ADDRESS                               0x200000d1   Data           5  int_si24r1.o(.data)
    si24r1_rx_buff                           0x200000d6   Data           5  int_si24r1.o(.data)
    acc_x_offset                             0x200000dc   Data           4  int_mpu6050.o(.data)
    acc_y_offset                             0x200000e0   Data           4  int_mpu6050.o(.data)
    acc_z_offset                             0x200000e4   Data           4  int_mpu6050.o(.data)
    gyro_x_offset                            0x200000e8   Data           4  int_mpu6050.o(.data)
    gyro_y_offset                            0x200000ec   Data           4  int_mpu6050.o(.data)
    gyro_z_offset                            0x200000f0   Data           4  int_mpu6050.o(.data)
    __stdout                                 0x200000f4   Data           4  stdout.o(.data)
    hi2c1                                    0x200000f8   Data          84  i2c.o(.bss)
    hspi1                                    0x2000014c   Data          88  spi.o(.bss)
    htim1                                    0x200001a4   Data          72  tim.o(.bss)
    htim2                                    0x200001ec   Data          72  tim.o(.bss)
    htim3                                    0x20000234   Data          72  tim.o(.bss)
    htim4                                    0x2000027c   Data          72  tim.o(.bss)
    huart2                                   0x200002c4   Data          72  usart.o(.bss)
    remote_data                              0x200033d4   Data          10  app_freertos_task.o(.bss)
    rx_buff                                  0x200033de   Data          17  app_receive_data.o(.bss)
    gyro_accel_data                          0x200033f0   Data          12  app_flight.o(.bss)
    __initial_sp                             0x20003800   Data           0  startup_stm32f103xb.o(STACK)



==============================================================================

Memory Map of the image

  Image Entry point : 0x080000ed

  Load Region LR_IROM1 (Base: 0x08000000, Size: 0x00004ed8, Max: 0x00010000, ABSOLUTE)

    Execution Region ER_IROM1 (Exec base: 0x08000000, Load base: 0x08000000, Size: 0x00004de0, Max: 0x00010000, ABSOLUTE)

    Exec Addr    Load Addr    Size         Type   Attr      Idx    E Section Name        Object

    0x08000000   0x08000000   0x000000ec   Data   RO            3    RESET               startup_stm32f103xb.o
    0x080000ec   0x080000ec   0x00000000   Code   RO         5058  * .ARM.Collect$$$$00000000  mc_w.l(entry.o)
    0x080000ec   0x080000ec   0x00000004   Code   RO         5334    .ARM.Collect$$$$00000001  mc_w.l(entry2.o)
    0x080000f0   0x080000f0   0x00000004   Code   RO         5337    .ARM.Collect$$$$00000004  mc_w.l(entry5.o)
    0x080000f4   0x080000f4   0x00000000   Code   RO         5339    .ARM.Collect$$$$00000008  mc_w.l(entry7b.o)
    0x080000f4   0x080000f4   0x00000000   Code   RO         5341    .ARM.Collect$$$$0000000A  mc_w.l(entry8b.o)
    0x080000f4   0x080000f4   0x00000008   Code   RO         5342    .ARM.Collect$$$$0000000B  mc_w.l(entry9a.o)
    0x080000fc   0x080000fc   0x00000004   Code   RO         5349    .ARM.Collect$$$$0000000E  mc_w.l(entry12b.o)
    0x08000100   0x08000100   0x00000000   Code   RO         5344    .ARM.Collect$$$$0000000F  mc_w.l(entry10a.o)
    0x08000100   0x08000100   0x00000000   Code   RO         5346    .ARM.Collect$$$$00000011  mc_w.l(entry11a.o)
    0x08000100   0x08000100   0x00000004   Code   RO         5335    .ARM.Collect$$$$00002712  mc_w.l(entry2.o)
    0x08000104   0x08000104   0x00000096   Code   RO         4589    .emb_text           port.o
    0x0800019a   0x0800019a   0x00000002   PAD
    0x0800019c   0x0800019c   0x00000024   Code   RO            4    .text               startup_stm32f103xb.o
    0x080001c0   0x080001c0   0x00000024   Code   RO         5065    .text               mc_w.l(memseta.o)
    0x080001e4   0x080001e4   0x0000000e   Code   RO         5067    .text               mc_w.l(strlen.o)
    0x080001f2   0x080001f2   0x00000016   Code   RO         5069    .text               mc_w.l(strrchr.o)
    0x08000208   0x08000208   0x0000002c   Code   RO         5351    .text               mc_w.l(uidiv.o)
    0x08000234   0x08000234   0x00000024   Code   RO         5366    .text               mc_w.l(init.o)
    0x08000258   0x08000258   0x000000c0   Code   RO         4773    i.App_flight_get_euler_angle  app_flight.o
    0x08000318   0x08000318   0x000000a8   Code   RO         4663    i.App_freeRTOS_start  app_freertos_task.o
    0x080003c0   0x080003c0   0x0000003c   Code   RO         4724    i.App_process_connect_state  app_receive_data.o
    0x080003fc   0x080003fc   0x00000094   Code   RO         4725    i.App_process_flight_state  app_receive_data.o
    0x08000490   0x08000490   0x000000c8   Code   RO         4726    i.App_process_unlock  app_receive_data.o
    0x08000558   0x08000558   0x000001ac   Code   RO         4727    i.App_receive_data  app_receive_data.o
    0x08000704   0x08000704   0x00000004   Code   RO          448    i.BusFault_Handler  stm32f1xx_it.o
    0x08000708   0x08000708   0x00000002   Code   RO          449    i.DebugMon_Handler  stm32f1xx_it.o
    0x0800070a   0x0800070a   0x00000006   Code   RO           13    i.Error_Handler     main.o
    0x08000710   0x08000710   0x00000028   Code   RO         1055    i.HAL_Delay         stm32f1xx_hal.o
    0x08000738   0x08000738   0x00000320   Code   RO         1370    i.HAL_GPIO_Init     stm32f1xx_hal_gpio.o
    0x08000a58   0x08000a58   0x00000014   Code   RO         1373    i.HAL_GPIO_TogglePin  stm32f1xx_hal_gpio.o
    0x08000a6c   0x08000a6c   0x0000000c   Code   RO         1374    i.HAL_GPIO_WritePin  stm32f1xx_hal_gpio.o
    0x08000a78   0x08000a78   0x0000000c   Code   RO         1059    i.HAL_GetTick       stm32f1xx_hal.o
    0x08000a84   0x08000a84   0x000001d0   Code   RO          582    i.HAL_I2C_Init      stm32f1xx_hal_i2c.o
    0x08000c54   0x08000c54   0x00000374   Code   RO          600    i.HAL_I2C_Mem_Read  stm32f1xx_hal_i2c.o
    0x08000fc8   0x08000fc8   0x00000164   Code   RO          603    i.HAL_I2C_Mem_Write  stm32f1xx_hal_i2c.o
    0x0800112c   0x0800112c   0x00000074   Code   RO          257    i.HAL_I2C_MspInit   i2c.o
    0x080011a0   0x080011a0   0x00000018   Code   RO         1065    i.HAL_IncTick       stm32f1xx_hal.o
    0x080011b8   0x080011b8   0x00000028   Code   RO         1066    i.HAL_Init          stm32f1xx_hal.o
    0x080011e0   0x080011e0   0x0000004c   Code   RO         1067    i.HAL_InitTick      stm32f1xx_hal.o
    0x0800122c   0x0800122c   0x00000054   Code   RO          511    i.HAL_MspInit       stm32f1xx_hal_msp.o
    0x08001280   0x08001280   0x0000007c   Code   RO         1536    i.HAL_NVIC_SetPriority  stm32f1xx_hal_cortex.o
    0x080012fc   0x080012fc   0x00000028   Code   RO         1537    i.HAL_NVIC_SetPriorityGrouping  stm32f1xx_hal_cortex.o
    0x08001324   0x08001324   0x0000018c   Code   RO         1223    i.HAL_RCC_ClockConfig  stm32f1xx_hal_rcc.o
    0x080014b0   0x080014b0   0x0000000c   Code   RO         1228    i.HAL_RCC_GetHCLKFreq  stm32f1xx_hal_rcc.o
    0x080014bc   0x080014bc   0x00000020   Code   RO         1230    i.HAL_RCC_GetPCLK1Freq  stm32f1xx_hal_rcc.o
    0x080014dc   0x080014dc   0x00000020   Code   RO         1231    i.HAL_RCC_GetPCLK2Freq  stm32f1xx_hal_rcc.o
    0x080014fc   0x080014fc   0x00000070   Code   RO         1232    i.HAL_RCC_GetSysClockFreq  stm32f1xx_hal_rcc.o
    0x0800156c   0x0800156c   0x00000464   Code   RO         1235    i.HAL_RCC_OscConfig  stm32f1xx_hal_rcc.o
    0x080019d0   0x080019d0   0x000000be   Code   RO         2067    i.HAL_SPI_Init      stm32f1xx_hal_spi.o
    0x08001a8e   0x08001a8e   0x00000002   PAD
    0x08001a90   0x08001a90   0x00000084   Code   RO          299    i.HAL_SPI_MspInit   spi.o
    0x08001b14   0x08001b14   0x00000248   Code   RO         2076    i.HAL_SPI_TransmitReceive  stm32f1xx_hal_spi.o
    0x08001d5c   0x08001d5c   0x00000034   Code   RO         1541    i.HAL_SYSTICK_Config  stm32f1xx_hal_cortex.o
    0x08001d90   0x08001d90   0x00000074   Code   RO         3098    i.HAL_TIMEx_ConfigBreakDeadTime  stm32f1xx_hal_tim_ex.o
    0x08001e04   0x08001e04   0x00000084   Code   RO         3114    i.HAL_TIMEx_MasterConfigSynchronization  stm32f1xx_hal_tim_ex.o
    0x08001e88   0x08001e88   0x00000066   Code   RO         2380    i.HAL_TIM_Base_Init  stm32f1xx_hal_tim.o
    0x08001eee   0x08001eee   0x00000002   PAD
    0x08001ef0   0x08001ef0   0x000000a4   Code   RO          341    i.HAL_TIM_Base_MspInit  tim.o
    0x08001f94   0x08001f94   0x0000010c   Code   RO         2389    i.HAL_TIM_ConfigClockSource  stm32f1xx_hal_tim.o
    0x080020a0   0x080020a0   0x00000120   Code   RO          342    i.HAL_TIM_MspPostInit  tim.o
    0x080021c0   0x080021c0   0x00000104   Code   RO         2452    i.HAL_TIM_PWM_ConfigChannel  stm32f1xx_hal_tim.o
    0x080022c4   0x080022c4   0x00000066   Code   RO         2455    i.HAL_TIM_PWM_Init  stm32f1xx_hal_tim.o
    0x0800232a   0x0800232a   0x00000002   Code   RO         2457    i.HAL_TIM_PWM_MspInit  stm32f1xx_hal_tim.o
    0x0800232c   0x0800232c   0x00000076   Code   RO         3392    i.HAL_UART_Init     stm32f1xx_hal_uart.o
    0x080023a2   0x080023a2   0x00000002   PAD
    0x080023a4   0x080023a4   0x00000084   Code   RO          407    i.HAL_UART_MspInit  usart.o
    0x08002428   0x08002428   0x000000be   Code   RO         3400    i.HAL_UART_Transmit  stm32f1xx_hal_uart.o
    0x080024e6   0x080024e6   0x00000004   Code   RO          450    i.HardFault_Handler  stm32f1xx_it.o
    0x080024ea   0x080024ea   0x0000003e   Code   RO          626    i.I2C_IsAcknowledgeFailed  stm32f1xx_hal_i2c.o
    0x08002528   0x08002528   0x00000160   Code   RO          637    i.I2C_RequestMemoryRead  stm32f1xx_hal_i2c.o
    0x08002688   0x08002688   0x000000e0   Code   RO          638    i.I2C_RequestMemoryWrite  stm32f1xx_hal_i2c.o
    0x08002768   0x08002768   0x00000066   Code   RO          646    i.I2C_WaitOnBTFFlagUntilTimeout  stm32f1xx_hal_i2c.o
    0x080027ce   0x080027ce   0x000000be   Code   RO          647    i.I2C_WaitOnFlagUntilTimeout  stm32f1xx_hal_i2c.o
    0x0800288c   0x0800288c   0x000000fa   Code   RO          648    i.I2C_WaitOnMasterAddressFlagUntilTimeout  stm32f1xx_hal_i2c.o
    0x08002986   0x08002986   0x0000008a   Code   RO          649    i.I2C_WaitOnRXNEFlagUntilTimeout  stm32f1xx_hal_i2c.o
    0x08002a10   0x08002a10   0x00000066   Code   RO          652    i.I2C_WaitOnTXEFlagUntilTimeout  stm32f1xx_hal_i2c.o
    0x08002a76   0x08002a76   0x00000002   PAD
    0x08002a78   0x08002a78   0x00000044   Code   RO         4801    i.Int_IP5305T_shutdown  int_ip5305t.o
    0x08002abc   0x08002abc   0x00000024   Code   RO         4802    i.Int_IP5305T_start  int_ip5305t.o
    0x08002ae0   0x08002ae0   0x0000008c   Code   RO         4995    i.Int_MPU6050_Get_Acc  int_mpu6050.o
    0x08002b6c   0x08002b6c   0x00000012   Code   RO         4996    i.Int_MPU6050_Get_Data  int_mpu6050.o
    0x08002b7e   0x08002b7e   0x00000002   PAD
    0x08002b80   0x08002b80   0x0000008c   Code   RO         4997    i.Int_MPU6050_Get_Gyro  int_mpu6050.o
    0x08002c0c   0x08002c0c   0x0000006e   Code   RO         4998    i.Int_MPU6050_Init  int_mpu6050.o
    0x08002c7a   0x08002c7a   0x00000002   PAD
    0x08002c7c   0x08002c7c   0x00000024   Code   RO         4999    i.Int_MPU6050_Read_Reg  int_mpu6050.o
    0x08002ca0   0x08002ca0   0x00000028   Code   RO         5000    i.Int_MPU6050_Write_Reg  int_mpu6050.o
    0x08002cc8   0x08002cc8   0x0000014c   Code   RO         5001    i.Int_MPU6050_calculate_offset  int_mpu6050.o
    0x08002e14   0x08002e14   0x00000048   Code   RO         4906    i.Int_SI24R1_Check  int_si24r1.o
    0x08002e5c   0x08002e5c   0x000000c0   Code   RO         4907    i.Int_SI24R1_Init   int_si24r1.o
    0x08002f1c   0x08002f1c   0x00000064   Code   RO         4908    i.Int_SI24R1_RX_Mode  int_si24r1.o
    0x08002f80   0x08002f80   0x00000044   Code   RO         4909    i.Int_SI24R1_Read_Buf  int_si24r1.o
    0x08002fc4   0x08002fc4   0x00000030   Code   RO         4910    i.Int_SI24R1_Read_Reg  int_si24r1.o
    0x08002ff4   0x08002ff4   0x00000034   Code   RO         4911    i.Int_SI24R1_RxPacket  int_si24r1.o
    0x08003028   0x08003028   0x00000044   Code   RO         4914    i.Int_SI24R1_Write_Buf  int_si24r1.o
    0x0800306c   0x0800306c   0x00000030   Code   RO         4915    i.Int_SI24R1_Write_Reg  int_si24r1.o
    0x0800309c   0x0800309c   0x0000000e   Code   RO         4867    i.Int_led_toggle    int_led.o
    0x080030aa   0x080030aa   0x00000010   Code   RO         4868    i.Int_led_turn_off  int_led.o
    0x080030ba   0x080030ba   0x00000010   Code   RO         4869    i.Int_led_turn_on   int_led.o
    0x080030ca   0x080030ca   0x00000002   PAD
    0x080030cc   0x080030cc   0x000000e0   Code   RO          232    i.MX_GPIO_Init      gpio.o
    0x080031ac   0x080031ac   0x0000003c   Code   RO          258    i.MX_I2C1_Init      i2c.o
    0x080031e8   0x080031e8   0x00000044   Code   RO          300    i.MX_SPI1_Init      spi.o
    0x0800322c   0x0800322c   0x000000d8   Code   RO          343    i.MX_TIM1_Init      tim.o
    0x08003304   0x08003304   0x000000a4   Code   RO          344    i.MX_TIM2_Init      tim.o
    0x080033a8   0x080033a8   0x000000a4   Code   RO          345    i.MX_TIM3_Init      tim.o
    0x0800344c   0x0800344c   0x000000a4   Code   RO          346    i.MX_TIM4_Init      tim.o
    0x080034f0   0x080034f0   0x00000038   Code   RO          408    i.MX_USART2_UART_Init  usart.o
    0x08003528   0x08003528   0x00000004   Code   RO          451    i.MemManage_Handler  stm32f1xx_it.o
    0x0800352c   0x0800352c   0x00000004   Code   RO          452    i.NMI_Handler       stm32f1xx_it.o
    0x08003530   0x08003530   0x00000028   Code   RO         1236    i.RCC_Delay         stm32f1xx_hal_rcc.o
    0x08003558   0x08003558   0x00000044   Code   RO         2105    i.SPI_EndRxTxTransaction  stm32f1xx_hal_spi.o
    0x0800359c   0x0800359c   0x00000024   Code   RO         4916    i.SPI_RW            int_si24r1.o
    0x080035c0   0x080035c0   0x000000d8   Code   RO         2110    i.SPI_WaitFlagStateUntilTimeout  stm32f1xx_hal_spi.o
    0x08003698   0x08003698   0x00000014   Code   RO          453    i.SysTick_Handler   stm32f1xx_it.o
    0x080036ac   0x080036ac   0x00000066   Code   RO           14    i.SystemClock_Config  main.o
    0x08003712   0x08003712   0x00000002   Code   RO         3736    i.SystemInit        system_stm32f1xx.o
    0x08003714   0x08003714   0x00000084   Code   RO         2473    i.TIM_Base_SetConfig  stm32f1xx_hal_tim.o
    0x08003798   0x08003798   0x00000016   Code   RO         2484    i.TIM_ETR_SetConfig  stm32f1xx_hal_tim.o
    0x080037ae   0x080037ae   0x00000012   Code   RO         2485    i.TIM_ITRx_SetConfig  stm32f1xx_hal_tim.o
    0x080037c0   0x080037c0   0x00000060   Code   RO         2486    i.TIM_OC1_SetConfig  stm32f1xx_hal_tim.o
    0x08003820   0x08003820   0x00000068   Code   RO         2487    i.TIM_OC2_SetConfig  stm32f1xx_hal_tim.o
    0x08003888   0x08003888   0x00000068   Code   RO         2488    i.TIM_OC3_SetConfig  stm32f1xx_hal_tim.o
    0x080038f0   0x080038f0   0x00000048   Code   RO         2489    i.TIM_OC4_SetConfig  stm32f1xx_hal_tim.o
    0x08003938   0x08003938   0x00000026   Code   RO         2491    i.TIM_TI1_ConfigInputStage  stm32f1xx_hal_tim.o
    0x0800395e   0x0800395e   0x00000028   Code   RO         2493    i.TIM_TI2_ConfigInputStage  stm32f1xx_hal_tim.o
    0x08003986   0x08003986   0x0000006c   Code   RO         3415    i.UART_EndRxTransfer  stm32f1xx_hal_uart.o
    0x080039f2   0x080039f2   0x00000002   PAD
    0x080039f4   0x080039f4   0x000000fc   Code   RO         3419    i.UART_SetConfig    stm32f1xx_hal_uart.o
    0x08003af0   0x08003af0   0x0000008c   Code   RO         3423    i.UART_WaitOnFlagUntilTimeout  stm32f1xx_hal_uart.o
    0x08003b7c   0x08003b7c   0x00000004   Code   RO          454    i.UsageFault_Handler  stm32f1xx_it.o
    0x08003b80   0x08003b80   0x00000020   Code   RO         5162    i.__0printf$3       mc_w.l(printf3.o)
    0x08003ba0   0x08003ba0   0x00000010   Code   RO         1543    i.__NVIC_GetPriorityGrouping  stm32f1xx_hal_cortex.o
    0x08003bb0   0x08003bb0   0x00000028   Code   RO         1544    i.__NVIC_SetPriority  stm32f1xx_hal_cortex.o
    0x08003bd8   0x08003bd8   0x0000000e   Code   RO         5376    i.__scatterload_copy  mc_w.l(handlers.o)
    0x08003be6   0x08003be6   0x00000002   Code   RO         5377    i.__scatterload_null  mc_w.l(handlers.o)
    0x08003be8   0x08003be8   0x0000000e   Code   RO         5378    i.__scatterload_zeroinit  mc_w.l(handlers.o)
    0x08003bf6   0x08003bf6   0x00000002   PAD
    0x08003bf8   0x08003bf8   0x000001b8   Code   RO         5169    i._printf_core      mc_w.l(printf3.o)
    0x08003db0   0x08003db0   0x0000004c   Code   RO         4664    i.com_task          app_freertos_task.o
    0x08003dfc   0x08003dfc   0x00000020   Code   RO         4665    i.flight_task       app_freertos_task.o
    0x08003e1c   0x08003e1c   0x0000001c   Code   RO         3772    i.fputc             com_debug.o
    0x08003e38   0x08003e38   0x000000d4   Code   RO         4666    i.led_task          app_freertos_task.o
    0x08003f0c   0x08003f0c   0x000000cc   Code   RO           15    i.main              main.o
    0x08003fd8   0x08003fd8   0x00000024   Code   RO         4667    i.power_task        app_freertos_task.o
    0x08003ffc   0x08003ffc   0x000000c0   Code   RO         4216    i.prvAddCurrentTaskToDelayedList  tasks.o
    0x080040bc   0x080040bc   0x000000e4   Code   RO         4217    i.prvAddNewTaskToReadyList  tasks.o
    0x080041a0   0x080041a0   0x00000048   Code   RO         4218    i.prvCheckTasksWaitingTermination  tasks.o
    0x080041e8   0x080041e8   0x00000012   Code   RO         4219    i.prvDeleteTCB      tasks.o
    0x080041fa   0x080041fa   0x00000002   PAD
    0x080041fc   0x080041fc   0x00000070   Code   RO         4528    i.prvHeapInit       heap_4.o
    0x0800426c   0x0800426c   0x00000028   Code   RO         4220    i.prvIdleTask       tasks.o
    0x08004294   0x08004294   0x0000007a   Code   RO         4221    i.prvInitialiseNewTask  tasks.o
    0x0800430e   0x0800430e   0x00000002   PAD
    0x08004310   0x08004310   0x00000068   Code   RO         4222    i.prvInitialiseTaskLists  tasks.o
    0x08004378   0x08004378   0x00000068   Code   RO         4529    i.prvInsertBlockIntoFreeList  heap_4.o
    0x080043e0   0x080043e0   0x00000030   Code   RO         4223    i.prvResetNextTaskUnblockTime  tasks.o
    0x08004410   0x08004410   0x00000016   Code   RO         4590    i.prvTaskExitError  port.o
    0x08004426   0x08004426   0x00000002   PAD
    0x08004428   0x08004428   0x000000e4   Code   RO         4531    i.pvPortMalloc      heap_4.o
    0x0800450c   0x0800450c   0x00000024   Code   RO         4591    i.pxPortInitialiseStack  port.o
    0x08004530   0x08004530   0x00000088   Code   RO         4225    i.ulTaskGenericNotifyTake  tasks.o
    0x080045b8   0x080045b8   0x00000028   Code   RO         3897    i.uxListRemove      list.o
    0x080045e0   0x080045e0   0x0000001a   Code   RO         3898    i.vListInitialise   list.o
    0x080045fa   0x080045fa   0x00000006   Code   RO         3899    i.vListInitialiseItem  list.o
    0x08004600   0x08004600   0x00000034   Code   RO         3900    i.vListInsert       list.o
    0x08004634   0x08004634   0x00000024   Code   RO         4593    i.vPortEnterCritical  port.o
    0x08004658   0x08004658   0x00000020   Code   RO         4594    i.vPortExitCritical  port.o
    0x08004678   0x08004678   0x0000004c   Code   RO         4532    i.vPortFree         heap_4.o
    0x080046c4   0x080046c4   0x00000018   Code   RO         4595    i.vPortSetupTimerInterrupt  port.o
    0x080046dc   0x080046dc   0x00000034   Code   RO         4231    i.vTaskDelay        tasks.o
    0x08004710   0x08004710   0x0000006c   Code   RO         4243    i.vTaskStartScheduler  tasks.o
    0x0800477c   0x0800477c   0x00000010   Code   RO         4245    i.vTaskSuspendAll   tasks.o
    0x0800478c   0x0800478c   0x00000060   Code   RO         4246    i.vTaskSwitchContext  tasks.o
    0x080047ec   0x080047ec   0x00000034   Code   RO         4596    i.xPortStartScheduler  port.o
    0x08004820   0x08004820   0x00000034   Code   RO         4597    i.xPortSysTickHandler  port.o
    0x08004854   0x08004854   0x00000068   Code   RO         4249    i.xTaskCreate       tasks.o
    0x080048bc   0x080048bc   0x00000074   Code   RO         4250    i.xTaskDelayUntil   tasks.o
    0x08004930   0x08004930   0x0000014c   Code   RO         4251    i.xTaskGenericNotify  tasks.o
    0x08004a7c   0x08004a7c   0x00000020   Code   RO         4256    i.xTaskGetSchedulerState  tasks.o
    0x08004a9c   0x08004a9c   0x0000000c   Code   RO         4257    i.xTaskGetTickCount  tasks.o
    0x08004aa8   0x08004aa8   0x00000190   Code   RO         4259    i.xTaskIncrementTick  tasks.o
    0x08004c38   0x08004c38   0x0000015c   Code   RO         4261    i.xTaskResumeAll    tasks.o
    0x08004d94   0x08004d94   0x00000012   Data   RO         1237    .constdata          stm32f1xx_hal_rcc.o
    0x08004da6   0x08004da6   0x00000018   Data   RO         3737    .constdata          system_stm32f1xx.o
    0x08004dbe   0x08004dbe   0x00000002   PAD
    0x08004dc0   0x08004dc0   0x00000020   Data   RO         5374    Region$$Table       anon$$obj.o


    Execution Region RW_IRAM1 (Exec base: 0x20000000, Load base: 0x08004de0, Size: 0x00003800, Max: 0x00005000, ABSOLUTE)

    Exec Addr    Load Addr    Size         Type   Attr      Idx    E Section Name        Object

    0x20000000   0x08004de0   0x00000009   Data   RW         1073    .data               stm32f1xx_hal.o
    0x20000009   0x08004de9   0x00000003   PAD
    0x2000000c   0x08004dec   0x00000004   Data   RW         3738    .data               system_stm32f1xx.o
    0x20000010   0x08004df0   0x00000040   Data   RW         4264    .data               tasks.o
    0x20000050   0x08004e30   0x0000001c   Data   RW         4538    .data               heap_4.o
    0x2000006c   0x08004e4c   0x00000004   Data   RW         4598    .data               port.o
    0x20000070   0x08004e50   0x00000054   Data   RW         4669    .data               app_freertos_task.o
    0x200000c4   0x08004ea4   0x0000000d   Data   RW         4729    .data               app_receive_data.o
    0x200000d1   0x08004eb1   0x0000000a   Data   RW         4917    .data               int_si24r1.o
    0x200000db   0x08004ebb   0x00000001   PAD
    0x200000dc   0x08004ebc   0x00000018   Data   RW         5002    .data               int_mpu6050.o
    0x200000f4   0x08004ed4   0x00000004   Data   RW         5350    .data               mc_w.l(stdout.o)
    0x200000f8        -       0x00000054   Zero   RW          259    .bss                i2c.o
    0x2000014c        -       0x00000058   Zero   RW          301    .bss                spi.o
    0x200001a4        -       0x00000120   Zero   RW          347    .bss                tim.o
    0x200002c4        -       0x00000048   Zero   RW          409    .bss                usart.o
    0x2000030c        -       0x000000c8   Zero   RW         4263    .bss                tasks.o
    0x200003d4        -       0x00003000   Zero   RW         4537    .bss                heap_4.o
    0x200033d4        -       0x0000000a   Zero   RW         4668    .bss                app_freertos_task.o
    0x200033de        -       0x00000011   Zero   RW         4728    .bss                app_receive_data.o
    0x200033ef   0x08004ed8   0x00000001   PAD
    0x200033f0        -       0x0000000c   Zero   RW         4774    .bss                app_flight.o
    0x200033fc   0x08004ed8   0x00000004   PAD
    0x20003400        -       0x00000400   Zero   RW            1    STACK               startup_stm32f103xb.o


==============================================================================

Image component sizes


      Code (inc. data)   RO Data    RW Data    ZI Data      Debug   Object Name

       192         54          0          0         12        739   app_flight.o
       524        114          0         84         10       3663   app_freertos_task.o
       836        122          0         13         17       3216   app_receive_data.o
        28          6          0          0          0        480   com_debug.o
         0          0          0          0          0       2480   event_groups.o
       224         12          0          0          0        915   gpio.o
       520         58          0         28      12288       4319   heap_4.o
       176         24          0          0         84       1497   i2c.o
       104         12          0          0          0        895   int_ip5305t.o
        46          0          0          0          0       1954   int_led.o
       816         62          0         24          0       4796   int_mpu6050.o
       684         94          0         10          0       5546   int_si24r1.o
       124          0          0          0          0       2393   list.o
       312         46          0          0          0     458688   main.o
       404         48          0          4          0       8536   port.o
       200         20          0          0         88       1525   spi.o
        36          8        236          0       1024        776   startup_stm32f103xb.o
       192         36          0          9          0       5681   stm32f1xx_hal.o
       272         22          0          0          0      28590   stm32f1xx_hal_cortex.o
       832         34          0          0          0       3181   stm32f1xx_hal_gpio.o
      3124         50          0          0          0      11282   stm32f1xx_hal_i2c.o
        84          8          0          0          0        842   stm32f1xx_hal_msp.o
      1748         98         18          0          0       5752   stm32f1xx_hal_rcc.o
      1058          6          0          0          0       4305   stm32f1xx_hal_spi.o
      1360         32          0          0          0      10042   stm32f1xx_hal_tim.o
       248         14          0          0          0       2044   stm32f1xx_hal_tim_ex.o
       808          4          0          0          0       4220   stm32f1xx_hal_uart.o
        42          0          0          0          0       2899   stm32f1xx_it.o
         2          0         24          4          0       1035   system_stm32f1xx.o
      2576        316          0         64        200      28521   tasks.o
      1160         74          0          0        288       4619   tim.o
       188         22          0          0         72       1554   usart.o

    ----------------------------------------------------------------------
     18944       1396        312        244      14088     616985   Object Totals
         0          0         32          0          0          0   (incl. Generated)
        24          0          2          4          5          0   (incl. Padding)

    ----------------------------------------------------------------------

      Code (inc. data)   RO Data    RW Data    ZI Data      Debug   Library Member Name

         0          0          0          0          0          0   entry.o
         0          0          0          0          0          0   entry10a.o
         0          0          0          0          0          0   entry11a.o
         4          0          0          0          0          0   entry12b.o
         8          4          0          0          0          0   entry2.o
         4          0          0          0          0          0   entry5.o
         0          0          0          0          0          0   entry7b.o
         0          0          0          0          0          0   entry8b.o
         8          4          0          0          0          0   entry9a.o
        30          0          0          0          0          0   handlers.o
        36          8          0          0          0         68   init.o
        36          0          0          0          0        108   memseta.o
       472         14          0          0          0        184   printf3.o
         0          0          0          4          0          0   stdout.o
        14          0          0          0          0         68   strlen.o
        22          0          0          0          0         68   strrchr.o
        44          0          0          0          0         80   uidiv.o

    ----------------------------------------------------------------------
       680         30          0          4          0        576   Library Totals
         2          0          0          0          0          0   (incl. Padding)

    ----------------------------------------------------------------------

      Code (inc. data)   RO Data    RW Data    ZI Data      Debug   Library Name

       678         30          0          4          0        576   mc_w.l

    ----------------------------------------------------------------------
       680         30          0          4          0        576   Library Totals

    ----------------------------------------------------------------------

==============================================================================


      Code (inc. data)   RO Data    RW Data    ZI Data      Debug   

     19624       1426        312        248      14088     610069   Grand Totals
     19624       1426        312        248      14088     610069   ELF Image Totals
     19624       1426        312        248          0          0   ROM Totals

==============================================================================

    Total RO  Size (Code + RO Data)                19936 (  19.47kB)
    Total RW  Size (RW Data + ZI Data)             14336 (  14.00kB)
    Total ROM Size (Code + RO Data + RW Data)      20184 (  19.71kB)

==============================================================================

